AppCore.tsx(1,73): error TS1127: Invalid character.
AppCore.tsx(1,74): error TS1435: Unknown keyword or identifier. Did you mean 'import'?
AppCore.tsx(1,99): error TS1434: Unexpected keyword or identifier.
AppCore.tsx(1,111): error TS1127: Invalid character.
AppCore.tsx(1,112): error TS1435: Unknown keyword or identifier. Did you mean 'import'?
AppCore.tsx(1,135): error TS1434: Unexpected keyword or identifier.
AppCore.tsx(1,161): error TS1127: Invalid character.
AppCore.tsx(1,162): error TS1435: Unknown keyword or identifier. Did you mean 'import'?
AppCore.tsx(1,183): error TS1434: Unexpected keyword or identifier.
AppCore.tsx(1,207): error TS1127: Invalid character.
AppCore.tsx(1,208): error TS1435: Unknown keyword or identifier. Did you mean 'import'?
AppCore.tsx(1,216): error TS1434: Unexpected keyword or identifier.
AppCore.tsx(1,231): error TS1434: Unexpected keyword or identifier.
AppCore.tsx(1,266): error TS1127: Invalid character.
AppCore.tsx(1,267): error TS1435: Unknown keyword or identifier. Did you mean 'import'?
AppCore.tsx(1,275): error TS1435: Unknown keyword or identifier. Did you mean 'interface'?
AppCore.tsx(1,289): error TS1434: Unexpected keyword or identifier.
AppCore.tsx(1,323): error TS1127: Invalid character.
AppCore.tsx(1,324): error TS1435: Unknown keyword or identifier. Did you mean 'import'?
AppCore.tsx(1,346): error TS1434: Unexpected keyword or identifier.
AppCore.tsx(1,376): error TS1127: Invalid character.
AppCore.tsx(1,377): error TS1435: Unknown keyword or identifier. Did you mean 'import'?
AppCore.tsx(1,397): error TS1434: Unexpected keyword or identifier.
AppCore.tsx(1,427): error TS1127: Invalid character.
AppCore.tsx(1,428): error TS1435: Unknown keyword or identifier. Did you mean 'import'?
AppCore.tsx(1,448): error TS1434: Unexpected keyword or identifier.
AppCore.tsx(1,478): error TS1127: Invalid character.
AppCore.tsx(1,479): error TS1435: Unknown keyword or identifier. Did you mean 'import'?
AppCore.tsx(1,498): error TS1434: Unexpected keyword or identifier.
AppCore.tsx(1,527): error TS1127: Invalid character.
AppCore.tsx(1,528): error TS1435: Unknown keyword or identifier. Did you mean 'const'?
AppCore.tsx(1,565): error TS1127: Invalid character.
AppCore.tsx(1,569): error TS1005: ',' expected.
AppCore.tsx(1,643): error TS1127: Invalid character.
AppCore.tsx(1,647): error TS1127: Invalid character.
AppCore.tsx(1,648): error TS1435: Unknown keyword or identifier. Did you mean 'const'?
AppCore.tsx(1,683): error TS1127: Invalid character.
AppCore.tsx(1,687): error TS1005: ',' expected.
AppCore.tsx(1,757): error TS1127: Invalid character.
AppCore.tsx(1,761): error TS1127: Invalid character.
AppCore.tsx(1,762): error TS1435: Unknown keyword or identifier. Did you mean 'import'?
AppCore.tsx(1,859): error TS1434: Unexpected keyword or identifier.
AppCore.tsx(1,874): error TS1127: Invalid character.
AppCore.tsx(1,875): error TS1435: Unknown keyword or identifier. Did you mean 'import'?
AppCore.tsx(1,978): error TS1434: Unexpected keyword or identifier.
AppCore.tsx(1,1010): error TS1127: Invalid character.
AppCore.tsx(1,1011): error TS1435: Unknown keyword or identifier. Did you mean 'import'?
AppCore.tsx(1,1079): error TS1434: Unexpected keyword or identifier.
AppCore.tsx(1,1116): error TS1127: Invalid character.
AppCore.tsx(1,1117): error TS1435: Unknown keyword or identifier. Did you mean 'import'?
AppCore.tsx(1,1148): error TS1434: Unexpected keyword or identifier.
AppCore.tsx(1,1186): error TS1127: Invalid character.
AppCore.tsx(1,1187): error TS1435: Unknown keyword or identifier. Did you mean 'import'?
AppCore.tsx(1,1221): error TS1434: Unexpected keyword or identifier.
AppCore.tsx(1,1240): error TS1127: Invalid character.
AppCore.tsx(1,1241): error TS1435: Unknown keyword or identifier. Did you mean 'import'?
AppCore.tsx(1,1271): error TS1434: Unexpected keyword or identifier.
AppCore.tsx(1,1299): error TS1127: Invalid character.
AppCore.tsx(1,1300): error TS1435: Unknown keyword or identifier. Did you mean 'import'?
AppCore.tsx(1,1325): error TS1434: Unexpected keyword or identifier.
AppCore.tsx(1,1356): error TS1127: Invalid character.
AppCore.tsx(1,1357): error TS1435: Unknown keyword or identifier. Did you mean 'import'?
AppCore.tsx(1,1464): error TS1434: Unexpected keyword or identifier.
AppCore.tsx(1,1492): error TS1127: Invalid character.
AppCore.tsx(1,1493): error TS1435: Unknown keyword or identifier. Did you mean 'import'?
AppCore.tsx(1,1541): error TS1434: Unexpected keyword or identifier.
AppCore.tsx(1,1566): error TS1127: Invalid character.
AppCore.tsx(1,1567): error TS1435: Unknown keyword or identifier. Did you mean 'import'?
AppCore.tsx(1,1591): error TS1434: Unexpected keyword or identifier.
AppCore.tsx(1,1619): error TS1127: Invalid character.
AppCore.tsx(1,1621): error TS1127: Invalid character.
AppCore.tsx(1,1622): error TS1435: Unknown keyword or identifier. Did you mean 'const'?
AppCore.tsx(1,1675): error TS1127: Invalid character.
AppCore.tsx(1,1676): error TS1435: Unknown keyword or identifier. Did you mean 'const'?
AppCore.tsx(1,1712): error TS1127: Invalid character.
AppCore.tsx(1,1713): error TS1435: Unknown keyword or identifier. Did you mean 'const'?
AppCore.tsx(1,1735): error TS1127: Invalid character.
AppCore.tsx(1,1737): error TS1127: Invalid character.
AppCore.tsx(1,1738): error TS1435: Unknown keyword or identifier. Did you mean 'interface'?
AppCore.tsx(1,1749): error TS1434: Unexpected keyword or identifier.
AppCore.tsx(1,1761): error TS1127: Invalid character.
AppCore.tsx(1,1762): error TS1434: Unexpected keyword or identifier.
AppCore.tsx(1,1811): error TS1127: Invalid character.
AppCore.tsx(1,1812): error TS1434: Unexpected keyword or identifier.
AppCore.tsx(1,1828): error TS1127: Invalid character.
AppCore.tsx(1,1831): error TS1127: Invalid character.
AppCore.tsx(1,1833): error TS1127: Invalid character.
AppCore.tsx(1,1834): error TS1435: Unknown keyword or identifier. Did you mean 'function'?
AppCore.tsx(1,1868): error TS1005: ',' expected.
AppCore.tsx(1,1896): error TS1005: ';' expected.
AppCore.tsx(1,1898): error TS1434: Unexpected keyword or identifier.
AppCore.tsx(1,1906): error TS1127: Invalid character.
AppCore.tsx(1,1907): error TS1434: Unexpected keyword or identifier.
AppCore.tsx(1,1939): error TS1127: Invalid character.
AppCore.tsx(1,1940): error TS1434: Unexpected keyword or identifier.
AppCore.tsx(1,1961): error TS1127: Invalid character.
AppCore.tsx(1,1977): error TS1127: Invalid character.
AppCore.tsx(1,1978): error TS1127: Invalid character.
AppCore.tsx(1,1986): error TS1005: ',' expected.
AppCore.tsx(1,1988): error TS1127: Invalid character.
AppCore.tsx(1,1989): error TS1127: Invalid character.
AppCore.tsx(1,1993): error TS1109: Expression expected.
AppCore.tsx(1,1994): error TS1003: Identifier expected.
AppCore.tsx(1,1995): error TS1109: Expression expected.
AppCore.tsx(1,1999): error TS1127: Invalid character.
AppCore.tsx(1,2007): error TS1109: Expression expected.
AppCore.tsx(1,2008): error TS1109: Expression expected.
AppCore.tsx(1,2033): error TS1127: Invalid character.
AppCore.tsx(1,2034): error TS1127: Invalid character.
AppCore.tsx(1,2038): error TS1109: Expression expected.
AppCore.tsx(1,2039): error TS1003: Identifier expected.
AppCore.tsx(1,2040): error TS1109: Expression expected.
AppCore.tsx(1,2044): error TS1127: Invalid character.
AppCore.tsx(1,2052): error TS1109: Expression expected.
AppCore.tsx(1,2053): error TS1109: Expression expected.
AppCore.tsx(1,2065): error TS1109: Expression expected.
AppCore.tsx(1,2075): error TS1109: Expression expected.
AppCore.tsx(1,2086): error TS1109: Expression expected.
AppCore.tsx(1,2087): error TS1127: Invalid character.
AppCore.tsx(1,2088): error TS1127: Invalid character.
AppCore.tsx(1,2092): error TS1109: Expression expected.
AppCore.tsx(1,2093): error TS1109: Expression expected.
AppCore.tsx(1,2095): error TS1127: Invalid character.
AppCore.tsx(1,2096): error TS1127: Invalid character.
AppCore.tsx(1,2099): error TS1109: Expression expected.
AppCore.tsx(1,2101): error TS1127: Invalid character.
AppCore.tsx(1,2102): error TS1127: Invalid character.
AppCore.tsx(1,2105): error TS1109: Expression expected.
AppCore.tsx(1,2106): error TS1137: Expression or comma expected.
AppCore.tsx(1,2108): error TS1109: Expression expected.
AppCore.tsx(1,2109): error TS1003: Identifier expected.
AppCore.tsx(1,2110): error TS1109: Expression expected.
AppCore.tsx(1,2114): error TS1127: Invalid character.
AppCore.tsx(1,2122): error TS1109: Expression expected.
AppCore.tsx(1,2123): error TS1109: Expression expected.
AppCore.tsx(1,2129): error TS1127: Invalid character.
AppCore.tsx(1,2130): error TS1127: Invalid character.
AppCore.tsx(1,2134): error TS1109: Expression expected.
AppCore.tsx(1,2135): error TS1109: Expression expected.
AppCore.tsx(1,2140): error TS1127: Invalid character.
AppCore.tsx(1,2141): error TS1127: Invalid character.
AppCore.tsx(1,2144): error TS1109: Expression expected.
AppCore.tsx(1,2146): error TS1109: Expression expected.
AppCore.tsx(1,2147): error TS1003: Identifier expected.
AppCore.tsx(1,2148): error TS1109: Expression expected.
AppCore.tsx(1,2152): error TS1127: Invalid character.
AppCore.tsx(1,2160): error TS1109: Expression expected.
AppCore.tsx(1,2161): error TS1109: Expression expected.
AppCore.tsx(1,2169): error TS1127: Invalid character.
AppCore.tsx(1,2170): error TS1127: Invalid character.
AppCore.tsx(1,2178): error TS1005: ',' expected.
AppCore.tsx(1,2180): error TS1127: Invalid character.
AppCore.tsx(1,2181): error TS1127: Invalid character.
AppCore.tsx(1,2184): error TS1109: Expression expected.
AppCore.tsx(1,2186): error TS1109: Expression expected.
AppCore.tsx(1,2187): error TS1003: Identifier expected.
AppCore.tsx(1,2188): error TS1109: Expression expected.
AppCore.tsx(1,2192): error TS1127: Invalid character.
AppCore.tsx(1,2200): error TS1109: Expression expected.
AppCore.tsx(1,2201): error TS1109: Expression expected.
AppCore.tsx(1,2210): error TS1127: Invalid character.
AppCore.tsx(1,2211): error TS1127: Invalid character.
AppCore.tsx(1,2219): error TS1005: ',' expected.
AppCore.tsx(1,2221): error TS1127: Invalid character.
AppCore.tsx(1,2222): error TS1127: Invalid character.
AppCore.tsx(1,2225): error TS1109: Expression expected.
AppCore.tsx(1,2227): error TS1109: Expression expected.
AppCore.tsx(1,2228): error TS1003: Identifier expected.
AppCore.tsx(1,2229): error TS1109: Expression expected.
AppCore.tsx(1,2233): error TS1127: Invalid character.
AppCore.tsx(1,2239): error TS1127: Invalid character.
AppCore.tsx(1,2240): error TS1434: Unexpected keyword or identifier.
AppCore.tsx(1,2276): error TS1127: Invalid character.
AppCore.tsx(1,2277): error TS1434: Unexpected keyword or identifier.
AppCore.tsx(1,2317): error TS1127: Invalid character.
AppCore.tsx(1,2318): error TS1434: Unexpected keyword or identifier.
AppCore.tsx(1,2347): error TS1127: Invalid character.
AppCore.tsx(1,2348): error TS1434: Unexpected keyword or identifier.
AppCore.tsx(1,2412): error TS1127: Invalid character.
AppCore.tsx(1,2413): error TS1434: Unexpected keyword or identifier.
AppCore.tsx(1,2473): error TS1127: Invalid character.
AppCore.tsx(1,2480): error TS1127: Invalid character.
AppCore.tsx(1,2485): error TS1127: Invalid character.
AppCore.tsx(1,2486): error TS1434: Unexpected keyword or identifier.
AppCore.tsx(1,2532): error TS1127: Invalid character.
AppCore.tsx(1,2535): error TS1127: Invalid character.
AppCore.tsx(1,2537): error TS1127: Invalid character.
AppCore.tsx(1,2538): error TS1435: Unknown keyword or identifier. Did you mean 'function'?
AppCore.tsx(1,2572): error TS1005: ',' expected.
AppCore.tsx(1,2596): error TS1005: ',' expected.
AppCore.tsx(1,2613): error TS1005: ';' expected.
AppCore.tsx(1,2615): error TS1434: Unexpected keyword or identifier.
AppCore.tsx(1,2623): error TS1127: Invalid character.
AppCore.tsx(1,2624): error TS1434: Unexpected keyword or identifier.
AppCore.tsx(1,2666): error TS1127: Invalid character.
AppCore.tsx(1,2667): error TS1434: Unexpected keyword or identifier.
AppCore.tsx(1,2683): error TS1127: Invalid character.
AppCore.tsx(1,2689): error TS1005: ',' expected.
AppCore.tsx(1,2697): error TS1005: ',' expected.
AppCore.tsx(1,2698): error TS1127: Invalid character.
AppCore.tsx(1,2707): error TS1127: Invalid character.
AppCore.tsx(1,2708): error TS1127: Invalid character.
AppCore.tsx(1,2710): error TS1127: Invalid character.
AppCore.tsx(1,2711): error TS1127: Invalid character.
AppCore.tsx(1,2718): error TS1005: ',' expected.
AppCore.tsx(1,2720): error TS1127: Invalid character.
AppCore.tsx(1,2721): error TS1127: Invalid character.
AppCore.tsx(1,2724): error TS1109: Expression expected.
AppCore.tsx(1,2725): error TS1137: Expression or comma expected.
AppCore.tsx(1,2728): error TS1127: Invalid character.
AppCore.tsx(1,2729): error TS1127: Invalid character.
AppCore.tsx(1,2732): error TS1109: Expression expected.
AppCore.tsx(1,2733): error TS1005: ',' expected.
AppCore.tsx(1,2736): error TS1127: Invalid character.
AppCore.tsx(1,2737): error TS1127: Invalid character.
AppCore.tsx(1,2740): error TS1109: Expression expected.
AppCore.tsx(1,2741): error TS1005: ',' expected.
AppCore.tsx(1,2744): error TS1127: Invalid character.
AppCore.tsx(1,2745): error TS1127: Invalid character.
AppCore.tsx(1,2748): error TS1109: Expression expected.
AppCore.tsx(1,2749): error TS1005: ',' expected.
AppCore.tsx(1,2752): error TS1127: Invalid character.
AppCore.tsx(1,2753): error TS1127: Invalid character.
AppCore.tsx(1,2756): error TS1109: Expression expected.
AppCore.tsx(1,2757): error TS1005: ',' expected.
AppCore.tsx(1,2760): error TS1127: Invalid character.
AppCore.tsx(1,2761): error TS1127: Invalid character.
AppCore.tsx(1,2764): error TS1109: Expression expected.
AppCore.tsx(1,2765): error TS1127: Invalid character.
AppCore.tsx(1,2766): error TS1127: Invalid character.
AppCore.tsx(1,2768): error TS1127: Invalid character.
AppCore.tsx(1,2769): error TS1127: Invalid character.
AppCore.tsx(1,2774): error TS1127: Invalid character.
AppCore.tsx(1,2808): error TS1005: ';' expected.
AppCore.tsx(1,2812): error TS1127: Invalid character.
AppCore.tsx(1,2813): error TS1434: Unexpected keyword or identifier.
AppCore.tsx(1,2848): error TS1127: Invalid character.
AppCore.tsx(1,2849): error TS1434: Unexpected keyword or identifier.
AppCore.tsx(1,2926): error TS1127: Invalid character.
AppCore.tsx(1,2927): error TS1434: Unexpected keyword or identifier.
AppCore.tsx(1,3006): error TS1127: Invalid character.
AppCore.tsx(1,3007): error TS1434: Unexpected keyword or identifier.
AppCore.tsx(1,3090): error TS1127: Invalid character.
AppCore.tsx(1,3091): error TS1434: Unexpected keyword or identifier.
AppCore.tsx(1,3218): error TS1127: Invalid character.
AppCore.tsx(1,3219): error TS1434: Unexpected keyword or identifier.
AppCore.tsx(1,4027): error TS1127: Invalid character.
AppCore.tsx(1,4036): error TS1127: Invalid character.
AppCore.tsx(1,4037): error TS1434: Unexpected keyword or identifier.
AppCore.tsx(1,4042): error TS1128: Declaration or statement expected.
AppCore.tsx(1,4043): error TS1127: Invalid character.
AppCore.tsx(1,4105): error TS1127: Invalid character.
AppCore.tsx(1,4151): error TS1127: Invalid character.
AppCore.tsx(1,4196): error TS1127: Invalid character.
AppCore.tsx(1,4240): error TS1127: Invalid character.
AppCore.tsx(1,4283): error TS1127: Invalid character.
AppCore.tsx(1,4357): error TS1127: Invalid character.
AppCore.tsx(1,4416): error TS1127: Invalid character.
AppCore.tsx(1,4461): error TS1127: Invalid character.
AppCore.tsx(1,4532): error TS1127: Invalid character.
AppCore.tsx(1,4533): error TS1434: Unexpected keyword or identifier.
AppCore.tsx(1,4637): error TS1127: Invalid character.
AppCore.tsx(1,4638): error TS1434: Unexpected keyword or identifier.
AppCore.tsx(1,4706): error TS1127: Invalid character.
AppCore.tsx(1,4715): error TS1127: Invalid character.
AppCore.tsx(1,4716): error TS1434: Unexpected keyword or identifier.
AppCore.tsx(1,4832): error TS1127: Invalid character.
AppCore.tsx(1,4840): error TS1127: Invalid character.
AppCore.tsx(1,4988): error TS1127: Invalid character.
AppCore.tsx(1,5038): error TS1127: Invalid character.
AppCore.tsx(1,5087): error TS1127: Invalid character.
AppCore.tsx(1,5123): error TS1127: Invalid character.
AppCore.tsx(1,5153): error TS1127: Invalid character.
AppCore.tsx(1,5189): error TS1127: Invalid character.
AppCore.tsx(1,5224): error TS1127: Invalid character.
AppCore.tsx(1,5225): error TS1434: Unexpected keyword or identifier.
AppCore.tsx(1,5272): error TS1109: Expression expected.
AppCore.tsx(1,5273): error TS1109: Expression expected.
AppCore.tsx(1,5274): error TS1127: Invalid character.
AppCore.tsx(1,5275): error TS1127: Invalid character.
AppCore.tsx(1,5293): error TS1127: Invalid character.
AppCore.tsx(1,5298): error TS1382: Unexpected token. Did you mean `{'>'}` or `&gt;`?
AppCore.tsx(1,5370): error TS1127: Invalid character.
AppCore.tsx(1,5383): error TS1382: Unexpected token. Did you mean `{'>'}` or `&gt;`?
AppCore.tsx(1,5413): error TS1127: Invalid character.
AppCore.tsx(1,5426): error TS1382: Unexpected token. Did you mean `{'>'}` or `&gt;`?
AppCore.tsx(1,5442): error TS1382: Unexpected token. Did you mean `{'>'}` or `&gt;`?
AppCore.tsx(1,5445): error TS1127: Invalid character.
AppCore.tsx(1,5483): error TS1127: Invalid character.
AppCore.tsx(1,5497): error TS1382: Unexpected token. Did you mean `{'>'}` or `&gt;`?
AppCore.tsx(1,5566): error TS1381: Unexpected token. Did you mean `{'}'}` or `&rbrace;`?
AppCore.tsx(1,5602): error TS1127: Invalid character.
AppCore.tsx(1,5606): error TS1382: Unexpected token. Did you mean `{'>'}` or `&gt;`?
AppCore.tsx(1,5661): error TS1382: Unexpected token. Did you mean `{'>'}` or `&gt;`?
AppCore.tsx(1,5742): error TS1381: Unexpected token. Did you mean `{'}'}` or `&rbrace;`?
AppCore.tsx(1,5802): error TS1005: '}' expected.
AppCore.tsx(1,5854): error TS1381: Unexpected token. Did you mean `{'}'}` or `&rbrace;`?
AppCore.tsx(1,5857): error TS1127: Invalid character.
AppCore.tsx(1,5907): error TS1382: Unexpected token. Did you mean `{'>'}` or `&gt;`?
AppCore.tsx(1,5910): error TS1127: Invalid character.
AppCore.tsx(1,6183): error TS1382: Unexpected token. Did you mean `{'>'}` or `&gt;`?
AppCore.tsx(1,6192): error TS1381: Unexpected token. Did you mean `{'}'}` or `&rbrace;`?
AppCore.tsx(1,6242): error TS1005: '}' expected.
AppCore.tsx(1,6275): error TS1381: Unexpected token. Did you mean `{'}'}` or `&rbrace;`?
AppCore.tsx(1,6565): error TS1382: Unexpected token. Did you mean `{'>'}` or `&gt;`?
AppCore.tsx(1,6569): error TS1109: Expression expected.
AppCore.tsx(1,6591): error TS1382: Unexpected token. Did you mean `{'>'}` or `&gt;`?
AppCore.tsx(1,6635): error TS1381: Unexpected token. Did you mean `{'}'}` or `&rbrace;`?
AppCore.tsx(1,6680): error TS1003: Identifier expected.
AppCore.tsx(1,6688): error TS1127: Invalid character.
AppCore.tsx(1,6910): error TS1382: Unexpected token. Did you mean `{'>'}` or `&gt;`?
AppCore.tsx(1,6922): error TS1127: Invalid character.
AppCore.tsx(1,7126): error TS1005: '}' expected.
AppCore.tsx(1,7135): error TS1381: Unexpected token. Did you mean `{'}'}` or `&rbrace;`?
AppCore.tsx(1,7142): error TS1381: Unexpected token. Did you mean `{'}'}` or `&rbrace;`?
AppCore.tsx(1,7168): error TS1382: Unexpected token. Did you mean `{'>'}` or `&gt;`?
AppCore.tsx(1,7175): error TS1127: Invalid character.
AppCore.tsx(1,7481): error TS1382: Unexpected token. Did you mean `{'>'}` or `&gt;`?
AppCore.tsx(1,7485): error TS1109: Expression expected.
AppCore.tsx(1,7507): error TS1382: Unexpected token. Did you mean `{'>'}` or `&gt;`?
AppCore.tsx(1,7551): error TS1381: Unexpected token. Did you mean `{'}'}` or `&rbrace;`?
AppCore.tsx(1,7560): error TS1381: Unexpected token. Did you mean `{'}'}` or `&rbrace;`?
AppCore.tsx(1,7565): error TS1381: Unexpected token. Did you mean `{'}'}` or `&rbrace;`?
AppCore.tsx(1,7583): error TS1005: '}' expected.
AppCore.tsx(1,7629): error TS1381: Unexpected token. Did you mean `{'}'}` or `&rbrace;`?
AppCore.tsx(1,7633): error TS1381: Unexpected token. Did you mean `{'}'}` or `&rbrace;`?
AppCore.tsx(1,7698): error TS1127: Invalid character.
AppCore.tsx(1,7724): error TS1003: Identifier expected.
AppCore.tsx(1,7813): error TS1005: '}' expected.
AppCore.tsx(1,7925): error TS1381: Unexpected token. Did you mean `{'}'}` or `&rbrace;`?
AppCore.tsx(1,7940): error TS1005: '}' expected.
AppCore.tsx(1,8018): error TS1381: Unexpected token. Did you mean `{'}'}` or `&rbrace;`?
AppCore.tsx(1,8033): error TS1005: '}' expected.
AppCore.tsx(1,8133): error TS1381: Unexpected token. Did you mean `{'}'}` or `&rbrace;`?
AppCore.tsx(1,8148): error TS1005: '}' expected.
AppCore.tsx(1,8252): error TS1381: Unexpected token. Did you mean `{'}'}` or `&rbrace;`?
AppCore.tsx(1,8267): error TS1005: '}' expected.
AppCore.tsx(1,8354): error TS1381: Unexpected token. Did you mean `{'}'}` or `&rbrace;`?
AppCore.tsx(1,8437): error TS1003: Identifier expected.
AppCore.tsx(1,8445): error TS1127: Invalid character.
AppCore.tsx(1,8529): error TS1127: Invalid character.
AppCore.tsx(1,8902): error TS1382: Unexpected token. Did you mean `{'>'}` or `&gt;`?
AppCore.tsx(1,8929): error TS1382: Unexpected token. Did you mean `{'>'}` or `&gt;`?
AppCore.tsx(1,8935): error TS1127: Invalid character.
AppCore.tsx(1,9084): error TS1127: Invalid character.
AppCore.tsx(1,9279): error TS1381: Unexpected token. Did you mean `{'}'}` or `&rbrace;`?
AppCore.tsx(1,9288): error TS1381: Unexpected token. Did you mean `{'}'}` or `&rbrace;`?
AppCore.tsx(1,9295): error TS1381: Unexpected token. Did you mean `{'}'}` or `&rbrace;`?
AppCore.tsx(1,9300): error TS1381: Unexpected token. Did you mean `{'}'}` or `&rbrace;`?
AppCore.tsx(1,9424): error TS1382: Unexpected token. Did you mean `{'>'}` or `&gt;`?
AppCore.tsx(1,9641): error TS1382: Unexpected token. Did you mean `{'>'}` or `&gt;`?
AppCore.tsx(1,9685): error TS1381: Unexpected token. Did you mean `{'}'}` or `&rbrace;`?
AppCore.tsx(1,9756): error TS1127: Invalid character.
AppCore.tsx(1,10023): error TS1127: Invalid character.
AppCore.tsx(1,10032): error TS1382: Unexpected token. Did you mean `{'>'}` or `&gt;`?
AppCore.tsx(1,10107): error TS1005: '}' expected.
AppCore.tsx(1,10176): error TS1381: Unexpected token. Did you mean `{'}'}` or `&rbrace;`?
AppCore.tsx(1,10209): error TS1005: '}' expected.
AppCore.tsx(1,10252): error TS1381: Unexpected token. Did you mean `{'}'}` or `&rbrace;`?
AppCore.tsx(1,10272): error TS1005: '}' expected.
AppCore.tsx(1,10311): error TS1381: Unexpected token. Did you mean `{'}'}` or `&rbrace;`?
AppCore.tsx(1,10339): error TS1005: '}' expected.
AppCore.tsx(1,10347): error TS1381: Unexpected token. Did you mean `{'}'}` or `&rbrace;`?
AppCore.tsx(1,10367): error TS1005: '}' expected.
AppCore.tsx(1,10374): error TS1381: Unexpected token. Did you mean `{'}'}` or `&rbrace;`?
AppCore.tsx(1,10409): error TS1005: '}' expected.
AppCore.tsx(1,10498): error TS1381: Unexpected token. Did you mean `{'}'}` or `&rbrace;`?
AppCore.tsx(1,10538): error TS1005: '}' expected.
AppCore.tsx(1,10596): error TS1381: Unexpected token. Did you mean `{'}'}` or `&rbrace;`?
AppCore.tsx(1,10634): error TS1005: '}' expected.
AppCore.tsx(1,10662): error TS1381: Unexpected token. Did you mean `{'}'}` or `&rbrace;`?
AppCore.tsx(1,10722): error TS1127: Invalid character.
AppCore.tsx(1,10798): error TS1382: Unexpected token. Did you mean `{'>'}` or `&gt;`?
AppCore.tsx(1,10809): error TS17002: Expected corresponding JSX closing tag for 'body'.
AppCore.tsx(1,10812): error TS1127: Invalid character.
AppCore.tsx(1,10860): error TS1127: Invalid character.
AppCore.tsx(1,10960): error TS1382: Unexpected token. Did you mean `{'>'}` or `&gt;`?
AppCore.tsx(1,11010): error TS17002: Expected corresponding JSX closing tag for 'br'.
AppCore.tsx(1,11012): error TS1127: Invalid character.
AppCore.tsx(1,11020): error TS17002: Expected corresponding JSX closing tag for 'html'.
AppCore.tsx(1,11025): error TS1127: Invalid character.
AppCore.tsx(1,11033): error TS17002: Expected corresponding JSX closing tag for 'hr'.
AppCore.tsx(1,11038): error TS1127: Invalid character.
AppCore.tsx(1,11046): error TS1381: Unexpected token. Did you mean `{'}'}` or `&rbrace;`?
AppCore.tsx(1,11083): error TS1382: Unexpected token. Did you mean `{'>'}` or `&gt;`?
AppCore.tsx(1,11086): error TS1127: Invalid character.
AppCore.tsx(1,11414): error TS1003: Identifier expected.
AppCore.tsx(1,11416): error TS1382: Unexpected token. Did you mean `{'>'}` or `&gt;`?
AppCore.tsx(1,11490): error TS1003: Identifier expected.
AppCore.tsx(1,11496): error TS1382: Unexpected token. Did you mean `{'>'}` or `&gt;`?
AppCore.tsx(1,11546): error TS1003: Identifier expected.
AppCore.tsx(1,11548): error TS1382: Unexpected token. Did you mean `{'>'}` or `&gt;`?
AppCore.tsx(1,11907): error TS1003: Identifier expected.
AppCore.tsx(1,11909): error TS1382: Unexpected token. Did you mean `{'>'}` or `&gt;`?
AppCore.tsx(1,12030): error TS1382: Unexpected token. Did you mean `{'>'}` or `&gt;`?
AppCore.tsx(1,12321): error TS1003: Identifier expected.
AppCore.tsx(1,12349): error TS1382: Unexpected token. Did you mean `{'>'}` or `&gt;`?
AppCore.tsx(1,12412): error TS1003: Identifier expected.
AppCore.tsx(1,12452): error TS1382: Unexpected token. Did you mean `{'>'}` or `&gt;`?
AppCore.tsx(1,12520): error TS1003: Identifier expected.
AppCore.tsx(1,12526): error TS1382: Unexpected token. Did you mean `{'>'}` or `&gt;`?
AppCore.tsx(1,12602): error TS1003: Identifier expected.
AppCore.tsx(1,12608): error TS1382: Unexpected token. Did you mean `{'>'}` or `&gt;`?
AppCore.tsx(1,12739): error TS1003: Identifier expected.
AppCore.tsx(1,12753): error TS1382: Unexpected token. Did you mean `{'>'}` or `&gt;`?
AppCore.tsx(1,12833): error TS1003: Identifier expected.
AppCore.tsx(1,12839): error TS1382: Unexpected token. Did you mean `{'>'}` or `&gt;`?
AppCore.tsx(1,13369): error TS1003: Identifier expected.
AppCore.tsx(1,13404): error TS1382: Unexpected token. Did you mean `{'>'}` or `&gt;`?
AppCore.tsx(1,13654): error TS1003: Identifier expected.
AppCore.tsx(1,13691): error TS1382: Unexpected token. Did you mean `{'>'}` or `&gt;`?
AppCore.tsx(1,13737): error TS1005: '}' expected.
AppCore.tsx(1,13752): error TS1381: Unexpected token. Did you mean `{'}'}` or `&rbrace;`?
AppCore.tsx(1,13811): error TS1003: Identifier expected.
AppCore.tsx(1,13817): error TS1382: Unexpected token. Did you mean `{'>'}` or `&gt;`?
AppCore.tsx(1,13879): error TS1003: Identifier expected.
AppCore.tsx(1,13885): error TS1382: Unexpected token. Did you mean `{'>'}` or `&gt;`?
AppCore.tsx(1,13933): error TS1003: Identifier expected.
AppCore.tsx(1,13939): error TS1382: Unexpected token. Did you mean `{'>'}` or `&gt;`?
AppCore.tsx(1,14065): error TS1382: Unexpected token. Did you mean `{'>'}` or `&gt;`?
AppCore.tsx(1,14068): error TS1127: Invalid character.
AppCore.tsx(1,14115): error TS1382: Unexpected token. Did you mean `{'>'}` or `&gt;`?
AppCore.tsx(1,14118): error TS1127: Invalid character.
AppCore.tsx(1,14151): error TS1127: Invalid character.
AppCore.tsx(1,14275): error TS1381: Unexpected token. Did you mean `{'}'}` or `&rbrace;`?
AppCore.tsx(1,14282): error TS1381: Unexpected token. Did you mean `{'}'}` or `&rbrace;`?
AppCore.tsx(1,14332): error TS1127: Invalid character.
AppCore.tsx(1,14410): error TS1382: Unexpected token. Did you mean `{'>'}` or `&gt;`?
AppCore.tsx(1,14472): error TS1381: Unexpected token. Did you mean `{'}'}` or `&rbrace;`?
AppCore.tsx(1,14477): error TS1381: Unexpected token. Did you mean `{'}'}` or `&rbrace;`?
AppCore.tsx(1,14563): error TS1382: Unexpected token. Did you mean `{'>'}` or `&gt;`?
AppCore.tsx(1,14732): error TS1382: Unexpected token. Did you mean `{'>'}` or `&gt;`?
AppCore.tsx(1,14880): error TS1382: Unexpected token. Did you mean `{'>'}` or `&gt;`?
AppCore.tsx(1,14896): error TS1382: Unexpected token. Did you mean `{'>'}` or `&gt;`?
AppCore.tsx(1,14899): error TS1127: Invalid character.
AppCore.tsx(1,14925): error TS1382: Unexpected token. Did you mean `{'>'}` or `&gt;`?
AppCore.tsx(1,14948): error TS1382: Unexpected token. Did you mean `{'>'}` or `&gt;`?
AppCore.tsx(1,15008): error TS1005: '}' expected.
AppCore.tsx(1,15035): error TS1381: Unexpected token. Did you mean `{'}'}` or `&rbrace;`?
AppCore.tsx(1,15067): error TS1381: Unexpected token. Did you mean `{'}'}` or `&rbrace;`?
AppCore.tsx(1,15170): error TS1382: Unexpected token. Did you mean `{'>'}` or `&gt;`?
AppCore.tsx(1,15186): error TS1382: Unexpected token. Did you mean `{'>'}` or `&gt;`?
AppCore.tsx(1,15189): error TS1127: Invalid character.
AppCore.tsx(1,15215): error TS1382: Unexpected token. Did you mean `{'>'}` or `&gt;`?
AppCore.tsx(1,15218): error TS1127: Invalid character.
AppCore.tsx(1,15256): error TS1382: Unexpected token. Did you mean `{'>'}` or `&gt;`?
AppCore.tsx(1,15349): error TS1382: Unexpected token. Did you mean `{'>'}` or `&gt;`?
AppCore.tsx(1,15429): error TS1005: '}' expected.
AppCore.tsx(1,15456): error TS1381: Unexpected token. Did you mean `{'}'}` or `&rbrace;`?
AppCore.tsx(1,15494): error TS1381: Unexpected token. Did you mean `{'}'}` or `&rbrace;`?
AppCore.tsx(1,15503): error TS1381: Unexpected token. Did you mean `{'}'}` or `&rbrace;`?
AppCore.tsx(1,15555): error TS1382: Unexpected token. Did you mean `{'>'}` or `&gt;`?
AppCore.tsx(1,15558): error TS1127: Invalid character.
AppCore.tsx(1,15590): error TS1382: Unexpected token. Did you mean `{'>'}` or `&gt;`?
AppCore.tsx(1,15593): error TS1127: Invalid character.
AppCore.tsx(1,15740): error TS1127: Invalid character.
AppCore.tsx(1,15755): error TS1127: Invalid character.
AppCore.tsx(1,15857): error TS1382: Unexpected token. Did you mean `{'>'}` or `&gt;`?
AppCore.tsx(1,15861): error TS1127: Invalid character.
AppCore.tsx(1,15929): error TS1382: Unexpected token. Did you mean `{'>'}` or `&gt;`?
AppCore.tsx(1,15933): error TS1127: Invalid character.
AppCore.tsx(1,16082): error TS1381: Unexpected token. Did you mean `{'}'}` or `&rbrace;`?
AppCore.tsx(1,16098): error TS1381: Unexpected token. Did you mean `{'}'}` or `&rbrace;`?
AppCore.tsx(1,16112): error TS1381: Unexpected token. Did you mean `{'}'}` or `&rbrace;`?
AppCore.tsx(1,16156): error TS1005: '}' expected.
AppCore.tsx(1,16158): error TS1381: Unexpected token. Did you mean `{'}'}` or `&rbrace;`?
AppCore.tsx(1,16167): error TS1381: Unexpected token. Did you mean `{'}'}` or `&rbrace;`?
AppCore.tsx(1,16181): error TS1127: Invalid character.
AppCore.tsx(1,16280): error TS1003: Identifier expected.
AppCore.tsx(1,16293): error TS1382: Unexpected token. Did you mean `{'>'}` or `&gt;`?
AppCore.tsx(1,16332): error TS1382: Unexpected token. Did you mean `{'>'}` or `&gt;`?
AppCore.tsx(1,16391): error TS1382: Unexpected token. Did you mean `{'>'}` or `&gt;`?
AppCore.tsx(1,16394): error TS1127: Invalid character.
AppCore.tsx(1,16471): error TS1127: Invalid character.
AppCore.tsx(1,16521): error TS1109: Expression expected.
AppCore.tsx(1,16562): error TS1382: Unexpected token. Did you mean `{'>'}` or `&gt;`?
AppCore.tsx(1,16591): error TS1381: Unexpected token. Did you mean `{'}'}` or `&rbrace;`?
AppCore.tsx(1,16606): error TS1381: Unexpected token. Did you mean `{'}'}` or `&rbrace;`?
AppCore.tsx(1,16614): error TS1127: Invalid character.
AppCore.tsx(1,16664): error TS1381: Unexpected token. Did you mean `{'}'}` or `&rbrace;`?
AppCore.tsx(1,16675): error TS1381: Unexpected token. Did you mean `{'}'}` or `&rbrace;`?
AppCore.tsx(1,16768): error TS1382: Unexpected token. Did you mean `{'>'}` or `&gt;`?
AppCore.tsx(1,16921): error TS1382: Unexpected token. Did you mean `{'>'}` or `&gt;`?
AppCore.tsx(1,17010): error TS1381: Unexpected token. Did you mean `{'}'}` or `&rbrace;`?
AppCore.tsx(1,17023): error TS1127: Invalid character.
AppCore.tsx(1,17095): error TS1382: Unexpected token. Did you mean `{'>'}` or `&gt;`?
AppCore.tsx(1,17183): error TS1381: Unexpected token. Did you mean `{'}'}` or `&rbrace;`?
AppCore.tsx(1,17336): error TS1003: Identifier expected.
AppCore.tsx(1,17402): error TS1381: Unexpected token. Did you mean `{'}'}` or `&rbrace;`?
AppCore.tsx(1,17424): error TS1381: Unexpected token. Did you mean `{'}'}` or `&rbrace;`?
AppCore.tsx(1,17451): error TS1382: Unexpected token. Did you mean `{'>'}` or `&gt;`?
AppCore.tsx(1,17454): error TS1127: Invalid character.
AppCore.tsx(1,17517): error TS1127: Invalid character.
AppCore.tsx(1,17530): error TS1127: Invalid character.
AppCore.tsx(1,17617): error TS1381: Unexpected token. Did you mean `{'}'}` or `&rbrace;`?
AppCore.tsx(1,17635): error TS1127: Invalid character.
AppCore.tsx(1,17702): error TS1127: Invalid character.
AppCore.tsx(1,17947): error TS1005: '}' expected.
AppCore.tsx(1,17949): error TS1381: Unexpected token. Did you mean `{'}'}` or `&rbrace;`?
AppCore.tsx(1,18083): error TS1381: Unexpected token. Did you mean `{'}'}` or `&rbrace;`?
AppCore.tsx(1,18092): error TS1381: Unexpected token. Did you mean `{'}'}` or `&rbrace;`?
AppCore.tsx(1,18099): error TS1381: Unexpected token. Did you mean `{'}'}` or `&rbrace;`?
AppCore.tsx(1,18104): error TS1381: Unexpected token. Did you mean `{'}'}` or `&rbrace;`?
AppCore.tsx(1,18154): error TS1382: Unexpected token. Did you mean `{'>'}` or `&gt;`?
AppCore.tsx(1,18157): error TS1127: Invalid character.
AppCore.tsx(1,18440): error TS1381: Unexpected token. Did you mean `{'}'}` or `&rbrace;`?
AppCore.tsx(1,18477): error TS1382: Unexpected token. Did you mean `{'>'}` or `&gt;`?
AppCore.tsx(1,18480): error TS1127: Invalid character.
AppCore.tsx(1,18572): error TS1381: Unexpected token. Did you mean `{'}'}` or `&rbrace;`?
AppCore.tsx(1,18630): error TS1382: Unexpected token. Did you mean `{'>'}` or `&gt;`?
AppCore.tsx(1,18633): error TS1127: Invalid character.
AppCore.tsx(1,18758): error TS1127: Invalid character.
AppCore.tsx(1,19026): error TS1381: Unexpected token. Did you mean `{'}'}` or `&rbrace;`?
AppCore.tsx(1,19052): error TS1382: Unexpected token. Did you mean `{'>'}` or `&gt;`?
AppCore.tsx(1,19414): error TS1381: Unexpected token. Did you mean `{'}'}` or `&rbrace;`?
AppCore.tsx(1,19491): error TS1382: Unexpected token. Did you mean `{'>'}` or `&gt;`?
AppCore.tsx(1,19494): error TS1127: Invalid character.
AppCore.tsx(1,19931): error TS1382: Unexpected token. Did you mean `{'>'}` or `&gt;`?
AppCore.tsx(1,20018): error TS1127: Invalid character.
AppCore.tsx(1,20065): error TS1127: Invalid character.
AppCore.tsx(1,20189): error TS1382: Unexpected token. Did you mean `{'>'}` or `&gt;`?
AppCore.tsx(1,20212): error TS1381: Unexpected token. Did you mean `{'}'}` or `&rbrace;`?
AppCore.tsx(1,20261): error TS1005: '}' expected.
AppCore.tsx(1,20263): error TS1381: Unexpected token. Did you mean `{'}'}` or `&rbrace;`?
AppCore.tsx(1,20308): error TS1005: '}' expected.
AppCore.tsx(1,20310): error TS1381: Unexpected token. Did you mean `{'}'}` or `&rbrace;`?
AppCore.tsx(1,20317): error TS1381: Unexpected token. Did you mean `{'}'}` or `&rbrace;`?
AppCore.tsx(1,20322): error TS1381: Unexpected token. Did you mean `{'}'}` or `&rbrace;`?
AppCore.tsx(1,20379): error TS1382: Unexpected token. Did you mean `{'>'}` or `&gt;`?
AppCore.tsx(1,20382): error TS1127: Invalid character.
AppCore.tsx(1,20468): error TS1127: Invalid character.
AppCore.tsx(1,20587): error TS1381: Unexpected token. Did you mean `{'}'}` or `&rbrace;`?
AppCore.tsx(1,20685): error TS1382: Unexpected token. Did you mean `{'>'}` or `&gt;`?
AppCore.tsx(1,20781): error TS1127: Invalid character.
AppCore.tsx(1,20839): error TS1382: Unexpected token. Did you mean `{'>'}` or `&gt;`?
AppCore.tsx(1,20845): error TS1127: Invalid character.
AppCore.tsx(1,20986): error TS1127: Invalid character.
AppCore.tsx(1,21101): error TS1382: Unexpected token. Did you mean `{'>'}` or `&gt;`?
AppCore.tsx(1,21104): error TS1127: Invalid character.
AppCore.tsx(1,21175): error TS1382: Unexpected token. Did you mean `{'>'}` or `&gt;`?
AppCore.tsx(1,21247): error TS1381: Unexpected token. Did you mean `{'}'}` or `&rbrace;`?
AppCore.tsx(1,21274): error TS1382: Unexpected token. Did you mean `{'>'}` or `&gt;`?
AppCore.tsx(1,21314): error TS1381: Unexpected token. Did you mean `{'}'}` or `&rbrace;`?
AppCore.tsx(1,21323): error TS1381: Unexpected token. Did you mean `{'}'}` or `&rbrace;`?
AppCore.tsx(1,21331): error TS1127: Invalid character.
AppCore.tsx(1,21368): error TS1381: Unexpected token. Did you mean `{'}'}` or `&rbrace;`?
AppCore.tsx(1,21375): error TS1381: Unexpected token. Did you mean `{'}'}` or `&rbrace;`?
AppCore.tsx(1,21380): error TS1381: Unexpected token. Did you mean `{'}'}` or `&rbrace;`?
AppCore.tsx(1,21423): error TS1382: Unexpected token. Did you mean `{'>'}` or `&gt;`?
AppCore.tsx(1,21426): error TS1127: Invalid character.
AppCore.tsx(1,21661): error TS1005: '}' expected.
AppCore.tsx(1,21688): error TS1381: Unexpected token. Did you mean `{'}'}` or `&rbrace;`?
AppCore.tsx(1,21737): error TS1382: Unexpected token. Did you mean `{'>'}` or `&gt;`?
AppCore.tsx(1,21761): error TS1127: Invalid character.
AppCore.tsx(1,21893): error TS1382: Unexpected token. Did you mean `{'>'}` or `&gt;`?
AppCore.tsx(1,21936): error TS1381: Unexpected token. Did you mean `{'}'}` or `&rbrace;`?
AppCore.tsx(1,21974): error TS1005: '}' expected.
AppCore.tsx(1,21976): error TS1381: Unexpected token. Did you mean `{'}'}` or `&rbrace;`?
AppCore.tsx(1,22017): error TS1005: '}' expected.
AppCore.tsx(1,22019): error TS1381: Unexpected token. Did you mean `{'}'}` or `&rbrace;`?
AppCore.tsx(1,22024): error TS1381: Unexpected token. Did you mean `{'}'}` or `&rbrace;`?
AppCore.tsx(1,22060): error TS1382: Unexpected token. Did you mean `{'>'}` or `&gt;`?
AppCore.tsx(1,22063): error TS1127: Invalid character.
AppCore.tsx(1,22124): error TS1382: Unexpected token. Did you mean `{'>'}` or `&gt;`?
AppCore.tsx(1,22128): error TS1127: Invalid character.
AppCore.tsx(1,22251): error TS1381: Unexpected token. Did you mean `{'}'}` or `&rbrace;`?
AppCore.tsx(1,22435): error TS1381: Unexpected token. Did you mean `{'}'}` or `&rbrace;`?
AppCore.tsx(1,22545): error TS1382: Unexpected token. Did you mean `{'>'}` or `&gt;`?
AppCore.tsx(1,22548): error TS1127: Invalid character.
AppCore.tsx(1,22926): error TS1005: '}' expected.
AppCore.tsx(1,22961): error TS1381: Unexpected token. Did you mean `{'}'}` or `&rbrace;`?
AppCore.tsx(1,23033): error TS1127: Invalid character.
AppCore.tsx(1,23079): error TS1381: Unexpected token. Did you mean `{'}'}` or `&rbrace;`?
AppCore.tsx(1,23087): error TS1127: Invalid character.
AppCore.tsx(1,23139): error TS1382: Unexpected token. Did you mean `{'>'}` or `&gt;`?
AppCore.tsx(1,23183): error TS1127: Invalid character.
AppCore.tsx(1,23262): error TS1382: Unexpected token. Did you mean `{'>'}` or `&gt;`?
AppCore.tsx(1,23411): error TS1381: Unexpected token. Did you mean `{'}'}` or `&rbrace;`?
AppCore.tsx(1,23418): error TS1381: Unexpected token. Did you mean `{'}'}` or `&rbrace;`?
AppCore.tsx(1,23565): error TS1127: Invalid character.
AppCore.tsx(1,23689): error TS1381: Unexpected token. Did you mean `{'}'}` or `&rbrace;`?
AppCore.tsx(1,23717): error TS1382: Unexpected token. Did you mean `{'>'}` or `&gt;`?
AppCore.tsx(1,23731): error TS1382: Unexpected token. Did you mean `{'>'}` or `&gt;`?
AppCore.tsx(1,23755): error TS1127: Invalid character.
AppCore.tsx(1,23811): error TS1382: Unexpected token. Did you mean `{'>'}` or `&gt;`?
AppCore.tsx(1,23899): error TS1381: Unexpected token. Did you mean `{'}'}` or `&rbrace;`?
AppCore.tsx(1,23935): error TS1382: Unexpected token. Did you mean `{'>'}` or `&gt;`?
AppCore.tsx(1,23960): error TS1127: Invalid character.
AppCore.tsx(1,23980): error TS1005: '}' expected.
AppCore.tsx(1,24042): error TS1381: Unexpected token. Did you mean `{'}'}` or `&rbrace;`?
AppCore.tsx(1,24132): error TS1127: Invalid character.
AppCore.tsx(1,24175): error TS1382: Unexpected token. Did you mean `{'>'}` or `&gt;`?
AppCore.tsx(1,24216): error TS1382: Unexpected token. Did you mean `{'>'}` or `&gt;`?
AppCore.tsx(1,24219): error TS1127: Invalid character.
AppCore.tsx(1,24256): error TS1382: Unexpected token. Did you mean `{'>'}` or `&gt;`?
AppCore.tsx(1,24259): error TS1127: Invalid character.
AppCore.tsx(1,24383): error TS1381: Unexpected token. Did you mean `{'}'}` or `&rbrace;`?
AppCore.tsx(1,24467): error TS1127: Invalid character.
AppCore.tsx(1,24580): error TS1382: Unexpected token. Did you mean `{'>'}` or `&gt;`?
AppCore.tsx(1,24720): error TS1381: Unexpected token. Did you mean `{'}'}` or `&rbrace;`?
AppCore.tsx(1,24733): error TS1381: Unexpected token. Did you mean `{'}'}` or `&rbrace;`?
AppCore.tsx(1,24841): error TS1381: Unexpected token. Did you mean `{'}'}` or `&rbrace;`?
AppCore.tsx(1,24972): error TS1382: Unexpected token. Did you mean `{'>'}` or `&gt;`?
AppCore.tsx(1,24976): error TS1127: Invalid character.
AppCore.tsx(1,25028): error TS1003: Identifier expected.
AppCore.tsx(1,25159): error TS1003: Identifier expected.
AppCore.tsx(1,25246): error TS1382: Unexpected token. Did you mean `{'>'}` or `&gt;`?
AppCore.tsx(1,25286): error TS1127: Invalid character.
AppCore.tsx(1,25470): error TS1005: '}' expected.
AppCore.tsx(1,25484): error TS1381: Unexpected token. Did you mean `{'}'}` or `&rbrace;`?
AppCore.tsx(1,25499): error TS1381: Unexpected token. Did you mean `{'}'}` or `&rbrace;`?
AppCore.tsx(1,25526): error TS1381: Unexpected token. Did you mean `{'}'}` or `&rbrace;`?
AppCore.tsx(1,25588): error TS1382: Unexpected token. Did you mean `{'>'}` or `&gt;`?
AppCore.tsx(1,25596): error TS1127: Invalid character.
AppCore.tsx(1,25665): error TS1127: Invalid character.
AppCore.tsx(1,25749): error TS1005: '}' expected.
AppCore.tsx(1,25764): error TS1381: Unexpected token. Did you mean `{'}'}` or `&rbrace;`?
AppCore.tsx(1,25800): error TS1127: Invalid character.
AppCore.tsx(1,26052): error TS1381: Unexpected token. Did you mean `{'}'}` or `&rbrace;`?
AppCore.tsx(1,26065): error TS1381: Unexpected token. Did you mean `{'}'}` or `&rbrace;`?
AppCore.tsx(1,26079): error TS1382: Unexpected token. Did you mean `{'>'}` or `&gt;`?
AppCore.tsx(1,26122): error TS1381: Unexpected token. Did you mean `{'}'}` or `&rbrace;`?
AppCore.tsx(1,26131): error TS1381: Unexpected token. Did you mean `{'}'}` or `&rbrace;`?
AppCore.tsx(1,26153): error TS1127: Invalid character.
AppCore.tsx(1,26233): error TS1127: Invalid character.
AppCore.tsx(1,26261): error TS1382: Unexpected token. Did you mean `{'>'}` or `&gt;`?
AppCore.tsx(1,26275): error TS1382: Unexpected token. Did you mean `{'>'}` or `&gt;`?
AppCore.tsx(1,26299): error TS1127: Invalid character.
AppCore.tsx(1,26361): error TS1382: Unexpected token. Did you mean `{'>'}` or `&gt;`?
AppCore.tsx(1,26413): error TS1382: Unexpected token. Did you mean `{'>'}` or `&gt;`?
AppCore.tsx(1,26428): error TS1381: Unexpected token. Did you mean `{'}'}` or `&rbrace;`?
AppCore.tsx(1,26535): error TS1381: Unexpected token. Did you mean `{'}'}` or `&rbrace;`?
AppCore.tsx(1,26702): error TS1382: Unexpected token. Did you mean `{'>'}` or `&gt;`?
AppCore.tsx(1,26706): error TS1127: Invalid character.
AppCore.tsx(1,26766): error TS1382: Unexpected token. Did you mean `{'>'}` or `&gt;`?
AppCore.tsx(1,26793): error TS1127: Invalid character.
AppCore.tsx(1,26952): error TS1381: Unexpected token. Did you mean `{'}'}` or `&rbrace;`?
AppCore.tsx(1,26963): error TS1381: Unexpected token. Did you mean `{'}'}` or `&rbrace;`?
AppCore.tsx(1,26973): error TS1381: Unexpected token. Did you mean `{'}'}` or `&rbrace;`?
AppCore.tsx(1,26984): error TS1127: Invalid character.
AppCore.tsx(1,27060): error TS1381: Unexpected token. Did you mean `{'}'}` or `&rbrace;`?
AppCore.tsx(1,27065): error TS1381: Unexpected token. Did you mean `{'}'}` or `&rbrace;`?
AppCore.tsx(1,27143): error TS1382: Unexpected token. Did you mean `{'>'}` or `&gt;`?
AppCore.tsx(1,27146): error TS1127: Invalid character.
AppCore.tsx(1,27249): error TS1127: Invalid character.
AppCore.tsx(1,27402): error TS1127: Invalid character.
AppCore.tsx(1,27701): error TS1381: Unexpected token. Did you mean `{'}'}` or `&rbrace;`?
AppCore.tsx(1,27729): error TS1382: Unexpected token. Did you mean `{'>'}` or `&gt;`?
AppCore.tsx(1,27827): error TS1381: Unexpected token. Did you mean `{'}'}` or `&rbrace;`?
AppCore.tsx(1,27835): error TS1127: Invalid character.
AppCore.tsx(1,27876): error TS1382: Unexpected token. Did you mean `{'>'}` or `&gt;`?
AppCore.tsx(1,27966): error TS1381: Unexpected token. Did you mean `{'}'}` or `&rbrace;`?
AppCore.tsx(1,28006): error TS1005: '}' expected.
AppCore.tsx(1,28088): error TS1381: Unexpected token. Did you mean `{'}'}` or `&rbrace;`?
AppCore.tsx(1,28114): error TS1382: Unexpected token. Did you mean `{'>'}` or `&gt;`?
AppCore.tsx(1,28128): error TS1382: Unexpected token. Did you mean `{'>'}` or `&gt;`?
AppCore.tsx(1,28174): error TS1005: '}' expected.
AppCore.tsx(1,28242): error TS1381: Unexpected token. Did you mean `{'}'}` or `&rbrace;`?
AppCore.tsx(1,28284): error TS1382: Unexpected token. Did you mean `{'>'}` or `&gt;`?
AppCore.tsx(1,28360): error TS1381: Unexpected token. Did you mean `{'}'}` or `&rbrace;`?
AppCore.tsx(1,28445): error TS1382: Unexpected token. Did you mean `{'>'}` or `&gt;`?
AppCore.tsx(1,28448): error TS1127: Invalid character.
AppCore.tsx(1,28525): error TS1127: Invalid character.
AppCore.tsx(1,28630): error TS1381: Unexpected token. Did you mean `{'}'}` or `&rbrace;`?
AppCore.tsx(1,29163): error TS1381: Unexpected token. Did you mean `{'}'}` or `&rbrace;`?
AppCore.tsx(1,29213): error TS1382: Unexpected token. Did you mean `{'>'}` or `&gt;`?
AppCore.tsx(1,29216): error TS1127: Invalid character.
AppCore.tsx(1,29303): error TS1382: Unexpected token. Did you mean `{'>'}` or `&gt;`?
AppCore.tsx(1,29306): error TS1127: Invalid character.
AppCore.tsx(1,29361): error TS1382: Unexpected token. Did you mean `{'>'}` or `&gt;`?
AppCore.tsx(1,29614): error TS1127: Invalid character.
AppCore.tsx(1,29681): error TS1381: Unexpected token. Did you mean `{'}'}` or `&rbrace;`?
AppCore.tsx(1,29689): error TS1381: Unexpected token. Did you mean `{'}'}` or `&rbrace;`?
AppCore.tsx(1,29696): error TS1381: Unexpected token. Did you mean `{'}'}` or `&rbrace;`?
AppCore.tsx(1,29749): error TS1382: Unexpected token. Did you mean `{'>'}` or `&gt;`?
AppCore.tsx(1,29752): error TS1127: Invalid character.
AppCore.tsx(1,29791): error TS1127: Invalid character.
AppCore.tsx(1,29910): error TS1381: Unexpected token. Did you mean `{'}'}` or `&rbrace;`?
AppCore.tsx(1,29915): error TS1381: Unexpected token. Did you mean `{'}'}` or `&rbrace;`?
AppCore.tsx(1,29952): error TS1382: Unexpected token. Did you mean `{'>'}` or `&gt;`?
AppCore.tsx(1,29955): error TS1127: Invalid character.
AppCore.tsx(1,30053): error TS1127: Invalid character.
AppCore.tsx(1,30084): error TS1127: Invalid character.
AppCore.tsx(1,30139): error TS1382: Unexpected token. Did you mean `{'>'}` or `&gt;`?
AppCore.tsx(1,30142): error TS1127: Invalid character.
AppCore.tsx(1,30366): error TS1127: Invalid character.
AppCore.tsx(1,30409): error TS1005: '}' expected.
AppCore.tsx(1,30433): error TS1381: Unexpected token. Did you mean `{'}'}` or `&rbrace;`?
AppCore.tsx(1,30447): error TS1381: Unexpected token. Did you mean `{'}'}` or `&rbrace;`?
AppCore.tsx(1,30485): error TS1381: Unexpected token. Did you mean `{'}'}` or `&rbrace;`?
AppCore.tsx(1,30496): error TS1381: Unexpected token. Did you mean `{'}'}` or `&rbrace;`?
AppCore.tsx(1,30593): error TS1381: Unexpected token. Did you mean `{'}'}` or `&rbrace;`?
AppCore.tsx(1,30661): error TS1127: Invalid character.
AppCore.tsx(1,30744): error TS1381: Unexpected token. Did you mean `{'}'}` or `&rbrace;`?
AppCore.tsx(1,30749): error TS1381: Unexpected token. Did you mean `{'}'}` or `&rbrace;`?
AppCore.tsx(1,30820): error TS1382: Unexpected token. Did you mean `{'>'}` or `&gt;`?
AppCore.tsx(1,30823): error TS1127: Invalid character.
AppCore.tsx(1,30929): error TS1005: '}' expected.
AppCore.tsx(1,30979): error TS1381: Unexpected token. Did you mean `{'}'}` or `&rbrace;`?
AppCore.tsx(1,31026): error TS1382: Unexpected token. Did you mean `{'>'}` or `&gt;`?
AppCore.tsx(1,31140): error TS1382: Unexpected token. Did you mean `{'>'}` or `&gt;`?
AppCore.tsx(1,31436): error TS1382: Unexpected token. Did you mean `{'>'}` or `&gt;`?
AppCore.tsx(1,31488): error TS1382: Unexpected token. Did you mean `{'>'}` or `&gt;`?
AppCore.tsx(1,31500): error TS1127: Invalid character.
AppCore.tsx(1,31577): error TS1005: '}' expected.
AppCore.tsx(1,31586): error TS1381: Unexpected token. Did you mean `{'}'}` or `&rbrace;`?
AppCore.tsx(1,31593): error TS1381: Unexpected token. Did you mean `{'}'}` or `&rbrace;`?
AppCore.tsx(1,31941): error TS1382: Unexpected token. Did you mean `{'>'}` or `&gt;`?
AppCore.tsx(1,31945): error TS1127: Invalid character.
AppCore.tsx(1,32001): error TS1382: Unexpected token. Did you mean `{'>'}` or `&gt;`?
AppCore.tsx(1,32061): error TS1005: '}' expected.
AppCore.tsx(1,32068): error TS1381: Unexpected token. Did you mean `{'}'}` or `&rbrace;`?
AppCore.tsx(1,32083): error TS1381: Unexpected token. Did you mean `{'}'}` or `&rbrace;`?
AppCore.tsx(1,32098): error TS1127: Invalid character.
AppCore.tsx(1,32233): error TS1382: Unexpected token. Did you mean `{'>'}` or `&gt;`?
AppCore.tsx(1,32237): error TS1127: Invalid character.
AppCore.tsx(1,32295): error TS1382: Unexpected token. Did you mean `{'>'}` or `&gt;`?
AppCore.tsx(1,32341): error TS1005: '}' expected.
AppCore.tsx(1,32392): error TS1381: Unexpected token. Did you mean `{'}'}` or `&rbrace;`?
AppCore.tsx(1,32409): error TS1381: Unexpected token. Did you mean `{'}'}` or `&rbrace;`?
AppCore.tsx(1,32419): error TS1381: Unexpected token. Did you mean `{'}'}` or `&rbrace;`?
AppCore.tsx(1,32437): error TS1127: Invalid character.
AppCore.tsx(1,32604): error TS1382: Unexpected token. Did you mean `{'>'}` or `&gt;`?
AppCore.tsx(1,32608): error TS1127: Invalid character.
AppCore.tsx(1,32666): error TS1382: Unexpected token. Did you mean `{'>'}` or `&gt;`?
AppCore.tsx(1,32726): error TS1005: '}' expected.
AppCore.tsx(1,32734): error TS1381: Unexpected token. Did you mean `{'}'}` or `&rbrace;`?
AppCore.tsx(1,32751): error TS1381: Unexpected token. Did you mean `{'}'}` or `&rbrace;`?
AppCore.tsx(1,32761): error TS1381: Unexpected token. Did you mean `{'}'}` or `&rbrace;`?
AppCore.tsx(1,32766): error TS1381: Unexpected token. Did you mean `{'}'}` or `&rbrace;`?
AppCore.tsx(1,32844): error TS1382: Unexpected token. Did you mean `{'>'}` or `&gt;`?
AppCore.tsx(1,32847): error TS1127: Invalid character.
AppCore.tsx(1,32929): error TS1005: '}' expected.
AppCore.tsx(1,33012): error TS1381: Unexpected token. Did you mean `{'}'}` or `&rbrace;`?
AppCore.tsx(1,33035): error TS1127: Invalid character.
AppCore.tsx(1,33069): error TS1127: Invalid character.
AppCore.tsx(1,33409): error TS1381: Unexpected token. Did you mean `{'}'}` or `&rbrace;`?
AppCore.tsx(1,33418): error TS1381: Unexpected token. Did you mean `{'}'}` or `&rbrace;`?
AppCore.tsx(1,33474): error TS1005: '}' expected.
AppCore.tsx(1,33476): error TS1381: Unexpected token. Did you mean `{'}'}` or `&rbrace;`?
AppCore.tsx(1,33481): error TS1381: Unexpected token. Did you mean `{'}'}` or `&rbrace;`?
AppCore.tsx(1,33523): error TS1127: Invalid character.
AppCore.tsx(1,33534): error TS1127: Invalid character.
AppCore.tsx(1,33554): error TS1005: '}' expected.
AppCore.tsx(1,33585): error TS1381: Unexpected token. Did you mean `{'}'}` or `&rbrace;`?
AppCore.tsx(1,33663): error TS1003: Identifier expected.
AppCore.tsx(1,33707): error TS1005: '}' expected.
AppCore.tsx(1,33717): error TS1381: Unexpected token. Did you mean `{'}'}` or `&rbrace;`?
AppCore.tsx(1,34021): error TS1005: '}' expected.
AppCore.tsx(1,34065): error TS1381: Unexpected token. Did you mean `{'}'}` or `&rbrace;`?
AppCore.tsx(1,34130): error TS1005: '}' expected.
AppCore.tsx(1,34161): error TS1381: Unexpected token. Did you mean `{'}'}` or `&rbrace;`?
AppCore.tsx(1,34509): error TS1382: Unexpected token. Did you mean `{'>'}` or `&gt;`?
AppCore.tsx(1,34518): error TS1005: '}' expected.
AppCore.tsx(1,34548): error TS1381: Unexpected token. Did you mean `{'}'}` or `&rbrace;`?
AppCore.tsx(1,34723): error TS1381: Unexpected token. Did you mean `{'}'}` or `&rbrace;`?
AppCore.tsx(1,34736): error TS1127: Invalid character.
AppCore.tsx(1,34848): error TS1381: Unexpected token. Did you mean `{'}'}` or `&rbrace;`?
AppCore.tsx(1,34853): error TS1381: Unexpected token. Did you mean `{'}'}` or `&rbrace;`?
AppCore.tsx(1,34947): error TS1382: Unexpected token. Did you mean `{'>'}` or `&gt;`?
AppCore.tsx(1,34950): error TS1127: Invalid character.
AppCore.tsx(1,35055): error TS1127: Invalid character.
AppCore.tsx(1,35568): error TS1127: Invalid character.
AppCore.tsx(1,35665): error TS1381: Unexpected token. Did you mean `{'}'}` or `&rbrace;`?
AppCore.tsx(1,35695): error TS1127: Invalid character.
AppCore.tsx(1,35870): error TS1381: Unexpected token. Did you mean `{'}'}` or `&rbrace;`?
AppCore.tsx(1,35929): error TS1382: Unexpected token. Did you mean `{'>'}` or `&gt;`?
AppCore.tsx(1,35968): error TS1381: Unexpected token. Did you mean `{'}'}` or `&rbrace;`?
AppCore.tsx(1,35990): error TS1127: Invalid character.
AppCore.tsx(1,36098): error TS1381: Unexpected token. Did you mean `{'}'}` or `&rbrace;`?
AppCore.tsx(1,36103): error TS1381: Unexpected token. Did you mean `{'}'}` or `&rbrace;`?
AppCore.tsx(1,36145): error TS1127: Invalid character.
AppCore.tsx(1,36229): error TS1127: Invalid character.
AppCore.tsx(1,36249): error TS1005: '}' expected.
AppCore.tsx(1,36270): error TS1381: Unexpected token. Did you mean `{'}'}` or `&rbrace;`?
AppCore.tsx(1,36348): error TS1003: Identifier expected.
AppCore.tsx(1,36378): error TS1005: '}' expected.
AppCore.tsx(1,36388): error TS1381: Unexpected token. Did you mean `{'}'}` or `&rbrace;`?
AppCore.tsx(1,36617): error TS1127: Invalid character.
AppCore.tsx(1,36688): error TS1005: '}' expected.
AppCore.tsx(1,36703): error TS1381: Unexpected token. Did you mean `{'}'}` or `&rbrace;`?
AppCore.tsx(1,36737): error TS1127: Invalid character.
AppCore.tsx(1,36952): error TS1381: Unexpected token. Did you mean `{'}'}` or `&rbrace;`?
AppCore.tsx(1,36963): error TS1381: Unexpected token. Did you mean `{'}'}` or `&rbrace;`?
AppCore.tsx(1,37067): error TS1005: '}' expected.
AppCore.tsx(1,37069): error TS1381: Unexpected token. Did you mean `{'}'}` or `&rbrace;`?
AppCore.tsx(1,37140): error TS1005: '}' expected.
AppCore.tsx(1,37142): error TS1381: Unexpected token. Did you mean `{'}'}` or `&rbrace;`?
AppCore.tsx(1,37172): error TS1127: Invalid character.
AppCore.tsx(1,37230): error TS1382: Unexpected token. Did you mean `{'>'}` or `&gt;`?
AppCore.tsx(1,37258): error TS1005: '}' expected.
AppCore.tsx(1,37298): error TS1381: Unexpected token. Did you mean `{'}'}` or `&rbrace;`?
AppCore.tsx(1,37315): error TS1381: Unexpected token. Did you mean `{'}'}` or `&rbrace;`?
AppCore.tsx(1,37323): error TS1127: Invalid character.
AppCore.tsx(1,37365): error TS1381: Unexpected token. Did you mean `{'}'}` or `&rbrace;`?
AppCore.tsx(1,37372): error TS1381: Unexpected token. Did you mean `{'}'}` or `&rbrace;`?
AppCore.tsx(1,37411): error TS1005: '}' expected.
AppCore.tsx(1,37475): error TS1381: Unexpected token. Did you mean `{'}'}` or `&rbrace;`?
AppCore.tsx(1,37480): error TS1381: Unexpected token. Did you mean `{'}'}` or `&rbrace;`?
AppCore.tsx(1,37528): error TS1127: Invalid character.
AppCore.tsx(1,37574): error TS1127: Invalid character.
AppCore.tsx(1,37625): error TS1127: Invalid character.
AppCore.tsx(1,37696): error TS1005: '}' expected.
AppCore.tsx(1,37711): error TS1381: Unexpected token. Did you mean `{'}'}` or `&rbrace;`?
AppCore.tsx(1,37745): error TS1127: Invalid character.
AppCore.tsx(1,38000): error TS1381: Unexpected token. Did you mean `{'}'}` or `&rbrace;`?
AppCore.tsx(1,38011): error TS1381: Unexpected token. Did you mean `{'}'}` or `&rbrace;`?
AppCore.tsx(1,38115): error TS1005: '}' expected.
AppCore.tsx(1,38117): error TS1381: Unexpected token. Did you mean `{'}'}` or `&rbrace;`?
AppCore.tsx(1,38153): error TS1005: '}' expected.
AppCore.tsx(1,38155): error TS1381: Unexpected token. Did you mean `{'}'}` or `&rbrace;`?
AppCore.tsx(1,38198): error TS1127: Invalid character.
AppCore.tsx(1,38259): error TS1382: Unexpected token. Did you mean `{'>'}` or `&gt;`?
AppCore.tsx(1,38290): error TS1005: '}' expected.
AppCore.tsx(1,38341): error TS1381: Unexpected token. Did you mean `{'}'}` or `&rbrace;`?
AppCore.tsx(1,38358): error TS1381: Unexpected token. Did you mean `{'}'}` or `&rbrace;`?
AppCore.tsx(1,38393): error TS1005: '}' expected.
AppCore.tsx(1,38395): error TS1381: Unexpected token. Did you mean `{'}'}` or `&rbrace;`?
AppCore.tsx(1,38402): error TS1381: Unexpected token. Did you mean `{'}'}` or `&rbrace;`?
AppCore.tsx(1,38438): error TS1005: '}' expected.
AppCore.tsx(1,38440): error TS1381: Unexpected token. Did you mean `{'}'}` or `&rbrace;`?
AppCore.tsx(1,38445): error TS1381: Unexpected token. Did you mean `{'}'}` or `&rbrace;`?
AppCore.tsx(1,38516): error TS1382: Unexpected token. Did you mean `{'>'}` or `&gt;`?
AppCore.tsx(1,38519): error TS1127: Invalid character.
AppCore.tsx(1,38589): error TS1382: Unexpected token. Did you mean `{'>'}` or `&gt;`?
AppCore.tsx(1,38593): error TS1127: Invalid character.
AppCore.tsx(1,38647): error TS1382: Unexpected token. Did you mean `{'>'}` or `&gt;`?
AppCore.tsx(1,38686): error TS1005: '}' expected.
AppCore.tsx(1,38735): error TS1381: Unexpected token. Did you mean `{'}'}` or `&rbrace;`?
AppCore.tsx(1,38748): error TS1381: Unexpected token. Did you mean `{'}'}` or `&rbrace;`?
AppCore.tsx(1,38756): error TS1381: Unexpected token. Did you mean `{'}'}` or `&rbrace;`?
AppCore.tsx(1,38872): error TS1382: Unexpected token. Did you mean `{'>'}` or `&gt;`?
AppCore.tsx(1,38875): error TS1127: Invalid character.
AppCore.tsx(1,39011): error TS1382: Unexpected token. Did you mean `{'>'}` or `&gt;`?
AppCore.tsx(1,39015): error TS1127: Invalid character.
AppCore.tsx(1,39069): error TS1382: Unexpected token. Did you mean `{'>'}` or `&gt;`?
AppCore.tsx(1,39122): error TS1381: Unexpected token. Did you mean `{'}'}` or `&rbrace;`?
AppCore.tsx(1,39137): error TS1127: Invalid character.
AppCore.tsx(1,39171): error TS1127: Invalid character.
AppCore.tsx(1,39465): error TS1381: Unexpected token. Did you mean `{'}'}` or `&rbrace;`?
AppCore.tsx(1,39474): error TS1381: Unexpected token. Did you mean `{'}'}` or `&rbrace;`?
AppCore.tsx(1,39522): error TS1005: '}' expected.
AppCore.tsx(1,39524): error TS1381: Unexpected token. Did you mean `{'}'}` or `&rbrace;`?
AppCore.tsx(1,39529): error TS1381: Unexpected token. Did you mean `{'}'}` or `&rbrace;`?
AppCore.tsx(1,39630): error TS1382: Unexpected token. Did you mean `{'>'}` or `&gt;`?
AppCore.tsx(1,39633): error TS1127: Invalid character.
AppCore.tsx(1,39669): error TS1382: Unexpected token. Did you mean `{'>'}` or `&gt;`?
AppCore.tsx(1,39673): error TS1127: Invalid character.
AppCore.tsx(1,39729): error TS1382: Unexpected token. Did you mean `{'>'}` or `&gt;`?
AppCore.tsx(1,39732): error TS1127: Invalid character.
AppCore.tsx(1,40135): error TS1005: '}' expected.
AppCore.tsx(1,40149): error TS1381: Unexpected token. Did you mean `{'}'}` or `&rbrace;`?
AppCore.tsx(1,40159): error TS1381: Unexpected token. Did you mean `{'}'}` or `&rbrace;`?
AppCore.tsx(1,40168): error TS1381: Unexpected token. Did you mean `{'}'}` or `&rbrace;`?
AppCore.tsx(1,40176): error TS1381: Unexpected token. Did you mean `{'}'}` or `&rbrace;`?
AppCore.tsx(1,40240): error TS1382: Unexpected token. Did you mean `{'>'}` or `&gt;`?
AppCore.tsx(1,40243): error TS1127: Invalid character.
AppCore.tsx(1,40279): error TS1382: Unexpected token. Did you mean `{'>'}` or `&gt;`?
AppCore.tsx(1,40283): error TS1127: Invalid character.
AppCore.tsx(1,40339): error TS1382: Unexpected token. Did you mean `{'>'}` or `&gt;`?
AppCore.tsx(1,40387): error TS1005: '}' expected.
AppCore.tsx(1,40408): error TS1381: Unexpected token. Did you mean `{'}'}` or `&rbrace;`?
AppCore.tsx(1,40423): error TS1381: Unexpected token. Did you mean `{'}'}` or `&rbrace;`?
AppCore.tsx(1,40431): error TS1381: Unexpected token. Did you mean `{'}'}` or `&rbrace;`?
AppCore.tsx(1,40490): error TS1382: Unexpected token. Did you mean `{'>'}` or `&gt;`?
AppCore.tsx(1,40493): error TS1127: Invalid character.
AppCore.tsx(1,40532): error TS1382: Unexpected token. Did you mean `{'>'}` or `&gt;`?
AppCore.tsx(1,40622): error TS1382: Unexpected token. Did you mean `{'>'}` or `&gt;`?
AppCore.tsx(1,40716): error TS1005: '}' expected.
AppCore.tsx(1,40792): error TS1381: Unexpected token. Did you mean `{'}'}` or `&rbrace;`?
AppCore.tsx(1,40978): error TS1381: Unexpected token. Did you mean `{'}'}` or `&rbrace;`?
AppCore.tsx(1,41030): error TS1382: Unexpected token. Did you mean `{'>'}` or `&gt;`?
AppCore.tsx(1,41033): error TS1127: Invalid character.
AppCore.tsx(1,41114): error TS1127: Invalid character.
AppCore.tsx(1,41159): error TS1127: Invalid character.
AppCore.tsx(1,41334): error TS1381: Unexpected token. Did you mean `{'}'}` or `&rbrace;`?
AppCore.tsx(1,41483): error TS1381: Unexpected token. Did you mean `{'}'}` or `&rbrace;`?
AppCore.tsx(1,41540): error TS1005: '}' expected.
AppCore.tsx(1,41542): error TS1381: Unexpected token. Did you mean `{'}'}` or `&rbrace;`?
AppCore.tsx(1,41586): error TS1005: '}' expected.
AppCore.tsx(1,41588): error TS1381: Unexpected token. Did you mean `{'}'}` or `&rbrace;`?
AppCore.tsx(1,41593): error TS1381: Unexpected token. Did you mean `{'}'}` or `&rbrace;`?
AppCore.tsx(1,41670): error TS1382: Unexpected token. Did you mean `{'>'}` or `&gt;`?
AppCore.tsx(1,41712): error TS1005: '}' expected.
AppCore.tsx(1,41714): error TS1381: Unexpected token. Did you mean `{'}'}` or `&rbrace;`?
AppCore.tsx(1,41766): error TS1382: Unexpected token. Did you mean `{'>'}` or `&gt;`?
AppCore.tsx(1,41798): error TS1005: '}' expected.
AppCore.tsx(1,41800): error TS1381: Unexpected token. Did you mean `{'}'}` or `&rbrace;`?
AppCore.tsx(1,41839): error TS1382: Unexpected token. Did you mean `{'>'}` or `&gt;`?
AppCore.tsx(1,41869): error TS1005: '}' expected.
AppCore.tsx(1,41871): error TS1381: Unexpected token. Did you mean `{'}'}` or `&rbrace;`?
AppCore.tsx(1,41934): error TS1382: Unexpected token. Did you mean `{'>'}` or `&gt;`?
AppCore.tsx(1,41938): error TS1109: Expression expected.
AppCore.tsx(1,42022): error TS1381: Unexpected token. Did you mean `{'}'}` or `&rbrace;`?
AppCore.tsx(1,42095): error TS1382: Unexpected token. Did you mean `{'>'}` or `&gt;`?
AppCore.tsx(1,42098): error TS1127: Invalid character.
AppCore.tsx(1,42206): error TS1381: Unexpected token. Did you mean `{'}'}` or `&rbrace;`?
AppCore.tsx(1,42256): error TS1382: Unexpected token. Did you mean `{'>'}` or `&gt;`?
AppCore.tsx(1,42259): error TS1127: Invalid character.
AppCore.tsx(1,42443): error TS1382: Unexpected token. Did you mean `{'>'}` or `&gt;`?
AppCore.tsx(1,42446): error TS1127: Invalid character.
AppCore.tsx(1,42543): error TS1005: '}' expected.
AppCore.tsx(1,42551): error TS1005: '}' expected.
AppCore.tsx(1,42565): error TS1381: Unexpected token. Did you mean `{'}'}` or `&rbrace;`?
AppCore.tsx(1,42567): error TS1381: Unexpected token. Did you mean `{'}'}` or `&rbrace;`?
AppCore.tsx(1,42577): error TS1381: Unexpected token. Did you mean `{'}'}` or `&rbrace;`?
AppCore.tsx(1,42588): error TS1381: Unexpected token. Did you mean `{'}'}` or `&rbrace;`?
AppCore.tsx(1,42625): error TS1382: Unexpected token. Did you mean `{'>'}` or `&gt;`?
AppCore.tsx(1,42649): error TS1005: '}' expected.
AppCore.tsx(1,42679): error TS1381: Unexpected token. Did you mean `{'}'}` or `&rbrace;`?
AppCore.tsx(1,42716): error TS1382: Unexpected token. Did you mean `{'>'}` or `&gt;`?
AppCore.tsx(1,42719): error TS1127: Invalid character.
AppCore.tsx(1,42879): error TS1127: Invalid character.
AppCore.tsx(1,42974): error TS1382: Unexpected token. Did you mean `{'>'}` or `&gt;`?
AppCore.tsx(1,43001): error TS1127: Invalid character.
AppCore.tsx(1,43082): error TS1382: Unexpected token. Did you mean `{'>'}` or `&gt;`?
AppCore.tsx(1,43123): error TS17002: Expected corresponding JSX closing tag for 'Record'.
AppCore.tsx(1,43128): error TS1127: Invalid character.
AppCore.tsx(1,43173): error TS1127: Invalid character.
AppCore.tsx(1,43248): error TS1382: Unexpected token. Did you mean `{'>'}` or `&gt;`?
AppCore.tsx(1,43255): error TS17002: Expected corresponding JSX closing tag for 'string'.
AppCore.tsx(1,43262): error TS1127: Invalid character.
AppCore.tsx(1,43272): error TS17002: Expected corresponding JSX closing tag for 'string'.
AppCore.tsx(1,43276): error TS1127: Invalid character.
AppCore.tsx(1,43288): error TS1381: Unexpected token. Did you mean `{'}'}` or `&rbrace;`?
AppCore.tsx(1,43317): error TS1127: Invalid character.
AppCore.tsx(1,43479): error TS1127: Invalid character.
AppCore.tsx(1,43515): error TS1382: Unexpected token. Did you mean `{'>'}` or `&gt;`?
AppCore.tsx(1,43543): error TS1127: Invalid character.
AppCore.tsx(1,43636): error TS1382: Unexpected token. Did you mean `{'>'}` or `&gt;`?
AppCore.tsx(1,43804): error TS17002: Expected corresponding JSX closing tag for 'hr'.
AppCore.tsx(1,43808): error TS1127: Invalid character.
AppCore.tsx(1,43820): error TS1381: Unexpected token. Did you mean `{'}'}` or `&rbrace;`?
AppCore.tsx(1,43868): error TS1127: Invalid character.
AppCore.tsx(1,45264): error TS1127: Invalid character.
AppCore.tsx(1,45472): error TS1381: Unexpected token. Did you mean `{'}'}` or `&rbrace;`?
AppCore.tsx(1,45473): error TS1381: Unexpected token. Did you mean `{'}'}` or `&rbrace;`?
AppCore.tsx(1,45930): error TS1382: Unexpected token. Did you mean `{'>'}` or `&gt;`?
AppCore.tsx(1,46077): error TS1127: Invalid character.
AppCore.tsx(1,46114): error TS1382: Unexpected token. Did you mean `{'>'}` or `&gt;`?
AppCore.tsx(1,46140): error TS1127: Invalid character.
AppCore.tsx(1,46198): error TS1382: Unexpected token. Did you mean `{'>'}` or `&gt;`?
AppCore.tsx(1,46243): error TS1127: Invalid character.
AppCore.tsx(1,46311): error TS1382: Unexpected token. Did you mean `{'>'}` or `&gt;`?
AppCore.tsx(1,46331): error TS17002: Expected corresponding JSX closing tag for 'div'.
AppCore.tsx(1,46333): error TS1127: Invalid character.
AppCore.tsx(1,46361): error TS1127: Invalid character.
AppCore.tsx(1,46434): error TS1382: Unexpected token. Did you mean `{'>'}` or `&gt;`?
AppCore.tsx(1,46445): error TS17002: Expected corresponding JSX closing tag for 'div'.
AppCore.tsx(1,46448): error TS1127: Invalid character.
AppCore.tsx(1,46462): error TS17002: Expected corresponding JSX closing tag for 'p'.
AppCore.tsx(1,46466): error TS1127: Invalid character.
AppCore.tsx(1,46493): error TS1127: Invalid character.
AppCore.tsx(1,46520): error TS1382: Unexpected token. Did you mean `{'>'}` or `&gt;`?
AppCore.tsx(1,46591): error TS1127: Invalid character.
AppCore.tsx(1,46734): error TS1382: Unexpected token. Did you mean `{'>'}` or `&gt;`?
AppCore.tsx(1,46817): error TS17002: Expected corresponding JSX closing tag for 'blockquote'.
AppCore.tsx(1,46824): error TS1127: Invalid character.
AppCore.tsx(1,46883): error TS1127: Invalid character.
AppCore.tsx(1,47094): error TS1382: Unexpected token. Did you mean `{'>'}` or `&gt;`?
AppCore.tsx(1,47135): error TS17002: Expected corresponding JSX closing tag for 'blockquote'.
AppCore.tsx(1,47142): error TS1127: Invalid character.
AppCore.tsx(1,47156): error TS17002: Expected corresponding JSX closing tag for 'li'.
AppCore.tsx(1,47160): error TS1127: Invalid character.
AppCore.tsx(1,47160): error TS1005: ',' expected.
AppCore.tsx(1,47170): error TS1005: ',' expected.
AppCore.tsx(1,47176): error TS1127: Invalid character.
AppCore.tsx(1,47186): error TS1005: ',' expected.
AppCore.tsx(1,47202): error TS1005: ',' expected.
AppCore.tsx(1,47206): error TS1127: Invalid character.
AppCore.tsx(1,47223): error TS1005: ',' expected.
AppCore.tsx(1,47234): error TS1136: Property assignment expected.
AppCore.tsx(1,47350): error TS1005: ',' expected.
AppCore.tsx(1,47351): error TS1109: Expression expected.
AppCore.tsx(1,47352): error TS1127: Invalid character.
AppCore.tsx(1,47371): error TS1005: ';' expected.
AppCore.tsx(1,47381): error TS1127: Invalid character.
AppCore.tsx(1,56772): error TS1002: Unterminated string literal.
old.tsx(1,73): error TS1127: Invalid character.
old.tsx(1,74): error TS1435: Unknown keyword or identifier. Did you mean 'import'?
old.tsx(1,99): error TS1434: Unexpected keyword or identifier.
old.tsx(1,111): error TS1127: Invalid character.
old.tsx(1,112): error TS1435: Unknown keyword or identifier. Did you mean 'import'?
old.tsx(1,135): error TS1434: Unexpected keyword or identifier.
old.tsx(1,161): error TS1127: Invalid character.
old.tsx(1,162): error TS1435: Unknown keyword or identifier. Did you mean 'import'?
old.tsx(1,183): error TS1434: Unexpected keyword or identifier.
old.tsx(1,207): error TS1127: Invalid character.
old.tsx(1,208): error TS1435: Unknown keyword or identifier. Did you mean 'import'?
old.tsx(1,216): error TS1434: Unexpected keyword or identifier.
old.tsx(1,231): error TS1434: Unexpected keyword or identifier.
old.tsx(1,266): error TS1127: Invalid character.
old.tsx(1,267): error TS1435: Unknown keyword or identifier. Did you mean 'import'?
old.tsx(1,275): error TS1435: Unknown keyword or identifier. Did you mean 'interface'?
old.tsx(1,289): error TS1434: Unexpected keyword or identifier.
old.tsx(1,323): error TS1127: Invalid character.
old.tsx(1,324): error TS1435: Unknown keyword or identifier. Did you mean 'import'?
old.tsx(1,346): error TS1434: Unexpected keyword or identifier.
old.tsx(1,376): error TS1127: Invalid character.
old.tsx(1,377): error TS1435: Unknown keyword or identifier. Did you mean 'import'?
old.tsx(1,397): error TS1434: Unexpected keyword or identifier.
old.tsx(1,427): error TS1127: Invalid character.
old.tsx(1,428): error TS1435: Unknown keyword or identifier. Did you mean 'import'?
old.tsx(1,448): error TS1434: Unexpected keyword or identifier.
old.tsx(1,478): error TS1127: Invalid character.
old.tsx(1,479): error TS1435: Unknown keyword or identifier. Did you mean 'import'?
old.tsx(1,498): error TS1434: Unexpected keyword or identifier.
old.tsx(1,527): error TS1127: Invalid character.
old.tsx(1,528): error TS1435: Unknown keyword or identifier. Did you mean 'const'?
old.tsx(1,565): error TS1127: Invalid character.
old.tsx(1,569): error TS1005: ',' expected.
old.tsx(1,643): error TS1127: Invalid character.
old.tsx(1,647): error TS1127: Invalid character.
old.tsx(1,648): error TS1435: Unknown keyword or identifier. Did you mean 'const'?
old.tsx(1,683): error TS1127: Invalid character.
old.tsx(1,687): error TS1005: ',' expected.
old.tsx(1,757): error TS1127: Invalid character.
old.tsx(1,761): error TS1127: Invalid character.
old.tsx(1,762): error TS1435: Unknown keyword or identifier. Did you mean 'import'?
old.tsx(1,859): error TS1434: Unexpected keyword or identifier.
old.tsx(1,874): error TS1127: Invalid character.
old.tsx(1,875): error TS1435: Unknown keyword or identifier. Did you mean 'import'?
old.tsx(1,978): error TS1434: Unexpected keyword or identifier.
old.tsx(1,1010): error TS1127: Invalid character.
old.tsx(1,1011): error TS1435: Unknown keyword or identifier. Did you mean 'import'?
old.tsx(1,1079): error TS1434: Unexpected keyword or identifier.
old.tsx(1,1116): error TS1127: Invalid character.
old.tsx(1,1117): error TS1435: Unknown keyword or identifier. Did you mean 'import'?
old.tsx(1,1148): error TS1434: Unexpected keyword or identifier.
old.tsx(1,1186): error TS1127: Invalid character.
old.tsx(1,1187): error TS1435: Unknown keyword or identifier. Did you mean 'import'?
old.tsx(1,1221): error TS1434: Unexpected keyword or identifier.
old.tsx(1,1240): error TS1127: Invalid character.
old.tsx(1,1241): error TS1435: Unknown keyword or identifier. Did you mean 'import'?
old.tsx(1,1271): error TS1434: Unexpected keyword or identifier.
old.tsx(1,1299): error TS1127: Invalid character.
old.tsx(1,1300): error TS1435: Unknown keyword or identifier. Did you mean 'import'?
old.tsx(1,1325): error TS1434: Unexpected keyword or identifier.
old.tsx(1,1356): error TS1127: Invalid character.
old.tsx(1,1357): error TS1435: Unknown keyword or identifier. Did you mean 'import'?
old.tsx(1,1464): error TS1434: Unexpected keyword or identifier.
old.tsx(1,1492): error TS1127: Invalid character.
old.tsx(1,1493): error TS1435: Unknown keyword or identifier. Did you mean 'import'?
old.tsx(1,1541): error TS1434: Unexpected keyword or identifier.
old.tsx(1,1566): error TS1127: Invalid character.
old.tsx(1,1567): error TS1435: Unknown keyword or identifier. Did you mean 'import'?
old.tsx(1,1591): error TS1434: Unexpected keyword or identifier.
old.tsx(1,1619): error TS1127: Invalid character.
old.tsx(1,1621): error TS1127: Invalid character.
old.tsx(1,1622): error TS1435: Unknown keyword or identifier. Did you mean 'const'?
old.tsx(1,1675): error TS1127: Invalid character.
old.tsx(1,1676): error TS1435: Unknown keyword or identifier. Did you mean 'const'?
old.tsx(1,1712): error TS1127: Invalid character.
old.tsx(1,1713): error TS1435: Unknown keyword or identifier. Did you mean 'const'?
old.tsx(1,1735): error TS1127: Invalid character.
old.tsx(1,1737): error TS1127: Invalid character.
old.tsx(1,1738): error TS1435: Unknown keyword or identifier. Did you mean 'interface'?
old.tsx(1,1749): error TS1434: Unexpected keyword or identifier.
old.tsx(1,1761): error TS1127: Invalid character.
old.tsx(1,1762): error TS1434: Unexpected keyword or identifier.
old.tsx(1,1811): error TS1127: Invalid character.
old.tsx(1,1812): error TS1434: Unexpected keyword or identifier.
old.tsx(1,1828): error TS1127: Invalid character.
old.tsx(1,1831): error TS1127: Invalid character.
old.tsx(1,1833): error TS1127: Invalid character.
old.tsx(1,1834): error TS1435: Unknown keyword or identifier. Did you mean 'function'?
old.tsx(1,1868): error TS1005: ',' expected.
old.tsx(1,1896): error TS1005: ';' expected.
old.tsx(1,1898): error TS1434: Unexpected keyword or identifier.
old.tsx(1,1906): error TS1127: Invalid character.
old.tsx(1,1907): error TS1434: Unexpected keyword or identifier.
old.tsx(1,1939): error TS1127: Invalid character.
old.tsx(1,1940): error TS1434: Unexpected keyword or identifier.
old.tsx(1,1961): error TS1127: Invalid character.
old.tsx(1,1977): error TS1127: Invalid character.
old.tsx(1,1978): error TS1127: Invalid character.
old.tsx(1,1986): error TS1005: ',' expected.
old.tsx(1,1988): error TS1127: Invalid character.
old.tsx(1,1989): error TS1127: Invalid character.
old.tsx(1,1993): error TS1109: Expression expected.
old.tsx(1,1994): error TS1003: Identifier expected.
old.tsx(1,1995): error TS1109: Expression expected.
old.tsx(1,1999): error TS1127: Invalid character.
old.tsx(1,2007): error TS1109: Expression expected.
old.tsx(1,2008): error TS1109: Expression expected.
old.tsx(1,2033): error TS1127: Invalid character.
old.tsx(1,2034): error TS1127: Invalid character.
old.tsx(1,2038): error TS1109: Expression expected.
old.tsx(1,2039): error TS1003: Identifier expected.
old.tsx(1,2040): error TS1109: Expression expected.
old.tsx(1,2044): error TS1127: Invalid character.
old.tsx(1,2052): error TS1109: Expression expected.
old.tsx(1,2053): error TS1109: Expression expected.
old.tsx(1,2065): error TS1109: Expression expected.
old.tsx(1,2075): error TS1109: Expression expected.
old.tsx(1,2086): error TS1109: Expression expected.
old.tsx(1,2087): error TS1127: Invalid character.
old.tsx(1,2088): error TS1127: Invalid character.
old.tsx(1,2092): error TS1109: Expression expected.
old.tsx(1,2093): error TS1109: Expression expected.
old.tsx(1,2095): error TS1127: Invalid character.
old.tsx(1,2096): error TS1127: Invalid character.
old.tsx(1,2099): error TS1109: Expression expected.
old.tsx(1,2101): error TS1127: Invalid character.
old.tsx(1,2102): error TS1127: Invalid character.
old.tsx(1,2105): error TS1109: Expression expected.
old.tsx(1,2106): error TS1137: Expression or comma expected.
old.tsx(1,2108): error TS1109: Expression expected.
old.tsx(1,2109): error TS1003: Identifier expected.
old.tsx(1,2110): error TS1109: Expression expected.
old.tsx(1,2114): error TS1127: Invalid character.
old.tsx(1,2122): error TS1109: Expression expected.
old.tsx(1,2123): error TS1109: Expression expected.
old.tsx(1,2129): error TS1127: Invalid character.
old.tsx(1,2130): error TS1127: Invalid character.
old.tsx(1,2134): error TS1109: Expression expected.
old.tsx(1,2135): error TS1109: Expression expected.
old.tsx(1,2140): error TS1127: Invalid character.
old.tsx(1,2141): error TS1127: Invalid character.
old.tsx(1,2144): error TS1109: Expression expected.
old.tsx(1,2146): error TS1109: Expression expected.
old.tsx(1,2147): error TS1003: Identifier expected.
old.tsx(1,2148): error TS1109: Expression expected.
old.tsx(1,2152): error TS1127: Invalid character.
old.tsx(1,2160): error TS1109: Expression expected.
old.tsx(1,2161): error TS1109: Expression expected.
old.tsx(1,2169): error TS1127: Invalid character.
old.tsx(1,2170): error TS1127: Invalid character.
old.tsx(1,2178): error TS1005: ',' expected.
old.tsx(1,2180): error TS1127: Invalid character.
old.tsx(1,2181): error TS1127: Invalid character.
old.tsx(1,2184): error TS1109: Expression expected.
old.tsx(1,2186): error TS1109: Expression expected.
old.tsx(1,2187): error TS1003: Identifier expected.
old.tsx(1,2188): error TS1109: Expression expected.
old.tsx(1,2192): error TS1127: Invalid character.
old.tsx(1,2200): error TS1109: Expression expected.
old.tsx(1,2201): error TS1109: Expression expected.
old.tsx(1,2210): error TS1127: Invalid character.
old.tsx(1,2211): error TS1127: Invalid character.
old.tsx(1,2219): error TS1005: ',' expected.
old.tsx(1,2221): error TS1127: Invalid character.
old.tsx(1,2222): error TS1127: Invalid character.
old.tsx(1,2225): error TS1109: Expression expected.
old.tsx(1,2227): error TS1109: Expression expected.
old.tsx(1,2228): error TS1003: Identifier expected.
old.tsx(1,2229): error TS1109: Expression expected.
old.tsx(1,2233): error TS1127: Invalid character.
old.tsx(1,2239): error TS1127: Invalid character.
old.tsx(1,2240): error TS1434: Unexpected keyword or identifier.
old.tsx(1,2276): error TS1127: Invalid character.
old.tsx(1,2277): error TS1434: Unexpected keyword or identifier.
old.tsx(1,2317): error TS1127: Invalid character.
old.tsx(1,2318): error TS1434: Unexpected keyword or identifier.
old.tsx(1,2347): error TS1127: Invalid character.
old.tsx(1,2348): error TS1434: Unexpected keyword or identifier.
old.tsx(1,2412): error TS1127: Invalid character.
old.tsx(1,2413): error TS1434: Unexpected keyword or identifier.
old.tsx(1,2473): error TS1127: Invalid character.
old.tsx(1,2480): error TS1127: Invalid character.
old.tsx(1,2485): error TS1127: Invalid character.
old.tsx(1,2486): error TS1434: Unexpected keyword or identifier.
old.tsx(1,2532): error TS1127: Invalid character.
old.tsx(1,2535): error TS1127: Invalid character.
old.tsx(1,2537): error TS1127: Invalid character.
old.tsx(1,2538): error TS1435: Unknown keyword or identifier. Did you mean 'function'?
old.tsx(1,2572): error TS1005: ',' expected.
old.tsx(1,2596): error TS1005: ',' expected.
old.tsx(1,2613): error TS1005: ';' expected.
old.tsx(1,2615): error TS1434: Unexpected keyword or identifier.
old.tsx(1,2623): error TS1127: Invalid character.
old.tsx(1,2624): error TS1434: Unexpected keyword or identifier.
old.tsx(1,2666): error TS1127: Invalid character.
old.tsx(1,2667): error TS1434: Unexpected keyword or identifier.
old.tsx(1,2683): error TS1127: Invalid character.
old.tsx(1,2689): error TS1005: ',' expected.
old.tsx(1,2697): error TS1005: ',' expected.
old.tsx(1,2698): error TS1127: Invalid character.
old.tsx(1,2707): error TS1127: Invalid character.
old.tsx(1,2708): error TS1127: Invalid character.
old.tsx(1,2710): error TS1127: Invalid character.
old.tsx(1,2711): error TS1127: Invalid character.
old.tsx(1,2718): error TS1005: ',' expected.
old.tsx(1,2720): error TS1127: Invalid character.
old.tsx(1,2721): error TS1127: Invalid character.
old.tsx(1,2724): error TS1109: Expression expected.
old.tsx(1,2725): error TS1137: Expression or comma expected.
old.tsx(1,2728): error TS1127: Invalid character.
old.tsx(1,2729): error TS1127: Invalid character.
old.tsx(1,2732): error TS1109: Expression expected.
old.tsx(1,2733): error TS1005: ',' expected.
old.tsx(1,2736): error TS1127: Invalid character.
old.tsx(1,2737): error TS1127: Invalid character.
old.tsx(1,2740): error TS1109: Expression expected.
old.tsx(1,2741): error TS1005: ',' expected.
old.tsx(1,2744): error TS1127: Invalid character.
old.tsx(1,2745): error TS1127: Invalid character.
old.tsx(1,2748): error TS1109: Expression expected.
old.tsx(1,2749): error TS1005: ',' expected.
old.tsx(1,2752): error TS1127: Invalid character.
old.tsx(1,2753): error TS1127: Invalid character.
old.tsx(1,2756): error TS1109: Expression expected.
old.tsx(1,2757): error TS1005: ',' expected.
old.tsx(1,2760): error TS1127: Invalid character.
old.tsx(1,2761): error TS1127: Invalid character.
old.tsx(1,2764): error TS1109: Expression expected.
old.tsx(1,2765): error TS1127: Invalid character.
old.tsx(1,2766): error TS1127: Invalid character.
old.tsx(1,2768): error TS1127: Invalid character.
old.tsx(1,2769): error TS1127: Invalid character.
old.tsx(1,2774): error TS1127: Invalid character.
old.tsx(1,2808): error TS1005: ';' expected.
old.tsx(1,2812): error TS1127: Invalid character.
old.tsx(1,2813): error TS1434: Unexpected keyword or identifier.
old.tsx(1,2848): error TS1127: Invalid character.
old.tsx(1,2849): error TS1434: Unexpected keyword or identifier.
old.tsx(1,2926): error TS1127: Invalid character.
old.tsx(1,2927): error TS1434: Unexpected keyword or identifier.
old.tsx(1,3006): error TS1127: Invalid character.
old.tsx(1,3007): error TS1434: Unexpected keyword or identifier.
old.tsx(1,3090): error TS1127: Invalid character.
old.tsx(1,3091): error TS1434: Unexpected keyword or identifier.
old.tsx(1,3225): error TS1127: Invalid character.
old.tsx(1,3226): error TS1434: Unexpected keyword or identifier.
old.tsx(1,4036): error TS1127: Invalid character.
old.tsx(1,4045): error TS1127: Invalid character.
old.tsx(1,4046): error TS1434: Unexpected keyword or identifier.
old.tsx(1,4051): error TS1128: Declaration or statement expected.
old.tsx(1,4052): error TS1127: Invalid character.
old.tsx(1,4114): error TS1127: Invalid character.
old.tsx(1,4160): error TS1127: Invalid character.
old.tsx(1,4205): error TS1127: Invalid character.
old.tsx(1,4249): error TS1127: Invalid character.
old.tsx(1,4292): error TS1127: Invalid character.
old.tsx(1,4366): error TS1127: Invalid character.
old.tsx(1,4425): error TS1127: Invalid character.
old.tsx(1,4470): error TS1127: Invalid character.
old.tsx(1,4541): error TS1127: Invalid character.
old.tsx(1,4542): error TS1434: Unexpected keyword or identifier.
old.tsx(1,4646): error TS1127: Invalid character.
old.tsx(1,4647): error TS1434: Unexpected keyword or identifier.
old.tsx(1,4715): error TS1127: Invalid character.
old.tsx(1,4724): error TS1127: Invalid character.
old.tsx(1,4725): error TS1434: Unexpected keyword or identifier.
old.tsx(1,4841): error TS1127: Invalid character.
old.tsx(1,4849): error TS1127: Invalid character.
old.tsx(1,4997): error TS1127: Invalid character.
old.tsx(1,5047): error TS1127: Invalid character.
old.tsx(1,5096): error TS1127: Invalid character.
old.tsx(1,5132): error TS1127: Invalid character.
old.tsx(1,5162): error TS1127: Invalid character.
old.tsx(1,5198): error TS1127: Invalid character.
old.tsx(1,5233): error TS1127: Invalid character.
old.tsx(1,5234): error TS1434: Unexpected keyword or identifier.
old.tsx(1,5281): error TS1109: Expression expected.
old.tsx(1,5282): error TS1109: Expression expected.
old.tsx(1,5283): error TS1127: Invalid character.
old.tsx(1,5284): error TS1127: Invalid character.
old.tsx(1,5302): error TS1127: Invalid character.
old.tsx(1,5307): error TS1382: Unexpected token. Did you mean `{'>'}` or `&gt;`?
old.tsx(1,5379): error TS1127: Invalid character.
old.tsx(1,5392): error TS1382: Unexpected token. Did you mean `{'>'}` or `&gt;`?
old.tsx(1,5422): error TS1127: Invalid character.
old.tsx(1,5435): error TS1382: Unexpected token. Did you mean `{'>'}` or `&gt;`?
old.tsx(1,5451): error TS1382: Unexpected token. Did you mean `{'>'}` or `&gt;`?
old.tsx(1,5454): error TS1127: Invalid character.
old.tsx(1,5492): error TS1127: Invalid character.
old.tsx(1,5506): error TS1382: Unexpected token. Did you mean `{'>'}` or `&gt;`?
old.tsx(1,5575): error TS1381: Unexpected token. Did you mean `{'}'}` or `&rbrace;`?
old.tsx(1,5611): error TS1127: Invalid character.
old.tsx(1,5615): error TS1382: Unexpected token. Did you mean `{'>'}` or `&gt;`?
old.tsx(1,5670): error TS1382: Unexpected token. Did you mean `{'>'}` or `&gt;`?
old.tsx(1,5751): error TS1381: Unexpected token. Did you mean `{'}'}` or `&rbrace;`?
old.tsx(1,5811): error TS1005: '}' expected.
old.tsx(1,5863): error TS1381: Unexpected token. Did you mean `{'}'}` or `&rbrace;`?
old.tsx(1,5866): error TS1127: Invalid character.
old.tsx(1,5916): error TS1382: Unexpected token. Did you mean `{'>'}` or `&gt;`?
old.tsx(1,5919): error TS1127: Invalid character.
old.tsx(1,6192): error TS1382: Unexpected token. Did you mean `{'>'}` or `&gt;`?
old.tsx(1,6201): error TS1381: Unexpected token. Did you mean `{'}'}` or `&rbrace;`?
old.tsx(1,6251): error TS1005: '}' expected.
old.tsx(1,6284): error TS1381: Unexpected token. Did you mean `{'}'}` or `&rbrace;`?
old.tsx(1,6574): error TS1382: Unexpected token. Did you mean `{'>'}` or `&gt;`?
old.tsx(1,6578): error TS1109: Expression expected.
old.tsx(1,6600): error TS1382: Unexpected token. Did you mean `{'>'}` or `&gt;`?
old.tsx(1,6644): error TS1381: Unexpected token. Did you mean `{'}'}` or `&rbrace;`?
old.tsx(1,6689): error TS1003: Identifier expected.
old.tsx(1,6697): error TS1127: Invalid character.
old.tsx(1,6919): error TS1382: Unexpected token. Did you mean `{'>'}` or `&gt;`?
old.tsx(1,6931): error TS1127: Invalid character.
old.tsx(1,7135): error TS1005: '}' expected.
old.tsx(1,7144): error TS1381: Unexpected token. Did you mean `{'}'}` or `&rbrace;`?
old.tsx(1,7151): error TS1381: Unexpected token. Did you mean `{'}'}` or `&rbrace;`?
old.tsx(1,7177): error TS1382: Unexpected token. Did you mean `{'>'}` or `&gt;`?
old.tsx(1,7184): error TS1127: Invalid character.
old.tsx(1,7494): error TS1382: Unexpected token. Did you mean `{'>'}` or `&gt;`?
old.tsx(1,7498): error TS1109: Expression expected.
old.tsx(1,7520): error TS1382: Unexpected token. Did you mean `{'>'}` or `&gt;`?
old.tsx(1,7564): error TS1381: Unexpected token. Did you mean `{'}'}` or `&rbrace;`?
old.tsx(1,7573): error TS1381: Unexpected token. Did you mean `{'}'}` or `&rbrace;`?
old.tsx(1,7578): error TS1381: Unexpected token. Did you mean `{'}'}` or `&rbrace;`?
old.tsx(1,7596): error TS1005: '}' expected.
old.tsx(1,7642): error TS1381: Unexpected token. Did you mean `{'}'}` or `&rbrace;`?
old.tsx(1,7646): error TS1381: Unexpected token. Did you mean `{'}'}` or `&rbrace;`?
old.tsx(1,7711): error TS1127: Invalid character.
old.tsx(1,7737): error TS1003: Identifier expected.
old.tsx(1,7826): error TS1005: '}' expected.
old.tsx(1,7943): error TS1381: Unexpected token. Did you mean `{'}'}` or `&rbrace;`?
old.tsx(1,7958): error TS1005: '}' expected.
old.tsx(1,8037): error TS1381: Unexpected token. Did you mean `{'}'}` or `&rbrace;`?
old.tsx(1,8052): error TS1005: '}' expected.
old.tsx(1,8154): error TS1381: Unexpected token. Did you mean `{'}'}` or `&rbrace;`?
old.tsx(1,8169): error TS1005: '}' expected.
old.tsx(1,8278): error TS1381: Unexpected token. Did you mean `{'}'}` or `&rbrace;`?
old.tsx(1,8293): error TS1005: '}' expected.
old.tsx(1,8381): error TS1381: Unexpected token. Did you mean `{'}'}` or `&rbrace;`?
old.tsx(1,8464): error TS1003: Identifier expected.
old.tsx(1,8472): error TS1127: Invalid character.
old.tsx(1,8556): error TS1127: Invalid character.
old.tsx(1,8929): error TS1382: Unexpected token. Did you mean `{'>'}` or `&gt;`?
old.tsx(1,8956): error TS1382: Unexpected token. Did you mean `{'>'}` or `&gt;`?
old.tsx(1,8962): error TS1127: Invalid character.
old.tsx(1,9111): error TS1127: Invalid character.
old.tsx(1,9308): error TS1381: Unexpected token. Did you mean `{'}'}` or `&rbrace;`?
old.tsx(1,9317): error TS1381: Unexpected token. Did you mean `{'}'}` or `&rbrace;`?
old.tsx(1,9324): error TS1381: Unexpected token. Did you mean `{'}'}` or `&rbrace;`?
old.tsx(1,9329): error TS1381: Unexpected token. Did you mean `{'}'}` or `&rbrace;`?
old.tsx(1,9458): error TS1382: Unexpected token. Did you mean `{'>'}` or `&gt;`?
old.tsx(1,9677): error TS1382: Unexpected token. Did you mean `{'>'}` or `&gt;`?
old.tsx(1,9721): error TS1381: Unexpected token. Did you mean `{'}'}` or `&rbrace;`?
old.tsx(1,9792): error TS1127: Invalid character.
old.tsx(1,10059): error TS1127: Invalid character.
old.tsx(1,10068): error TS1382: Unexpected token. Did you mean `{'>'}` or `&gt;`?
old.tsx(1,10143): error TS1005: '}' expected.
old.tsx(1,10212): error TS1381: Unexpected token. Did you mean `{'}'}` or `&rbrace;`?
old.tsx(1,10245): error TS1005: '}' expected.
old.tsx(1,10288): error TS1381: Unexpected token. Did you mean `{'}'}` or `&rbrace;`?
old.tsx(1,10308): error TS1005: '}' expected.
old.tsx(1,10347): error TS1381: Unexpected token. Did you mean `{'}'}` or `&rbrace;`?
old.tsx(1,10375): error TS1005: '}' expected.
old.tsx(1,10383): error TS1381: Unexpected token. Did you mean `{'}'}` or `&rbrace;`?
old.tsx(1,10403): error TS1005: '}' expected.
old.tsx(1,10410): error TS1381: Unexpected token. Did you mean `{'}'}` or `&rbrace;`?
old.tsx(1,10445): error TS1005: '}' expected.
old.tsx(1,10534): error TS1381: Unexpected token. Did you mean `{'}'}` or `&rbrace;`?
old.tsx(1,10574): error TS1005: '}' expected.
old.tsx(1,10632): error TS1381: Unexpected token. Did you mean `{'}'}` or `&rbrace;`?
old.tsx(1,10670): error TS1005: '}' expected.
old.tsx(1,10698): error TS1381: Unexpected token. Did you mean `{'}'}` or `&rbrace;`?
old.tsx(1,10758): error TS1127: Invalid character.
old.tsx(1,10834): error TS1382: Unexpected token. Did you mean `{'>'}` or `&gt;`?
old.tsx(1,10845): error TS17002: Expected corresponding JSX closing tag for 'body'.
old.tsx(1,10848): error TS1127: Invalid character.
old.tsx(1,10896): error TS1127: Invalid character.
old.tsx(1,10996): error TS1382: Unexpected token. Did you mean `{'>'}` or `&gt;`?
old.tsx(1,11047): error TS17002: Expected corresponding JSX closing tag for 'br'.
old.tsx(1,11049): error TS1127: Invalid character.
old.tsx(1,11057): error TS17002: Expected corresponding JSX closing tag for 'html'.
old.tsx(1,11062): error TS1127: Invalid character.
old.tsx(1,11070): error TS17002: Expected corresponding JSX closing tag for 'hr'.
old.tsx(1,11075): error TS1127: Invalid character.
old.tsx(1,11083): error TS1381: Unexpected token. Did you mean `{'}'}` or `&rbrace;`?
old.tsx(1,11120): error TS1382: Unexpected token. Did you mean `{'>'}` or `&gt;`?
old.tsx(1,11123): error TS1127: Invalid character.
old.tsx(1,11451): error TS1003: Identifier expected.
old.tsx(1,11453): error TS1382: Unexpected token. Did you mean `{'>'}` or `&gt;`?
old.tsx(1,11527): error TS1003: Identifier expected.
old.tsx(1,11533): error TS1382: Unexpected token. Did you mean `{'>'}` or `&gt;`?
old.tsx(1,11583): error TS1003: Identifier expected.
old.tsx(1,11585): error TS1382: Unexpected token. Did you mean `{'>'}` or `&gt;`?
old.tsx(1,11945): error TS1003: Identifier expected.
old.tsx(1,11947): error TS1382: Unexpected token. Did you mean `{'>'}` or `&gt;`?
old.tsx(1,12068): error TS1382: Unexpected token. Did you mean `{'>'}` or `&gt;`?
old.tsx(1,12359): error TS1003: Identifier expected.
old.tsx(1,12387): error TS1382: Unexpected token. Did you mean `{'>'}` or `&gt;`?
old.tsx(1,12450): error TS1003: Identifier expected.
old.tsx(1,12490): error TS1382: Unexpected token. Did you mean `{'>'}` or `&gt;`?
old.tsx(1,12558): error TS1003: Identifier expected.
old.tsx(1,12564): error TS1382: Unexpected token. Did you mean `{'>'}` or `&gt;`?
old.tsx(1,12640): error TS1003: Identifier expected.
old.tsx(1,12646): error TS1382: Unexpected token. Did you mean `{'>'}` or `&gt;`?
old.tsx(1,12777): error TS1003: Identifier expected.
old.tsx(1,12791): error TS1382: Unexpected token. Did you mean `{'>'}` or `&gt;`?
old.tsx(1,12871): error TS1003: Identifier expected.
old.tsx(1,12877): error TS1382: Unexpected token. Did you mean `{'>'}` or `&gt;`?
old.tsx(1,13407): error TS1003: Identifier expected.
old.tsx(1,13442): error TS1382: Unexpected token. Did you mean `{'>'}` or `&gt;`?
old.tsx(1,13692): error TS1003: Identifier expected.
old.tsx(1,13729): error TS1382: Unexpected token. Did you mean `{'>'}` or `&gt;`?
old.tsx(1,13775): error TS1005: '}' expected.
old.tsx(1,13790): error TS1381: Unexpected token. Did you mean `{'}'}` or `&rbrace;`?
old.tsx(1,13849): error TS1003: Identifier expected.
old.tsx(1,13855): error TS1382: Unexpected token. Did you mean `{'>'}` or `&gt;`?
old.tsx(1,13917): error TS1003: Identifier expected.
old.tsx(1,13923): error TS1382: Unexpected token. Did you mean `{'>'}` or `&gt;`?
old.tsx(1,13971): error TS1003: Identifier expected.
old.tsx(1,13977): error TS1382: Unexpected token. Did you mean `{'>'}` or `&gt;`?
old.tsx(1,14103): error TS1382: Unexpected token. Did you mean `{'>'}` or `&gt;`?
old.tsx(1,14106): error TS1127: Invalid character.
old.tsx(1,14153): error TS1382: Unexpected token. Did you mean `{'>'}` or `&gt;`?
old.tsx(1,14156): error TS1127: Invalid character.
old.tsx(1,14189): error TS1127: Invalid character.
old.tsx(1,14313): error TS1381: Unexpected token. Did you mean `{'}'}` or `&rbrace;`?
old.tsx(1,14320): error TS1381: Unexpected token. Did you mean `{'}'}` or `&rbrace;`?
old.tsx(1,14370): error TS1127: Invalid character.
old.tsx(1,14448): error TS1382: Unexpected token. Did you mean `{'>'}` or `&gt;`?
old.tsx(1,14510): error TS1381: Unexpected token. Did you mean `{'}'}` or `&rbrace;`?
old.tsx(1,14515): error TS1381: Unexpected token. Did you mean `{'}'}` or `&rbrace;`?
old.tsx(1,14601): error TS1382: Unexpected token. Did you mean `{'>'}` or `&gt;`?
old.tsx(1,14770): error TS1382: Unexpected token. Did you mean `{'>'}` or `&gt;`?
old.tsx(1,14918): error TS1382: Unexpected token. Did you mean `{'>'}` or `&gt;`?
old.tsx(1,14934): error TS1382: Unexpected token. Did you mean `{'>'}` or `&gt;`?
old.tsx(1,14937): error TS1127: Invalid character.
old.tsx(1,14963): error TS1382: Unexpected token. Did you mean `{'>'}` or `&gt;`?
old.tsx(1,14986): error TS1382: Unexpected token. Did you mean `{'>'}` or `&gt;`?
old.tsx(1,15046): error TS1005: '}' expected.
old.tsx(1,15073): error TS1381: Unexpected token. Did you mean `{'}'}` or `&rbrace;`?
old.tsx(1,15105): error TS1381: Unexpected token. Did you mean `{'}'}` or `&rbrace;`?
old.tsx(1,15208): error TS1382: Unexpected token. Did you mean `{'>'}` or `&gt;`?
old.tsx(1,15224): error TS1382: Unexpected token. Did you mean `{'>'}` or `&gt;`?
old.tsx(1,15227): error TS1127: Invalid character.
old.tsx(1,15253): error TS1382: Unexpected token. Did you mean `{'>'}` or `&gt;`?
old.tsx(1,15256): error TS1127: Invalid character.
old.tsx(1,15294): error TS1382: Unexpected token. Did you mean `{'>'}` or `&gt;`?
old.tsx(1,15387): error TS1382: Unexpected token. Did you mean `{'>'}` or `&gt;`?
old.tsx(1,15467): error TS1005: '}' expected.
old.tsx(1,15494): error TS1381: Unexpected token. Did you mean `{'}'}` or `&rbrace;`?
old.tsx(1,15532): error TS1381: Unexpected token. Did you mean `{'}'}` or `&rbrace;`?
old.tsx(1,15541): error TS1381: Unexpected token. Did you mean `{'}'}` or `&rbrace;`?
old.tsx(1,15593): error TS1382: Unexpected token. Did you mean `{'>'}` or `&gt;`?
old.tsx(1,15596): error TS1127: Invalid character.
old.tsx(1,15628): error TS1382: Unexpected token. Did you mean `{'>'}` or `&gt;`?
old.tsx(1,15631): error TS1127: Invalid character.
old.tsx(1,15778): error TS1127: Invalid character.
old.tsx(1,15793): error TS1127: Invalid character.
old.tsx(1,15895): error TS1382: Unexpected token. Did you mean `{'>'}` or `&gt;`?
old.tsx(1,15899): error TS1127: Invalid character.
old.tsx(1,15967): error TS1382: Unexpected token. Did you mean `{'>'}` or `&gt;`?
old.tsx(1,15971): error TS1127: Invalid character.
old.tsx(1,16120): error TS1381: Unexpected token. Did you mean `{'}'}` or `&rbrace;`?
old.tsx(1,16136): error TS1381: Unexpected token. Did you mean `{'}'}` or `&rbrace;`?
old.tsx(1,16150): error TS1381: Unexpected token. Did you mean `{'}'}` or `&rbrace;`?
old.tsx(1,16194): error TS1005: '}' expected.
old.tsx(1,16196): error TS1381: Unexpected token. Did you mean `{'}'}` or `&rbrace;`?
old.tsx(1,16205): error TS1381: Unexpected token. Did you mean `{'}'}` or `&rbrace;`?
old.tsx(1,16219): error TS1127: Invalid character.
old.tsx(1,16318): error TS1003: Identifier expected.
old.tsx(1,16331): error TS1382: Unexpected token. Did you mean `{'>'}` or `&gt;`?
old.tsx(1,16370): error TS1382: Unexpected token. Did you mean `{'>'}` or `&gt;`?
old.tsx(1,16429): error TS1382: Unexpected token. Did you mean `{'>'}` or `&gt;`?
old.tsx(1,16432): error TS1127: Invalid character.
old.tsx(1,16509): error TS1127: Invalid character.
old.tsx(1,16559): error TS1109: Expression expected.
old.tsx(1,16600): error TS1382: Unexpected token. Did you mean `{'>'}` or `&gt;`?
old.tsx(1,16629): error TS1381: Unexpected token. Did you mean `{'}'}` or `&rbrace;`?
old.tsx(1,16644): error TS1381: Unexpected token. Did you mean `{'}'}` or `&rbrace;`?
old.tsx(1,16652): error TS1127: Invalid character.
old.tsx(1,16702): error TS1381: Unexpected token. Did you mean `{'}'}` or `&rbrace;`?
old.tsx(1,16713): error TS1381: Unexpected token. Did you mean `{'}'}` or `&rbrace;`?
old.tsx(1,16806): error TS1382: Unexpected token. Did you mean `{'>'}` or `&gt;`?
old.tsx(1,16959): error TS1382: Unexpected token. Did you mean `{'>'}` or `&gt;`?
old.tsx(1,17048): error TS1381: Unexpected token. Did you mean `{'}'}` or `&rbrace;`?
old.tsx(1,17061): error TS1127: Invalid character.
old.tsx(1,17133): error TS1382: Unexpected token. Did you mean `{'>'}` or `&gt;`?
old.tsx(1,17221): error TS1381: Unexpected token. Did you mean `{'}'}` or `&rbrace;`?
old.tsx(1,17374): error TS1003: Identifier expected.
old.tsx(1,17440): error TS1381: Unexpected token. Did you mean `{'}'}` or `&rbrace;`?
old.tsx(1,17462): error TS1381: Unexpected token. Did you mean `{'}'}` or `&rbrace;`?
old.tsx(1,17489): error TS1382: Unexpected token. Did you mean `{'>'}` or `&gt;`?
old.tsx(1,17492): error TS1127: Invalid character.
old.tsx(1,17555): error TS1127: Invalid character.
old.tsx(1,17568): error TS1127: Invalid character.
old.tsx(1,17655): error TS1381: Unexpected token. Did you mean `{'}'}` or `&rbrace;`?
old.tsx(1,17673): error TS1127: Invalid character.
old.tsx(1,17740): error TS1127: Invalid character.
old.tsx(1,17987): error TS1005: '}' expected.
old.tsx(1,17989): error TS1381: Unexpected token. Did you mean `{'}'}` or `&rbrace;`?
old.tsx(1,18124): error TS1381: Unexpected token. Did you mean `{'}'}` or `&rbrace;`?
old.tsx(1,18133): error TS1381: Unexpected token. Did you mean `{'}'}` or `&rbrace;`?
old.tsx(1,18140): error TS1381: Unexpected token. Did you mean `{'}'}` or `&rbrace;`?
old.tsx(1,18145): error TS1381: Unexpected token. Did you mean `{'}'}` or `&rbrace;`?
old.tsx(1,18195): error TS1382: Unexpected token. Did you mean `{'>'}` or `&gt;`?
old.tsx(1,18198): error TS1127: Invalid character.
old.tsx(1,18481): error TS1381: Unexpected token. Did you mean `{'}'}` or `&rbrace;`?
old.tsx(1,18518): error TS1382: Unexpected token. Did you mean `{'>'}` or `&gt;`?
old.tsx(1,18521): error TS1127: Invalid character.
old.tsx(1,18613): error TS1381: Unexpected token. Did you mean `{'}'}` or `&rbrace;`?
old.tsx(1,18671): error TS1382: Unexpected token. Did you mean `{'>'}` or `&gt;`?
old.tsx(1,18674): error TS1127: Invalid character.
old.tsx(1,18799): error TS1127: Invalid character.
old.tsx(1,19069): error TS1381: Unexpected token. Did you mean `{'}'}` or `&rbrace;`?
old.tsx(1,19095): error TS1382: Unexpected token. Did you mean `{'>'}` or `&gt;`?
old.tsx(1,19458): error TS1381: Unexpected token. Did you mean `{'}'}` or `&rbrace;`?
old.tsx(1,19535): error TS1382: Unexpected token. Did you mean `{'>'}` or `&gt;`?
old.tsx(1,19538): error TS1127: Invalid character.
old.tsx(1,19976): error TS1382: Unexpected token. Did you mean `{'>'}` or `&gt;`?
old.tsx(1,20063): error TS1127: Invalid character.
old.tsx(1,20110): error TS1127: Invalid character.
old.tsx(1,20234): error TS1382: Unexpected token. Did you mean `{'>'}` or `&gt;`?
old.tsx(1,20257): error TS1381: Unexpected token. Did you mean `{'}'}` or `&rbrace;`?
old.tsx(1,20306): error TS1005: '}' expected.
old.tsx(1,20308): error TS1381: Unexpected token. Did you mean `{'}'}` or `&rbrace;`?
old.tsx(1,20353): error TS1005: '}' expected.
old.tsx(1,20355): error TS1381: Unexpected token. Did you mean `{'}'}` or `&rbrace;`?
old.tsx(1,20362): error TS1381: Unexpected token. Did you mean `{'}'}` or `&rbrace;`?
old.tsx(1,20367): error TS1381: Unexpected token. Did you mean `{'}'}` or `&rbrace;`?
old.tsx(1,20424): error TS1382: Unexpected token. Did you mean `{'>'}` or `&gt;`?
old.tsx(1,20427): error TS1127: Invalid character.
old.tsx(1,20513): error TS1127: Invalid character.
old.tsx(1,20632): error TS1381: Unexpected token. Did you mean `{'}'}` or `&rbrace;`?
old.tsx(1,20730): error TS1382: Unexpected token. Did you mean `{'>'}` or `&gt;`?
old.tsx(1,20826): error TS1127: Invalid character.
old.tsx(1,20884): error TS1382: Unexpected token. Did you mean `{'>'}` or `&gt;`?
old.tsx(1,20890): error TS1127: Invalid character.
old.tsx(1,21031): error TS1127: Invalid character.
old.tsx(1,21146): error TS1382: Unexpected token. Did you mean `{'>'}` or `&gt;`?
old.tsx(1,21149): error TS1127: Invalid character.
old.tsx(1,21220): error TS1382: Unexpected token. Did you mean `{'>'}` or `&gt;`?
old.tsx(1,21292): error TS1381: Unexpected token. Did you mean `{'}'}` or `&rbrace;`?
old.tsx(1,21319): error TS1382: Unexpected token. Did you mean `{'>'}` or `&gt;`?
old.tsx(1,21359): error TS1381: Unexpected token. Did you mean `{'}'}` or `&rbrace;`?
old.tsx(1,21368): error TS1381: Unexpected token. Did you mean `{'}'}` or `&rbrace;`?
old.tsx(1,21376): error TS1127: Invalid character.
old.tsx(1,21413): error TS1381: Unexpected token. Did you mean `{'}'}` or `&rbrace;`?
old.tsx(1,21420): error TS1381: Unexpected token. Did you mean `{'}'}` or `&rbrace;`?
old.tsx(1,21425): error TS1381: Unexpected token. Did you mean `{'}'}` or `&rbrace;`?
old.tsx(1,21468): error TS1382: Unexpected token. Did you mean `{'>'}` or `&gt;`?
old.tsx(1,21471): error TS1127: Invalid character.
old.tsx(1,21706): error TS1005: '}' expected.
old.tsx(1,21733): error TS1381: Unexpected token. Did you mean `{'}'}` or `&rbrace;`?
old.tsx(1,21782): error TS1382: Unexpected token. Did you mean `{'>'}` or `&gt;`?
old.tsx(1,21806): error TS1127: Invalid character.
old.tsx(1,21938): error TS1382: Unexpected token. Did you mean `{'>'}` or `&gt;`?
old.tsx(1,21981): error TS1381: Unexpected token. Did you mean `{'}'}` or `&rbrace;`?
old.tsx(1,22019): error TS1005: '}' expected.
old.tsx(1,22021): error TS1381: Unexpected token. Did you mean `{'}'}` or `&rbrace;`?
old.tsx(1,22062): error TS1005: '}' expected.
old.tsx(1,22064): error TS1381: Unexpected token. Did you mean `{'}'}` or `&rbrace;`?
old.tsx(1,22069): error TS1381: Unexpected token. Did you mean `{'}'}` or `&rbrace;`?
old.tsx(1,22105): error TS1382: Unexpected token. Did you mean `{'>'}` or `&gt;`?
old.tsx(1,22108): error TS1127: Invalid character.
old.tsx(1,22169): error TS1382: Unexpected token. Did you mean `{'>'}` or `&gt;`?
old.tsx(1,22173): error TS1127: Invalid character.
old.tsx(1,22298): error TS1381: Unexpected token. Did you mean `{'}'}` or `&rbrace;`?
old.tsx(1,22482): error TS1381: Unexpected token. Did you mean `{'}'}` or `&rbrace;`?
old.tsx(1,22592): error TS1382: Unexpected token. Did you mean `{'>'}` or `&gt;`?
old.tsx(1,22595): error TS1127: Invalid character.
old.tsx(1,22973): error TS1005: '}' expected.
old.tsx(1,23008): error TS1381: Unexpected token. Did you mean `{'}'}` or `&rbrace;`?
old.tsx(1,23080): error TS1127: Invalid character.
old.tsx(1,23126): error TS1381: Unexpected token. Did you mean `{'}'}` or `&rbrace;`?
old.tsx(1,23134): error TS1127: Invalid character.
old.tsx(1,23186): error TS1382: Unexpected token. Did you mean `{'>'}` or `&gt;`?
old.tsx(1,23230): error TS1127: Invalid character.
old.tsx(1,23309): error TS1382: Unexpected token. Did you mean `{'>'}` or `&gt;`?
old.tsx(1,23458): error TS1381: Unexpected token. Did you mean `{'}'}` or `&rbrace;`?
old.tsx(1,23465): error TS1381: Unexpected token. Did you mean `{'}'}` or `&rbrace;`?
old.tsx(1,23612): error TS1127: Invalid character.
old.tsx(1,23736): error TS1381: Unexpected token. Did you mean `{'}'}` or `&rbrace;`?
old.tsx(1,23764): error TS1382: Unexpected token. Did you mean `{'>'}` or `&gt;`?
old.tsx(1,23778): error TS1382: Unexpected token. Did you mean `{'>'}` or `&gt;`?
old.tsx(1,23802): error TS1127: Invalid character.
old.tsx(1,23858): error TS1382: Unexpected token. Did you mean `{'>'}` or `&gt;`?
old.tsx(1,23946): error TS1381: Unexpected token. Did you mean `{'}'}` or `&rbrace;`?
old.tsx(1,23982): error TS1382: Unexpected token. Did you mean `{'>'}` or `&gt;`?
old.tsx(1,24007): error TS1127: Invalid character.
old.tsx(1,24027): error TS1005: '}' expected.
old.tsx(1,24089): error TS1381: Unexpected token. Did you mean `{'}'}` or `&rbrace;`?
old.tsx(1,24179): error TS1127: Invalid character.
old.tsx(1,24222): error TS1382: Unexpected token. Did you mean `{'>'}` or `&gt;`?
old.tsx(1,24263): error TS1382: Unexpected token. Did you mean `{'>'}` or `&gt;`?
old.tsx(1,24266): error TS1127: Invalid character.
old.tsx(1,24303): error TS1382: Unexpected token. Did you mean `{'>'}` or `&gt;`?
old.tsx(1,24306): error TS1127: Invalid character.
old.tsx(1,24430): error TS1381: Unexpected token. Did you mean `{'}'}` or `&rbrace;`?
old.tsx(1,24514): error TS1127: Invalid character.
old.tsx(1,24627): error TS1382: Unexpected token. Did you mean `{'>'}` or `&gt;`?
old.tsx(1,24767): error TS1381: Unexpected token. Did you mean `{'}'}` or `&rbrace;`?
old.tsx(1,24780): error TS1381: Unexpected token. Did you mean `{'}'}` or `&rbrace;`?
old.tsx(1,24888): error TS1381: Unexpected token. Did you mean `{'}'}` or `&rbrace;`?
old.tsx(1,25019): error TS1382: Unexpected token. Did you mean `{'>'}` or `&gt;`?
old.tsx(1,25023): error TS1127: Invalid character.
old.tsx(1,25075): error TS1003: Identifier expected.
old.tsx(1,25208): error TS1003: Identifier expected.
old.tsx(1,25295): error TS1382: Unexpected token. Did you mean `{'>'}` or `&gt;`?
old.tsx(1,25335): error TS1127: Invalid character.
old.tsx(1,25519): error TS1005: '}' expected.
old.tsx(1,25533): error TS1381: Unexpected token. Did you mean `{'}'}` or `&rbrace;`?
old.tsx(1,25548): error TS1381: Unexpected token. Did you mean `{'}'}` or `&rbrace;`?
old.tsx(1,25575): error TS1381: Unexpected token. Did you mean `{'}'}` or `&rbrace;`?
old.tsx(1,25637): error TS1382: Unexpected token. Did you mean `{'>'}` or `&gt;`?
old.tsx(1,25645): error TS1127: Invalid character.
old.tsx(1,25714): error TS1127: Invalid character.
old.tsx(1,25798): error TS1005: '}' expected.
old.tsx(1,25813): error TS1381: Unexpected token. Did you mean `{'}'}` or `&rbrace;`?
old.tsx(1,25849): error TS1127: Invalid character.
old.tsx(1,26102): error TS1381: Unexpected token. Did you mean `{'}'}` or `&rbrace;`?
old.tsx(1,26115): error TS1381: Unexpected token. Did you mean `{'}'}` or `&rbrace;`?
old.tsx(1,26129): error TS1382: Unexpected token. Did you mean `{'>'}` or `&gt;`?
old.tsx(1,26172): error TS1381: Unexpected token. Did you mean `{'}'}` or `&rbrace;`?
old.tsx(1,26181): error TS1381: Unexpected token. Did you mean `{'}'}` or `&rbrace;`?
old.tsx(1,26203): error TS1127: Invalid character.
old.tsx(1,26283): error TS1127: Invalid character.
old.tsx(1,26311): error TS1382: Unexpected token. Did you mean `{'>'}` or `&gt;`?
old.tsx(1,26325): error TS1382: Unexpected token. Did you mean `{'>'}` or `&gt;`?
old.tsx(1,26349): error TS1127: Invalid character.
old.tsx(1,26411): error TS1382: Unexpected token. Did you mean `{'>'}` or `&gt;`?
old.tsx(1,26463): error TS1382: Unexpected token. Did you mean `{'>'}` or `&gt;`?
old.tsx(1,26478): error TS1381: Unexpected token. Did you mean `{'}'}` or `&rbrace;`?
old.tsx(1,26585): error TS1381: Unexpected token. Did you mean `{'}'}` or `&rbrace;`?
old.tsx(1,26752): error TS1382: Unexpected token. Did you mean `{'>'}` or `&gt;`?
old.tsx(1,26756): error TS1127: Invalid character.
old.tsx(1,26816): error TS1382: Unexpected token. Did you mean `{'>'}` or `&gt;`?
old.tsx(1,26843): error TS1127: Invalid character.
old.tsx(1,27002): error TS1381: Unexpected token. Did you mean `{'}'}` or `&rbrace;`?
old.tsx(1,27013): error TS1381: Unexpected token. Did you mean `{'}'}` or `&rbrace;`?
old.tsx(1,27023): error TS1381: Unexpected token. Did you mean `{'}'}` or `&rbrace;`?
old.tsx(1,27034): error TS1127: Invalid character.
old.tsx(1,27110): error TS1381: Unexpected token. Did you mean `{'}'}` or `&rbrace;`?
old.tsx(1,27115): error TS1381: Unexpected token. Did you mean `{'}'}` or `&rbrace;`?
old.tsx(1,27193): error TS1382: Unexpected token. Did you mean `{'>'}` or `&gt;`?
old.tsx(1,27196): error TS1127: Invalid character.
old.tsx(1,27299): error TS1127: Invalid character.
old.tsx(1,27452): error TS1127: Invalid character.
old.tsx(1,27753): error TS1381: Unexpected token. Did you mean `{'}'}` or `&rbrace;`?
old.tsx(1,27781): error TS1382: Unexpected token. Did you mean `{'>'}` or `&gt;`?
old.tsx(1,27879): error TS1381: Unexpected token. Did you mean `{'}'}` or `&rbrace;`?
old.tsx(1,27887): error TS1127: Invalid character.
old.tsx(1,27928): error TS1382: Unexpected token. Did you mean `{'>'}` or `&gt;`?
old.tsx(1,28018): error TS1381: Unexpected token. Did you mean `{'}'}` or `&rbrace;`?
old.tsx(1,28058): error TS1005: '}' expected.
old.tsx(1,28140): error TS1381: Unexpected token. Did you mean `{'}'}` or `&rbrace;`?
old.tsx(1,28166): error TS1382: Unexpected token. Did you mean `{'>'}` or `&gt;`?
old.tsx(1,28180): error TS1382: Unexpected token. Did you mean `{'>'}` or `&gt;`?
old.tsx(1,28226): error TS1005: '}' expected.
old.tsx(1,28294): error TS1381: Unexpected token. Did you mean `{'}'}` or `&rbrace;`?
old.tsx(1,28336): error TS1382: Unexpected token. Did you mean `{'>'}` or `&gt;`?
old.tsx(1,28412): error TS1381: Unexpected token. Did you mean `{'}'}` or `&rbrace;`?
old.tsx(1,28497): error TS1382: Unexpected token. Did you mean `{'>'}` or `&gt;`?
old.tsx(1,28500): error TS1127: Invalid character.
old.tsx(1,28577): error TS1127: Invalid character.
old.tsx(1,28682): error TS1381: Unexpected token. Did you mean `{'}'}` or `&rbrace;`?
old.tsx(1,29220): error TS1381: Unexpected token. Did you mean `{'}'}` or `&rbrace;`?
old.tsx(1,29270): error TS1382: Unexpected token. Did you mean `{'>'}` or `&gt;`?
old.tsx(1,29273): error TS1127: Invalid character.
old.tsx(1,29360): error TS1382: Unexpected token. Did you mean `{'>'}` or `&gt;`?
old.tsx(1,29363): error TS1127: Invalid character.
old.tsx(1,29418): error TS1382: Unexpected token. Did you mean `{'>'}` or `&gt;`?
old.tsx(1,29673): error TS1127: Invalid character.
old.tsx(1,29740): error TS1381: Unexpected token. Did you mean `{'}'}` or `&rbrace;`?
old.tsx(1,29748): error TS1381: Unexpected token. Did you mean `{'}'}` or `&rbrace;`?
old.tsx(1,29755): error TS1381: Unexpected token. Did you mean `{'}'}` or `&rbrace;`?
old.tsx(1,29808): error TS1382: Unexpected token. Did you mean `{'>'}` or `&gt;`?
old.tsx(1,29811): error TS1127: Invalid character.
old.tsx(1,29850): error TS1127: Invalid character.
old.tsx(1,29969): error TS1381: Unexpected token. Did you mean `{'}'}` or `&rbrace;`?
old.tsx(1,29974): error TS1381: Unexpected token. Did you mean `{'}'}` or `&rbrace;`?
old.tsx(1,30011): error TS1382: Unexpected token. Did you mean `{'>'}` or `&gt;`?
old.tsx(1,30014): error TS1127: Invalid character.
old.tsx(1,30112): error TS1127: Invalid character.
old.tsx(1,30143): error TS1127: Invalid character.
old.tsx(1,30198): error TS1382: Unexpected token. Did you mean `{'>'}` or `&gt;`?
old.tsx(1,30201): error TS1127: Invalid character.
old.tsx(1,30425): error TS1127: Invalid character.
old.tsx(1,30468): error TS1005: '}' expected.
old.tsx(1,30492): error TS1381: Unexpected token. Did you mean `{'}'}` or `&rbrace;`?
old.tsx(1,30506): error TS1381: Unexpected token. Did you mean `{'}'}` or `&rbrace;`?
old.tsx(1,30544): error TS1381: Unexpected token. Did you mean `{'}'}` or `&rbrace;`?
old.tsx(1,30555): error TS1381: Unexpected token. Did you mean `{'}'}` or `&rbrace;`?
old.tsx(1,30652): error TS1381: Unexpected token. Did you mean `{'}'}` or `&rbrace;`?
old.tsx(1,30720): error TS1127: Invalid character.
old.tsx(1,30803): error TS1381: Unexpected token. Did you mean `{'}'}` or `&rbrace;`?
old.tsx(1,30808): error TS1381: Unexpected token. Did you mean `{'}'}` or `&rbrace;`?
old.tsx(1,30879): error TS1382: Unexpected token. Did you mean `{'>'}` or `&gt;`?
old.tsx(1,30882): error TS1127: Invalid character.
old.tsx(1,30988): error TS1005: '}' expected.
old.tsx(1,31038): error TS1381: Unexpected token. Did you mean `{'}'}` or `&rbrace;`?
old.tsx(1,31085): error TS1382: Unexpected token. Did you mean `{'>'}` or `&gt;`?
old.tsx(1,31199): error TS1382: Unexpected token. Did you mean `{'>'}` or `&gt;`?
old.tsx(1,31496): error TS1382: Unexpected token. Did you mean `{'>'}` or `&gt;`?
old.tsx(1,31548): error TS1382: Unexpected token. Did you mean `{'>'}` or `&gt;`?
old.tsx(1,31560): error TS1127: Invalid character.
old.tsx(1,31637): error TS1005: '}' expected.
old.tsx(1,31646): error TS1381: Unexpected token. Did you mean `{'}'}` or `&rbrace;`?
old.tsx(1,31653): error TS1381: Unexpected token. Did you mean `{'}'}` or `&rbrace;`?
old.tsx(1,32001): error TS1382: Unexpected token. Did you mean `{'>'}` or `&gt;`?
old.tsx(1,32005): error TS1127: Invalid character.
old.tsx(1,32061): error TS1382: Unexpected token. Did you mean `{'>'}` or `&gt;`?
old.tsx(1,32121): error TS1005: '}' expected.
old.tsx(1,32128): error TS1381: Unexpected token. Did you mean `{'}'}` or `&rbrace;`?
old.tsx(1,32143): error TS1381: Unexpected token. Did you mean `{'}'}` or `&rbrace;`?
old.tsx(1,32158): error TS1127: Invalid character.
old.tsx(1,32293): error TS1382: Unexpected token. Did you mean `{'>'}` or `&gt;`?
old.tsx(1,32297): error TS1127: Invalid character.
old.tsx(1,32355): error TS1382: Unexpected token. Did you mean `{'>'}` or `&gt;`?
old.tsx(1,32401): error TS1005: '}' expected.
old.tsx(1,32452): error TS1381: Unexpected token. Did you mean `{'}'}` or `&rbrace;`?
old.tsx(1,32469): error TS1381: Unexpected token. Did you mean `{'}'}` or `&rbrace;`?
old.tsx(1,32479): error TS1381: Unexpected token. Did you mean `{'}'}` or `&rbrace;`?
old.tsx(1,32497): error TS1127: Invalid character.
old.tsx(1,32665): error TS1382: Unexpected token. Did you mean `{'>'}` or `&gt;`?
old.tsx(1,32669): error TS1127: Invalid character.
old.tsx(1,32727): error TS1382: Unexpected token. Did you mean `{'>'}` or `&gt;`?
old.tsx(1,32787): error TS1005: '}' expected.
old.tsx(1,32795): error TS1381: Unexpected token. Did you mean `{'}'}` or `&rbrace;`?
old.tsx(1,32812): error TS1381: Unexpected token. Did you mean `{'}'}` or `&rbrace;`?
old.tsx(1,32822): error TS1381: Unexpected token. Did you mean `{'}'}` or `&rbrace;`?
old.tsx(1,32827): error TS1381: Unexpected token. Did you mean `{'}'}` or `&rbrace;`?
old.tsx(1,32905): error TS1382: Unexpected token. Did you mean `{'>'}` or `&gt;`?
old.tsx(1,32908): error TS1127: Invalid character.
old.tsx(1,32990): error TS1005: '}' expected.
old.tsx(1,33073): error TS1381: Unexpected token. Did you mean `{'}'}` or `&rbrace;`?
old.tsx(1,33096): error TS1127: Invalid character.
old.tsx(1,33130): error TS1127: Invalid character.
old.tsx(1,33470): error TS1381: Unexpected token. Did you mean `{'}'}` or `&rbrace;`?
old.tsx(1,33479): error TS1381: Unexpected token. Did you mean `{'}'}` or `&rbrace;`?
old.tsx(1,33535): error TS1005: '}' expected.
old.tsx(1,33537): error TS1381: Unexpected token. Did you mean `{'}'}` or `&rbrace;`?
old.tsx(1,33542): error TS1381: Unexpected token. Did you mean `{'}'}` or `&rbrace;`?
old.tsx(1,33584): error TS1127: Invalid character.
old.tsx(1,33595): error TS1127: Invalid character.
old.tsx(1,33615): error TS1005: '}' expected.
old.tsx(1,33646): error TS1381: Unexpected token. Did you mean `{'}'}` or `&rbrace;`?
old.tsx(1,33724): error TS1003: Identifier expected.
old.tsx(1,33769): error TS1005: '}' expected.
old.tsx(1,33779): error TS1381: Unexpected token. Did you mean `{'}'}` or `&rbrace;`?
old.tsx(1,34083): error TS1005: '}' expected.
old.tsx(1,34127): error TS1381: Unexpected token. Did you mean `{'}'}` or `&rbrace;`?
old.tsx(1,34192): error TS1005: '}' expected.
old.tsx(1,34223): error TS1381: Unexpected token. Did you mean `{'}'}` or `&rbrace;`?
old.tsx(1,34576): error TS1382: Unexpected token. Did you mean `{'>'}` or `&gt;`?
old.tsx(1,34585): error TS1005: '}' expected.
old.tsx(1,34615): error TS1381: Unexpected token. Did you mean `{'}'}` or `&rbrace;`?
old.tsx(1,34790): error TS1381: Unexpected token. Did you mean `{'}'}` or `&rbrace;`?
old.tsx(1,34803): error TS1127: Invalid character.
old.tsx(1,34915): error TS1381: Unexpected token. Did you mean `{'}'}` or `&rbrace;`?
old.tsx(1,34920): error TS1381: Unexpected token. Did you mean `{'}'}` or `&rbrace;`?
old.tsx(1,35014): error TS1382: Unexpected token. Did you mean `{'>'}` or `&gt;`?
old.tsx(1,35017): error TS1127: Invalid character.
old.tsx(1,35122): error TS1127: Invalid character.
old.tsx(1,35635): error TS1127: Invalid character.
old.tsx(1,35732): error TS1381: Unexpected token. Did you mean `{'}'}` or `&rbrace;`?
old.tsx(1,35762): error TS1127: Invalid character.
old.tsx(1,35937): error TS1381: Unexpected token. Did you mean `{'}'}` or `&rbrace;`?
old.tsx(1,35996): error TS1382: Unexpected token. Did you mean `{'>'}` or `&gt;`?
old.tsx(1,36035): error TS1381: Unexpected token. Did you mean `{'}'}` or `&rbrace;`?
old.tsx(1,36057): error TS1127: Invalid character.
old.tsx(1,36165): error TS1381: Unexpected token. Did you mean `{'}'}` or `&rbrace;`?
old.tsx(1,36170): error TS1381: Unexpected token. Did you mean `{'}'}` or `&rbrace;`?
old.tsx(1,36212): error TS1127: Invalid character.
old.tsx(1,36296): error TS1127: Invalid character.
old.tsx(1,36316): error TS1005: '}' expected.
old.tsx(1,36337): error TS1381: Unexpected token. Did you mean `{'}'}` or `&rbrace;`?
old.tsx(1,36415): error TS1003: Identifier expected.
old.tsx(1,36445): error TS1005: '}' expected.
old.tsx(1,36455): error TS1381: Unexpected token. Did you mean `{'}'}` or `&rbrace;`?
old.tsx(1,36684): error TS1127: Invalid character.
old.tsx(1,36755): error TS1005: '}' expected.
old.tsx(1,36770): error TS1381: Unexpected token. Did you mean `{'}'}` or `&rbrace;`?
old.tsx(1,36804): error TS1127: Invalid character.
old.tsx(1,37019): error TS1381: Unexpected token. Did you mean `{'}'}` or `&rbrace;`?
old.tsx(1,37030): error TS1381: Unexpected token. Did you mean `{'}'}` or `&rbrace;`?
old.tsx(1,37134): error TS1005: '}' expected.
old.tsx(1,37136): error TS1381: Unexpected token. Did you mean `{'}'}` or `&rbrace;`?
old.tsx(1,37207): error TS1005: '}' expected.
old.tsx(1,37209): error TS1381: Unexpected token. Did you mean `{'}'}` or `&rbrace;`?
old.tsx(1,37239): error TS1127: Invalid character.
old.tsx(1,37297): error TS1382: Unexpected token. Did you mean `{'>'}` or `&gt;`?
old.tsx(1,37325): error TS1005: '}' expected.
old.tsx(1,37365): error TS1381: Unexpected token. Did you mean `{'}'}` or `&rbrace;`?
old.tsx(1,37382): error TS1381: Unexpected token. Did you mean `{'}'}` or `&rbrace;`?
old.tsx(1,37390): error TS1127: Invalid character.
old.tsx(1,37432): error TS1381: Unexpected token. Did you mean `{'}'}` or `&rbrace;`?
old.tsx(1,37439): error TS1381: Unexpected token. Did you mean `{'}'}` or `&rbrace;`?
old.tsx(1,37478): error TS1005: '}' expected.
old.tsx(1,37543): error TS1381: Unexpected token. Did you mean `{'}'}` or `&rbrace;`?
old.tsx(1,37548): error TS1381: Unexpected token. Did you mean `{'}'}` or `&rbrace;`?
old.tsx(1,37596): error TS1127: Invalid character.
old.tsx(1,37642): error TS1127: Invalid character.
old.tsx(1,37693): error TS1127: Invalid character.
old.tsx(1,37764): error TS1005: '}' expected.
old.tsx(1,37779): error TS1381: Unexpected token. Did you mean `{'}'}` or `&rbrace;`?
old.tsx(1,37813): error TS1127: Invalid character.
old.tsx(1,38068): error TS1381: Unexpected token. Did you mean `{'}'}` or `&rbrace;`?
old.tsx(1,38079): error TS1381: Unexpected token. Did you mean `{'}'}` or `&rbrace;`?
old.tsx(1,38183): error TS1005: '}' expected.
old.tsx(1,38185): error TS1381: Unexpected token. Did you mean `{'}'}` or `&rbrace;`?
old.tsx(1,38221): error TS1005: '}' expected.
old.tsx(1,38223): error TS1381: Unexpected token. Did you mean `{'}'}` or `&rbrace;`?
old.tsx(1,38266): error TS1127: Invalid character.
old.tsx(1,38327): error TS1382: Unexpected token. Did you mean `{'>'}` or `&gt;`?
old.tsx(1,38358): error TS1005: '}' expected.
old.tsx(1,38409): error TS1381: Unexpected token. Did you mean `{'}'}` or `&rbrace;`?
old.tsx(1,38426): error TS1381: Unexpected token. Did you mean `{'}'}` or `&rbrace;`?
old.tsx(1,38461): error TS1005: '}' expected.
old.tsx(1,38463): error TS1381: Unexpected token. Did you mean `{'}'}` or `&rbrace;`?
old.tsx(1,38470): error TS1381: Unexpected token. Did you mean `{'}'}` or `&rbrace;`?
old.tsx(1,38506): error TS1005: '}' expected.
old.tsx(1,38508): error TS1381: Unexpected token. Did you mean `{'}'}` or `&rbrace;`?
old.tsx(1,38513): error TS1381: Unexpected token. Did you mean `{'}'}` or `&rbrace;`?
old.tsx(1,38584): error TS1382: Unexpected token. Did you mean `{'>'}` or `&gt;`?
old.tsx(1,38587): error TS1127: Invalid character.
old.tsx(1,38657): error TS1382: Unexpected token. Did you mean `{'>'}` or `&gt;`?
old.tsx(1,38661): error TS1127: Invalid character.
old.tsx(1,38715): error TS1382: Unexpected token. Did you mean `{'>'}` or `&gt;`?
old.tsx(1,38754): error TS1005: '}' expected.
old.tsx(1,38803): error TS1381: Unexpected token. Did you mean `{'}'}` or `&rbrace;`?
old.tsx(1,38816): error TS1381: Unexpected token. Did you mean `{'}'}` or `&rbrace;`?
old.tsx(1,38824): error TS1381: Unexpected token. Did you mean `{'}'}` or `&rbrace;`?
old.tsx(1,38940): error TS1382: Unexpected token. Did you mean `{'>'}` or `&gt;`?
old.tsx(1,38943): error TS1127: Invalid character.
old.tsx(1,39079): error TS1382: Unexpected token. Did you mean `{'>'}` or `&gt;`?
old.tsx(1,39083): error TS1127: Invalid character.
old.tsx(1,39137): error TS1382: Unexpected token. Did you mean `{'>'}` or `&gt;`?
old.tsx(1,39190): error TS1381: Unexpected token. Did you mean `{'}'}` or `&rbrace;`?
old.tsx(1,39205): error TS1127: Invalid character.
old.tsx(1,39239): error TS1127: Invalid character.
old.tsx(1,39533): error TS1381: Unexpected token. Did you mean `{'}'}` or `&rbrace;`?
old.tsx(1,39542): error TS1381: Unexpected token. Did you mean `{'}'}` or `&rbrace;`?
old.tsx(1,39590): error TS1005: '}' expected.
old.tsx(1,39592): error TS1381: Unexpected token. Did you mean `{'}'}` or `&rbrace;`?
old.tsx(1,39597): error TS1381: Unexpected token. Did you mean `{'}'}` or `&rbrace;`?
old.tsx(1,39698): error TS1382: Unexpected token. Did you mean `{'>'}` or `&gt;`?
old.tsx(1,39701): error TS1127: Invalid character.
old.tsx(1,39737): error TS1382: Unexpected token. Did you mean `{'>'}` or `&gt;`?
old.tsx(1,39741): error TS1127: Invalid character.
old.tsx(1,39797): error TS1382: Unexpected token. Did you mean `{'>'}` or `&gt;`?
old.tsx(1,39800): error TS1127: Invalid character.
old.tsx(1,40203): error TS1005: '}' expected.
old.tsx(1,40217): error TS1381: Unexpected token. Did you mean `{'}'}` or `&rbrace;`?
old.tsx(1,40227): error TS1381: Unexpected token. Did you mean `{'}'}` or `&rbrace;`?
old.tsx(1,40236): error TS1381: Unexpected token. Did you mean `{'}'}` or `&rbrace;`?
old.tsx(1,40244): error TS1381: Unexpected token. Did you mean `{'}'}` or `&rbrace;`?
old.tsx(1,40308): error TS1382: Unexpected token. Did you mean `{'>'}` or `&gt;`?
old.tsx(1,40311): error TS1127: Invalid character.
old.tsx(1,40347): error TS1382: Unexpected token. Did you mean `{'>'}` or `&gt;`?
old.tsx(1,40351): error TS1127: Invalid character.
old.tsx(1,40407): error TS1382: Unexpected token. Did you mean `{'>'}` or `&gt;`?
old.tsx(1,40455): error TS1005: '}' expected.
old.tsx(1,40476): error TS1381: Unexpected token. Did you mean `{'}'}` or `&rbrace;`?
old.tsx(1,40491): error TS1381: Unexpected token. Did you mean `{'}'}` or `&rbrace;`?
old.tsx(1,40499): error TS1381: Unexpected token. Did you mean `{'}'}` or `&rbrace;`?
old.tsx(1,40558): error TS1382: Unexpected token. Did you mean `{'>'}` or `&gt;`?
old.tsx(1,40561): error TS1127: Invalid character.
old.tsx(1,40600): error TS1382: Unexpected token. Did you mean `{'>'}` or `&gt;`?
old.tsx(1,40690): error TS1382: Unexpected token. Did you mean `{'>'}` or `&gt;`?
old.tsx(1,40784): error TS1005: '}' expected.
old.tsx(1,40861): error TS1381: Unexpected token. Did you mean `{'}'}` or `&rbrace;`?
old.tsx(1,41047): error TS1381: Unexpected token. Did you mean `{'}'}` or `&rbrace;`?
old.tsx(1,41099): error TS1382: Unexpected token. Did you mean `{'>'}` or `&gt;`?
old.tsx(1,41102): error TS1127: Invalid character.
old.tsx(1,41183): error TS1127: Invalid character.
old.tsx(1,41228): error TS1127: Invalid character.
old.tsx(1,41403): error TS1381: Unexpected token. Did you mean `{'}'}` or `&rbrace;`?
old.tsx(1,41552): error TS1381: Unexpected token. Did you mean `{'}'}` or `&rbrace;`?
old.tsx(1,41609): error TS1005: '}' expected.
old.tsx(1,41611): error TS1381: Unexpected token. Did you mean `{'}'}` or `&rbrace;`?
old.tsx(1,41655): error TS1005: '}' expected.
old.tsx(1,41657): error TS1381: Unexpected token. Did you mean `{'}'}` or `&rbrace;`?
old.tsx(1,41662): error TS1381: Unexpected token. Did you mean `{'}'}` or `&rbrace;`?
old.tsx(1,41739): error TS1382: Unexpected token. Did you mean `{'>'}` or `&gt;`?
old.tsx(1,41781): error TS1005: '}' expected.
old.tsx(1,41783): error TS1381: Unexpected token. Did you mean `{'}'}` or `&rbrace;`?
old.tsx(1,41835): error TS1382: Unexpected token. Did you mean `{'>'}` or `&gt;`?
old.tsx(1,41867): error TS1005: '}' expected.
old.tsx(1,41869): error TS1381: Unexpected token. Did you mean `{'}'}` or `&rbrace;`?
old.tsx(1,41908): error TS1382: Unexpected token. Did you mean `{'>'}` or `&gt;`?
old.tsx(1,41938): error TS1005: '}' expected.
old.tsx(1,41940): error TS1381: Unexpected token. Did you mean `{'}'}` or `&rbrace;`?
old.tsx(1,42003): error TS1382: Unexpected token. Did you mean `{'>'}` or `&gt;`?
old.tsx(1,42007): error TS1109: Expression expected.
old.tsx(1,42091): error TS1381: Unexpected token. Did you mean `{'}'}` or `&rbrace;`?
old.tsx(1,42164): error TS1382: Unexpected token. Did you mean `{'>'}` or `&gt;`?
old.tsx(1,42167): error TS1127: Invalid character.
old.tsx(1,42275): error TS1381: Unexpected token. Did you mean `{'}'}` or `&rbrace;`?
old.tsx(1,42325): error TS1382: Unexpected token. Did you mean `{'>'}` or `&gt;`?
old.tsx(1,42328): error TS1127: Invalid character.
old.tsx(1,42512): error TS1382: Unexpected token. Did you mean `{'>'}` or `&gt;`?
old.tsx(1,42515): error TS1127: Invalid character.
old.tsx(1,42612): error TS1005: '}' expected.
old.tsx(1,42620): error TS1005: '}' expected.
old.tsx(1,42634): error TS1381: Unexpected token. Did you mean `{'}'}` or `&rbrace;`?
old.tsx(1,42636): error TS1381: Unexpected token. Did you mean `{'}'}` or `&rbrace;`?
old.tsx(1,42646): error TS1381: Unexpected token. Did you mean `{'}'}` or `&rbrace;`?
old.tsx(1,42657): error TS1381: Unexpected token. Did you mean `{'}'}` or `&rbrace;`?
old.tsx(1,42694): error TS1382: Unexpected token. Did you mean `{'>'}` or `&gt;`?
old.tsx(1,42718): error TS1005: '}' expected.
old.tsx(1,42748): error TS1381: Unexpected token. Did you mean `{'}'}` or `&rbrace;`?
old.tsx(1,42785): error TS1382: Unexpected token. Did you mean `{'>'}` or `&gt;`?
old.tsx(1,42788): error TS1127: Invalid character.
old.tsx(1,42949): error TS1127: Invalid character.
old.tsx(1,43044): error TS1382: Unexpected token. Did you mean `{'>'}` or `&gt;`?
old.tsx(1,43071): error TS1127: Invalid character.
old.tsx(1,43152): error TS1382: Unexpected token. Did you mean `{'>'}` or `&gt;`?
old.tsx(1,43195): error TS17002: Expected corresponding JSX closing tag for 'Record'.
old.tsx(1,43200): error TS1127: Invalid character.
old.tsx(1,43245): error TS1127: Invalid character.
old.tsx(1,43320): error TS1382: Unexpected token. Did you mean `{'>'}` or `&gt;`?
old.tsx(1,43327): error TS17002: Expected corresponding JSX closing tag for 'string'.
old.tsx(1,43334): error TS1127: Invalid character.
old.tsx(1,43344): error TS17002: Expected corresponding JSX closing tag for 'string'.
old.tsx(1,43348): error TS1127: Invalid character.
old.tsx(1,43360): error TS1381: Unexpected token. Did you mean `{'}'}` or `&rbrace;`?
old.tsx(1,43389): error TS1127: Invalid character.
old.tsx(1,43551): error TS1127: Invalid character.
old.tsx(1,43587): error TS1382: Unexpected token. Did you mean `{'>'}` or `&gt;`?
old.tsx(1,43615): error TS1127: Invalid character.
old.tsx(1,43708): error TS1382: Unexpected token. Did you mean `{'>'}` or `&gt;`?
old.tsx(1,43876): error TS17002: Expected corresponding JSX closing tag for 'hr'.
old.tsx(1,43880): error TS1127: Invalid character.
old.tsx(1,43892): error TS1381: Unexpected token. Did you mean `{'}'}` or `&rbrace;`?
old.tsx(1,43940): error TS1127: Invalid character.
old.tsx(1,45336): error TS1127: Invalid character.
old.tsx(1,45550): error TS1381: Unexpected token. Did you mean `{'}'}` or `&rbrace;`?
old.tsx(1,45551): error TS1381: Unexpected token. Did you mean `{'}'}` or `&rbrace;`?
old.tsx(1,46008): error TS1382: Unexpected token. Did you mean `{'>'}` or `&gt;`?
old.tsx(1,46155): error TS1127: Invalid character.
old.tsx(1,46192): error TS1382: Unexpected token. Did you mean `{'>'}` or `&gt;`?
old.tsx(1,46218): error TS1127: Invalid character.
old.tsx(1,46276): error TS1382: Unexpected token. Did you mean `{'>'}` or `&gt;`?
old.tsx(1,46321): error TS1127: Invalid character.
old.tsx(1,46389): error TS1382: Unexpected token. Did you mean `{'>'}` or `&gt;`?
old.tsx(1,46410): error TS17002: Expected corresponding JSX closing tag for 'div'.
old.tsx(1,46412): error TS1127: Invalid character.
old.tsx(1,46440): error TS1127: Invalid character.
old.tsx(1,46513): error TS1382: Unexpected token. Did you mean `{'>'}` or `&gt;`?
old.tsx(1,46524): error TS17002: Expected corresponding JSX closing tag for 'div'.
old.tsx(1,46527): error TS1127: Invalid character.
old.tsx(1,46541): error TS17002: Expected corresponding JSX closing tag for 'p'.
old.tsx(1,46545): error TS1127: Invalid character.
old.tsx(1,46572): error TS1127: Invalid character.
old.tsx(1,46599): error TS1382: Unexpected token. Did you mean `{'>'}` or `&gt;`?
old.tsx(1,46670): error TS1127: Invalid character.
old.tsx(1,46813): error TS1382: Unexpected token. Did you mean `{'>'}` or `&gt;`?
old.tsx(1,46898): error TS17002: Expected corresponding JSX closing tag for 'blockquote'.
old.tsx(1,46905): error TS1127: Invalid character.
old.tsx(1,46964): error TS1127: Invalid character.
old.tsx(1,47175): error TS1382: Unexpected token. Did you mean `{'>'}` or `&gt;`?
old.tsx(1,47218): error TS17002: Expected corresponding JSX closing tag for 'blockquote'.
old.tsx(1,47225): error TS1127: Invalid character.
old.tsx(1,47239): error TS17002: Expected corresponding JSX closing tag for 'li'.
old.tsx(1,47243): error TS1127: Invalid character.
old.tsx(1,47243): error TS1005: ',' expected.
old.tsx(1,47253): error TS1005: ',' expected.
old.tsx(1,47259): error TS1127: Invalid character.
old.tsx(1,47269): error TS1005: ',' expected.
old.tsx(1,47285): error TS1005: ',' expected.
old.tsx(1,47289): error TS1127: Invalid character.
old.tsx(1,47306): error TS1005: ',' expected.
old.tsx(1,47317): error TS1136: Property assignment expected.
old.tsx(1,47433): error TS1005: ',' expected.
old.tsx(1,47434): error TS1109: Expression expected.
old.tsx(1,47435): error TS1127: Invalid character.
old.tsx(1,47454): error TS1005: ';' expected.
old.tsx(1,47464): error TS1127: Invalid character.
old.tsx(1,56880): error TS1002: Unterminated string literal.
old_appcore.tsx(1,73): error TS1127: Invalid character.
old_appcore.tsx(1,74): error TS1435: Unknown keyword or identifier. Did you mean 'import'?
old_appcore.tsx(1,99): error TS1434: Unexpected keyword or identifier.
old_appcore.tsx(1,111): error TS1127: Invalid character.
old_appcore.tsx(1,112): error TS1435: Unknown keyword or identifier. Did you mean 'import'?
old_appcore.tsx(1,135): error TS1434: Unexpected keyword or identifier.
old_appcore.tsx(1,161): error TS1127: Invalid character.
old_appcore.tsx(1,162): error TS1435: Unknown keyword or identifier. Did you mean 'import'?
old_appcore.tsx(1,183): error TS1434: Unexpected keyword or identifier.
old_appcore.tsx(1,207): error TS1127: Invalid character.
old_appcore.tsx(1,208): error TS1435: Unknown keyword or identifier. Did you mean 'import'?
old_appcore.tsx(1,216): error TS1434: Unexpected keyword or identifier.
old_appcore.tsx(1,231): error TS1434: Unexpected keyword or identifier.
old_appcore.tsx(1,266): error TS1127: Invalid character.
old_appcore.tsx(1,267): error TS1435: Unknown keyword or identifier. Did you mean 'import'?
old_appcore.tsx(1,275): error TS1435: Unknown keyword or identifier. Did you mean 'interface'?
old_appcore.tsx(1,289): error TS1434: Unexpected keyword or identifier.
old_appcore.tsx(1,323): error TS1127: Invalid character.
old_appcore.tsx(1,324): error TS1435: Unknown keyword or identifier. Did you mean 'import'?
old_appcore.tsx(1,346): error TS1434: Unexpected keyword or identifier.
old_appcore.tsx(1,376): error TS1127: Invalid character.
old_appcore.tsx(1,377): error TS1435: Unknown keyword or identifier. Did you mean 'import'?
old_appcore.tsx(1,397): error TS1434: Unexpected keyword or identifier.
old_appcore.tsx(1,427): error TS1127: Invalid character.
old_appcore.tsx(1,428): error TS1435: Unknown keyword or identifier. Did you mean 'import'?
old_appcore.tsx(1,448): error TS1434: Unexpected keyword or identifier.
old_appcore.tsx(1,478): error TS1127: Invalid character.
old_appcore.tsx(1,479): error TS1435: Unknown keyword or identifier. Did you mean 'import'?
old_appcore.tsx(1,498): error TS1434: Unexpected keyword or identifier.
old_appcore.tsx(1,527): error TS1127: Invalid character.
old_appcore.tsx(1,528): error TS1435: Unknown keyword or identifier. Did you mean 'const'?
old_appcore.tsx(1,565): error TS1127: Invalid character.
old_appcore.tsx(1,569): error TS1005: ',' expected.
old_appcore.tsx(1,643): error TS1127: Invalid character.
old_appcore.tsx(1,647): error TS1127: Invalid character.
old_appcore.tsx(1,648): error TS1435: Unknown keyword or identifier. Did you mean 'const'?
old_appcore.tsx(1,683): error TS1127: Invalid character.
old_appcore.tsx(1,687): error TS1005: ',' expected.
old_appcore.tsx(1,757): error TS1127: Invalid character.
old_appcore.tsx(1,761): error TS1127: Invalid character.
old_appcore.tsx(1,762): error TS1435: Unknown keyword or identifier. Did you mean 'import'?
old_appcore.tsx(1,859): error TS1434: Unexpected keyword or identifier.
old_appcore.tsx(1,874): error TS1127: Invalid character.
old_appcore.tsx(1,875): error TS1435: Unknown keyword or identifier. Did you mean 'import'?
old_appcore.tsx(1,978): error TS1434: Unexpected keyword or identifier.
old_appcore.tsx(1,1010): error TS1127: Invalid character.
old_appcore.tsx(1,1011): error TS1435: Unknown keyword or identifier. Did you mean 'import'?
old_appcore.tsx(1,1079): error TS1434: Unexpected keyword or identifier.
old_appcore.tsx(1,1116): error TS1127: Invalid character.
old_appcore.tsx(1,1117): error TS1435: Unknown keyword or identifier. Did you mean 'import'?
old_appcore.tsx(1,1148): error TS1434: Unexpected keyword or identifier.
old_appcore.tsx(1,1186): error TS1127: Invalid character.
old_appcore.tsx(1,1187): error TS1435: Unknown keyword or identifier. Did you mean 'import'?
old_appcore.tsx(1,1221): error TS1434: Unexpected keyword or identifier.
old_appcore.tsx(1,1240): error TS1127: Invalid character.
old_appcore.tsx(1,1241): error TS1435: Unknown keyword or identifier. Did you mean 'import'?
old_appcore.tsx(1,1271): error TS1434: Unexpected keyword or identifier.
old_appcore.tsx(1,1299): error TS1127: Invalid character.
old_appcore.tsx(1,1300): error TS1435: Unknown keyword or identifier. Did you mean 'import'?
old_appcore.tsx(1,1325): error TS1434: Unexpected keyword or identifier.
old_appcore.tsx(1,1356): error TS1127: Invalid character.
old_appcore.tsx(1,1357): error TS1435: Unknown keyword or identifier. Did you mean 'import'?
old_appcore.tsx(1,1464): error TS1434: Unexpected keyword or identifier.
old_appcore.tsx(1,1492): error TS1127: Invalid character.
old_appcore.tsx(1,1493): error TS1435: Unknown keyword or identifier. Did you mean 'import'?
old_appcore.tsx(1,1541): error TS1434: Unexpected keyword or identifier.
old_appcore.tsx(1,1566): error TS1127: Invalid character.
old_appcore.tsx(1,1567): error TS1435: Unknown keyword or identifier. Did you mean 'import'?
old_appcore.tsx(1,1591): error TS1434: Unexpected keyword or identifier.
old_appcore.tsx(1,1619): error TS1127: Invalid character.
old_appcore.tsx(1,1621): error TS1127: Invalid character.
old_appcore.tsx(1,1622): error TS1435: Unknown keyword or identifier. Did you mean 'const'?
old_appcore.tsx(1,1675): error TS1127: Invalid character.
old_appcore.tsx(1,1676): error TS1435: Unknown keyword or identifier. Did you mean 'const'?
old_appcore.tsx(1,1712): error TS1127: Invalid character.
old_appcore.tsx(1,1713): error TS1435: Unknown keyword or identifier. Did you mean 'const'?
old_appcore.tsx(1,1735): error TS1127: Invalid character.
old_appcore.tsx(1,1737): error TS1127: Invalid character.
old_appcore.tsx(1,1738): error TS1435: Unknown keyword or identifier. Did you mean 'interface'?
old_appcore.tsx(1,1749): error TS1434: Unexpected keyword or identifier.
old_appcore.tsx(1,1761): error TS1127: Invalid character.
old_appcore.tsx(1,1762): error TS1434: Unexpected keyword or identifier.
old_appcore.tsx(1,1811): error TS1127: Invalid character.
old_appcore.tsx(1,1812): error TS1434: Unexpected keyword or identifier.
old_appcore.tsx(1,1828): error TS1127: Invalid character.
old_appcore.tsx(1,1831): error TS1127: Invalid character.
old_appcore.tsx(1,1833): error TS1127: Invalid character.
old_appcore.tsx(1,1834): error TS1435: Unknown keyword or identifier. Did you mean 'function'?
old_appcore.tsx(1,1868): error TS1005: ',' expected.
old_appcore.tsx(1,1896): error TS1005: ';' expected.
old_appcore.tsx(1,1898): error TS1434: Unexpected keyword or identifier.
old_appcore.tsx(1,1906): error TS1127: Invalid character.
old_appcore.tsx(1,1907): error TS1434: Unexpected keyword or identifier.
old_appcore.tsx(1,1939): error TS1127: Invalid character.
old_appcore.tsx(1,1940): error TS1434: Unexpected keyword or identifier.
old_appcore.tsx(1,1961): error TS1127: Invalid character.
old_appcore.tsx(1,1977): error TS1127: Invalid character.
old_appcore.tsx(1,1978): error TS1127: Invalid character.
old_appcore.tsx(1,1986): error TS1005: ',' expected.
old_appcore.tsx(1,1988): error TS1127: Invalid character.
old_appcore.tsx(1,1989): error TS1127: Invalid character.
old_appcore.tsx(1,1993): error TS1109: Expression expected.
old_appcore.tsx(1,1994): error TS1003: Identifier expected.
old_appcore.tsx(1,1995): error TS1109: Expression expected.
old_appcore.tsx(1,1999): error TS1127: Invalid character.
old_appcore.tsx(1,2007): error TS1109: Expression expected.
old_appcore.tsx(1,2008): error TS1109: Expression expected.
old_appcore.tsx(1,2033): error TS1127: Invalid character.
old_appcore.tsx(1,2034): error TS1127: Invalid character.
old_appcore.tsx(1,2038): error TS1109: Expression expected.
old_appcore.tsx(1,2039): error TS1003: Identifier expected.
old_appcore.tsx(1,2040): error TS1109: Expression expected.
old_appcore.tsx(1,2044): error TS1127: Invalid character.
old_appcore.tsx(1,2052): error TS1109: Expression expected.
old_appcore.tsx(1,2053): error TS1109: Expression expected.
old_appcore.tsx(1,2065): error TS1109: Expression expected.
old_appcore.tsx(1,2075): error TS1109: Expression expected.
old_appcore.tsx(1,2086): error TS1109: Expression expected.
old_appcore.tsx(1,2087): error TS1127: Invalid character.
old_appcore.tsx(1,2088): error TS1127: Invalid character.
old_appcore.tsx(1,2092): error TS1109: Expression expected.
old_appcore.tsx(1,2093): error TS1109: Expression expected.
old_appcore.tsx(1,2095): error TS1127: Invalid character.
old_appcore.tsx(1,2096): error TS1127: Invalid character.
old_appcore.tsx(1,2099): error TS1109: Expression expected.
old_appcore.tsx(1,2101): error TS1127: Invalid character.
old_appcore.tsx(1,2102): error TS1127: Invalid character.
old_appcore.tsx(1,2105): error TS1109: Expression expected.
old_appcore.tsx(1,2106): error TS1137: Expression or comma expected.
old_appcore.tsx(1,2108): error TS1109: Expression expected.
old_appcore.tsx(1,2109): error TS1003: Identifier expected.
old_appcore.tsx(1,2110): error TS1109: Expression expected.
old_appcore.tsx(1,2114): error TS1127: Invalid character.
old_appcore.tsx(1,2122): error TS1109: Expression expected.
old_appcore.tsx(1,2123): error TS1109: Expression expected.
old_appcore.tsx(1,2129): error TS1127: Invalid character.
old_appcore.tsx(1,2130): error TS1127: Invalid character.
old_appcore.tsx(1,2134): error TS1109: Expression expected.
old_appcore.tsx(1,2135): error TS1109: Expression expected.
old_appcore.tsx(1,2140): error TS1127: Invalid character.
old_appcore.tsx(1,2141): error TS1127: Invalid character.
old_appcore.tsx(1,2144): error TS1109: Expression expected.
old_appcore.tsx(1,2146): error TS1109: Expression expected.
old_appcore.tsx(1,2147): error TS1003: Identifier expected.
old_appcore.tsx(1,2148): error TS1109: Expression expected.
old_appcore.tsx(1,2152): error TS1127: Invalid character.
old_appcore.tsx(1,2160): error TS1109: Expression expected.
old_appcore.tsx(1,2161): error TS1109: Expression expected.
old_appcore.tsx(1,2169): error TS1127: Invalid character.
old_appcore.tsx(1,2170): error TS1127: Invalid character.
old_appcore.tsx(1,2178): error TS1005: ',' expected.
old_appcore.tsx(1,2180): error TS1127: Invalid character.
old_appcore.tsx(1,2181): error TS1127: Invalid character.
old_appcore.tsx(1,2184): error TS1109: Expression expected.
old_appcore.tsx(1,2186): error TS1109: Expression expected.
old_appcore.tsx(1,2187): error TS1003: Identifier expected.
old_appcore.tsx(1,2188): error TS1109: Expression expected.
old_appcore.tsx(1,2192): error TS1127: Invalid character.
old_appcore.tsx(1,2200): error TS1109: Expression expected.
old_appcore.tsx(1,2201): error TS1109: Expression expected.
old_appcore.tsx(1,2210): error TS1127: Invalid character.
old_appcore.tsx(1,2211): error TS1127: Invalid character.
old_appcore.tsx(1,2219): error TS1005: ',' expected.
old_appcore.tsx(1,2221): error TS1127: Invalid character.
old_appcore.tsx(1,2222): error TS1127: Invalid character.
old_appcore.tsx(1,2225): error TS1109: Expression expected.
old_appcore.tsx(1,2227): error TS1109: Expression expected.
old_appcore.tsx(1,2228): error TS1003: Identifier expected.
old_appcore.tsx(1,2229): error TS1109: Expression expected.
old_appcore.tsx(1,2233): error TS1127: Invalid character.
old_appcore.tsx(1,2239): error TS1127: Invalid character.
old_appcore.tsx(1,2240): error TS1434: Unexpected keyword or identifier.
old_appcore.tsx(1,2276): error TS1127: Invalid character.
old_appcore.tsx(1,2277): error TS1434: Unexpected keyword or identifier.
old_appcore.tsx(1,2317): error TS1127: Invalid character.
old_appcore.tsx(1,2318): error TS1434: Unexpected keyword or identifier.
old_appcore.tsx(1,2347): error TS1127: Invalid character.
old_appcore.tsx(1,2348): error TS1434: Unexpected keyword or identifier.
old_appcore.tsx(1,2412): error TS1127: Invalid character.
old_appcore.tsx(1,2413): error TS1434: Unexpected keyword or identifier.
old_appcore.tsx(1,2473): error TS1127: Invalid character.
old_appcore.tsx(1,2480): error TS1127: Invalid character.
old_appcore.tsx(1,2485): error TS1127: Invalid character.
old_appcore.tsx(1,2486): error TS1434: Unexpected keyword or identifier.
old_appcore.tsx(1,2532): error TS1127: Invalid character.
old_appcore.tsx(1,2535): error TS1127: Invalid character.
old_appcore.tsx(1,2537): error TS1127: Invalid character.
old_appcore.tsx(1,2538): error TS1435: Unknown keyword or identifier. Did you mean 'function'?
old_appcore.tsx(1,2572): error TS1005: ',' expected.
old_appcore.tsx(1,2596): error TS1005: ',' expected.
old_appcore.tsx(1,2613): error TS1005: ';' expected.
old_appcore.tsx(1,2615): error TS1434: Unexpected keyword or identifier.
old_appcore.tsx(1,2623): error TS1127: Invalid character.
old_appcore.tsx(1,2624): error TS1434: Unexpected keyword or identifier.
old_appcore.tsx(1,2666): error TS1127: Invalid character.
old_appcore.tsx(1,2667): error TS1434: Unexpected keyword or identifier.
old_appcore.tsx(1,2683): error TS1127: Invalid character.
old_appcore.tsx(1,2689): error TS1005: ',' expected.
old_appcore.tsx(1,2697): error TS1005: ',' expected.
old_appcore.tsx(1,2698): error TS1127: Invalid character.
old_appcore.tsx(1,2707): error TS1127: Invalid character.
old_appcore.tsx(1,2708): error TS1127: Invalid character.
old_appcore.tsx(1,2710): error TS1127: Invalid character.
old_appcore.tsx(1,2711): error TS1127: Invalid character.
old_appcore.tsx(1,2718): error TS1005: ',' expected.
old_appcore.tsx(1,2720): error TS1127: Invalid character.
old_appcore.tsx(1,2721): error TS1127: Invalid character.
old_appcore.tsx(1,2724): error TS1109: Expression expected.
old_appcore.tsx(1,2725): error TS1137: Expression or comma expected.
old_appcore.tsx(1,2728): error TS1127: Invalid character.
old_appcore.tsx(1,2729): error TS1127: Invalid character.
old_appcore.tsx(1,2732): error TS1109: Expression expected.
old_appcore.tsx(1,2733): error TS1005: ',' expected.
old_appcore.tsx(1,2736): error TS1127: Invalid character.
old_appcore.tsx(1,2737): error TS1127: Invalid character.
old_appcore.tsx(1,2740): error TS1109: Expression expected.
old_appcore.tsx(1,2741): error TS1005: ',' expected.
old_appcore.tsx(1,2744): error TS1127: Invalid character.
old_appcore.tsx(1,2745): error TS1127: Invalid character.
old_appcore.tsx(1,2748): error TS1109: Expression expected.
old_appcore.tsx(1,2749): error TS1005: ',' expected.
old_appcore.tsx(1,2752): error TS1127: Invalid character.
old_appcore.tsx(1,2753): error TS1127: Invalid character.
old_appcore.tsx(1,2756): error TS1109: Expression expected.
old_appcore.tsx(1,2757): error TS1005: ',' expected.
old_appcore.tsx(1,2760): error TS1127: Invalid character.
old_appcore.tsx(1,2761): error TS1127: Invalid character.
old_appcore.tsx(1,2764): error TS1109: Expression expected.
old_appcore.tsx(1,2765): error TS1127: Invalid character.
old_appcore.tsx(1,2766): error TS1127: Invalid character.
old_appcore.tsx(1,2768): error TS1127: Invalid character.
old_appcore.tsx(1,2769): error TS1127: Invalid character.
old_appcore.tsx(1,2774): error TS1127: Invalid character.
old_appcore.tsx(1,2808): error TS1005: ';' expected.
old_appcore.tsx(1,2812): error TS1127: Invalid character.
old_appcore.tsx(1,2813): error TS1434: Unexpected keyword or identifier.
old_appcore.tsx(1,2848): error TS1127: Invalid character.
old_appcore.tsx(1,2849): error TS1434: Unexpected keyword or identifier.
old_appcore.tsx(1,2926): error TS1127: Invalid character.
old_appcore.tsx(1,2927): error TS1434: Unexpected keyword or identifier.
old_appcore.tsx(1,3006): error TS1127: Invalid character.
old_appcore.tsx(1,3007): error TS1434: Unexpected keyword or identifier.
old_appcore.tsx(1,3090): error TS1127: Invalid character.
old_appcore.tsx(1,3091): error TS1434: Unexpected keyword or identifier.
old_appcore.tsx(1,3225): error TS1127: Invalid character.
old_appcore.tsx(1,3226): error TS1434: Unexpected keyword or identifier.
old_appcore.tsx(1,4036): error TS1127: Invalid character.
old_appcore.tsx(1,4045): error TS1127: Invalid character.
old_appcore.tsx(1,4046): error TS1434: Unexpected keyword or identifier.
old_appcore.tsx(1,4051): error TS1128: Declaration or statement expected.
old_appcore.tsx(1,4052): error TS1127: Invalid character.
old_appcore.tsx(1,4114): error TS1127: Invalid character.
old_appcore.tsx(1,4160): error TS1127: Invalid character.
old_appcore.tsx(1,4205): error TS1127: Invalid character.
old_appcore.tsx(1,4249): error TS1127: Invalid character.
old_appcore.tsx(1,4292): error TS1127: Invalid character.
old_appcore.tsx(1,4366): error TS1127: Invalid character.
old_appcore.tsx(1,4425): error TS1127: Invalid character.
old_appcore.tsx(1,4470): error TS1127: Invalid character.
old_appcore.tsx(1,4541): error TS1127: Invalid character.
old_appcore.tsx(1,4542): error TS1434: Unexpected keyword or identifier.
old_appcore.tsx(1,4646): error TS1127: Invalid character.
old_appcore.tsx(1,4647): error TS1434: Unexpected keyword or identifier.
old_appcore.tsx(1,4715): error TS1127: Invalid character.
old_appcore.tsx(1,4724): error TS1127: Invalid character.
old_appcore.tsx(1,4725): error TS1434: Unexpected keyword or identifier.
old_appcore.tsx(1,4841): error TS1127: Invalid character.
old_appcore.tsx(1,4849): error TS1127: Invalid character.
old_appcore.tsx(1,4997): error TS1127: Invalid character.
old_appcore.tsx(1,5047): error TS1127: Invalid character.
old_appcore.tsx(1,5096): error TS1127: Invalid character.
old_appcore.tsx(1,5132): error TS1127: Invalid character.
old_appcore.tsx(1,5162): error TS1127: Invalid character.
old_appcore.tsx(1,5198): error TS1127: Invalid character.
old_appcore.tsx(1,5233): error TS1127: Invalid character.
old_appcore.tsx(1,5234): error TS1434: Unexpected keyword or identifier.
old_appcore.tsx(1,5281): error TS1109: Expression expected.
old_appcore.tsx(1,5282): error TS1109: Expression expected.
old_appcore.tsx(1,5283): error TS1127: Invalid character.
old_appcore.tsx(1,5284): error TS1127: Invalid character.
old_appcore.tsx(1,5302): error TS1127: Invalid character.
old_appcore.tsx(1,5307): error TS1382: Unexpected token. Did you mean `{'>'}` or `&gt;`?
old_appcore.tsx(1,5379): error TS1127: Invalid character.
old_appcore.tsx(1,5392): error TS1382: Unexpected token. Did you mean `{'>'}` or `&gt;`?
old_appcore.tsx(1,5422): error TS1127: Invalid character.
old_appcore.tsx(1,5435): error TS1382: Unexpected token. Did you mean `{'>'}` or `&gt;`?
old_appcore.tsx(1,5451): error TS1382: Unexpected token. Did you mean `{'>'}` or `&gt;`?
old_appcore.tsx(1,5454): error TS1127: Invalid character.
old_appcore.tsx(1,5492): error TS1127: Invalid character.
old_appcore.tsx(1,5506): error TS1382: Unexpected token. Did you mean `{'>'}` or `&gt;`?
old_appcore.tsx(1,5575): error TS1381: Unexpected token. Did you mean `{'}'}` or `&rbrace;`?
old_appcore.tsx(1,5611): error TS1127: Invalid character.
old_appcore.tsx(1,5615): error TS1382: Unexpected token. Did you mean `{'>'}` or `&gt;`?
old_appcore.tsx(1,5670): error TS1382: Unexpected token. Did you mean `{'>'}` or `&gt;`?
old_appcore.tsx(1,5751): error TS1381: Unexpected token. Did you mean `{'}'}` or `&rbrace;`?
old_appcore.tsx(1,5811): error TS1005: '}' expected.
old_appcore.tsx(1,5863): error TS1381: Unexpected token. Did you mean `{'}'}` or `&rbrace;`?
old_appcore.tsx(1,5866): error TS1127: Invalid character.
old_appcore.tsx(1,5916): error TS1382: Unexpected token. Did you mean `{'>'}` or `&gt;`?
old_appcore.tsx(1,5919): error TS1127: Invalid character.
old_appcore.tsx(1,6192): error TS1382: Unexpected token. Did you mean `{'>'}` or `&gt;`?
old_appcore.tsx(1,6201): error TS1381: Unexpected token. Did you mean `{'}'}` or `&rbrace;`?
old_appcore.tsx(1,6251): error TS1005: '}' expected.
old_appcore.tsx(1,6284): error TS1381: Unexpected token. Did you mean `{'}'}` or `&rbrace;`?
old_appcore.tsx(1,6574): error TS1382: Unexpected token. Did you mean `{'>'}` or `&gt;`?
old_appcore.tsx(1,6578): error TS1109: Expression expected.
old_appcore.tsx(1,6600): error TS1382: Unexpected token. Did you mean `{'>'}` or `&gt;`?
old_appcore.tsx(1,6644): error TS1381: Unexpected token. Did you mean `{'}'}` or `&rbrace;`?
old_appcore.tsx(1,6689): error TS1003: Identifier expected.
old_appcore.tsx(1,6697): error TS1127: Invalid character.
old_appcore.tsx(1,6919): error TS1382: Unexpected token. Did you mean `{'>'}` or `&gt;`?
old_appcore.tsx(1,6931): error TS1127: Invalid character.
old_appcore.tsx(1,7135): error TS1005: '}' expected.
old_appcore.tsx(1,7144): error TS1381: Unexpected token. Did you mean `{'}'}` or `&rbrace;`?
old_appcore.tsx(1,7151): error TS1381: Unexpected token. Did you mean `{'}'}` or `&rbrace;`?
old_appcore.tsx(1,7177): error TS1382: Unexpected token. Did you mean `{'>'}` or `&gt;`?
old_appcore.tsx(1,7184): error TS1127: Invalid character.
old_appcore.tsx(1,7494): error TS1382: Unexpected token. Did you mean `{'>'}` or `&gt;`?
old_appcore.tsx(1,7498): error TS1109: Expression expected.
old_appcore.tsx(1,7520): error TS1382: Unexpected token. Did you mean `{'>'}` or `&gt;`?
old_appcore.tsx(1,7564): error TS1381: Unexpected token. Did you mean `{'}'}` or `&rbrace;`?
old_appcore.tsx(1,7573): error TS1381: Unexpected token. Did you mean `{'}'}` or `&rbrace;`?
old_appcore.tsx(1,7578): error TS1381: Unexpected token. Did you mean `{'}'}` or `&rbrace;`?
old_appcore.tsx(1,7596): error TS1005: '}' expected.
old_appcore.tsx(1,7642): error TS1381: Unexpected token. Did you mean `{'}'}` or `&rbrace;`?
old_appcore.tsx(1,7646): error TS1381: Unexpected token. Did you mean `{'}'}` or `&rbrace;`?
old_appcore.tsx(1,7711): error TS1127: Invalid character.
old_appcore.tsx(1,7737): error TS1003: Identifier expected.
old_appcore.tsx(1,7826): error TS1005: '}' expected.
old_appcore.tsx(1,7943): error TS1381: Unexpected token. Did you mean `{'}'}` or `&rbrace;`?
old_appcore.tsx(1,7958): error TS1005: '}' expected.
old_appcore.tsx(1,8037): error TS1381: Unexpected token. Did you mean `{'}'}` or `&rbrace;`?
old_appcore.tsx(1,8052): error TS1005: '}' expected.
old_appcore.tsx(1,8154): error TS1381: Unexpected token. Did you mean `{'}'}` or `&rbrace;`?
old_appcore.tsx(1,8169): error TS1005: '}' expected.
old_appcore.tsx(1,8278): error TS1381: Unexpected token. Did you mean `{'}'}` or `&rbrace;`?
old_appcore.tsx(1,8293): error TS1005: '}' expected.
old_appcore.tsx(1,8381): error TS1381: Unexpected token. Did you mean `{'}'}` or `&rbrace;`?
old_appcore.tsx(1,8464): error TS1003: Identifier expected.
old_appcore.tsx(1,8472): error TS1127: Invalid character.
old_appcore.tsx(1,8556): error TS1127: Invalid character.
old_appcore.tsx(1,8929): error TS1382: Unexpected token. Did you mean `{'>'}` or `&gt;`?
old_appcore.tsx(1,8956): error TS1382: Unexpected token. Did you mean `{'>'}` or `&gt;`?
old_appcore.tsx(1,8962): error TS1127: Invalid character.
old_appcore.tsx(1,9111): error TS1127: Invalid character.
old_appcore.tsx(1,9308): error TS1381: Unexpected token. Did you mean `{'}'}` or `&rbrace;`?
old_appcore.tsx(1,9317): error TS1381: Unexpected token. Did you mean `{'}'}` or `&rbrace;`?
old_appcore.tsx(1,9324): error TS1381: Unexpected token. Did you mean `{'}'}` or `&rbrace;`?
old_appcore.tsx(1,9329): error TS1381: Unexpected token. Did you mean `{'}'}` or `&rbrace;`?
old_appcore.tsx(1,9458): error TS1382: Unexpected token. Did you mean `{'>'}` or `&gt;`?
old_appcore.tsx(1,9677): error TS1382: Unexpected token. Did you mean `{'>'}` or `&gt;`?
old_appcore.tsx(1,9721): error TS1381: Unexpected token. Did you mean `{'}'}` or `&rbrace;`?
old_appcore.tsx(1,9792): error TS1127: Invalid character.
old_appcore.tsx(1,10059): error TS1127: Invalid character.
old_appcore.tsx(1,10068): error TS1382: Unexpected token. Did you mean `{'>'}` or `&gt;`?
old_appcore.tsx(1,10143): error TS1005: '}' expected.
old_appcore.tsx(1,10212): error TS1381: Unexpected token. Did you mean `{'}'}` or `&rbrace;`?
old_appcore.tsx(1,10245): error TS1005: '}' expected.
old_appcore.tsx(1,10288): error TS1381: Unexpected token. Did you mean `{'}'}` or `&rbrace;`?
old_appcore.tsx(1,10308): error TS1005: '}' expected.
old_appcore.tsx(1,10347): error TS1381: Unexpected token. Did you mean `{'}'}` or `&rbrace;`?
old_appcore.tsx(1,10375): error TS1005: '}' expected.
old_appcore.tsx(1,10383): error TS1381: Unexpected token. Did you mean `{'}'}` or `&rbrace;`?
old_appcore.tsx(1,10403): error TS1005: '}' expected.
old_appcore.tsx(1,10410): error TS1381: Unexpected token. Did you mean `{'}'}` or `&rbrace;`?
old_appcore.tsx(1,10445): error TS1005: '}' expected.
old_appcore.tsx(1,10534): error TS1381: Unexpected token. Did you mean `{'}'}` or `&rbrace;`?
old_appcore.tsx(1,10574): error TS1005: '}' expected.
old_appcore.tsx(1,10632): error TS1381: Unexpected token. Did you mean `{'}'}` or `&rbrace;`?
old_appcore.tsx(1,10670): error TS1005: '}' expected.
old_appcore.tsx(1,10698): error TS1381: Unexpected token. Did you mean `{'}'}` or `&rbrace;`?
old_appcore.tsx(1,10758): error TS1127: Invalid character.
old_appcore.tsx(1,10834): error TS1382: Unexpected token. Did you mean `{'>'}` or `&gt;`?
old_appcore.tsx(1,10845): error TS17002: Expected corresponding JSX closing tag for 'body'.
old_appcore.tsx(1,10848): error TS1127: Invalid character.
old_appcore.tsx(1,10896): error TS1127: Invalid character.
old_appcore.tsx(1,10996): error TS1382: Unexpected token. Did you mean `{'>'}` or `&gt;`?
old_appcore.tsx(1,11047): error TS17002: Expected corresponding JSX closing tag for 'br'.
old_appcore.tsx(1,11049): error TS1127: Invalid character.
old_appcore.tsx(1,11057): error TS17002: Expected corresponding JSX closing tag for 'html'.
old_appcore.tsx(1,11062): error TS1127: Invalid character.
old_appcore.tsx(1,11070): error TS17002: Expected corresponding JSX closing tag for 'hr'.
old_appcore.tsx(1,11075): error TS1127: Invalid character.
old_appcore.tsx(1,11083): error TS1381: Unexpected token. Did you mean `{'}'}` or `&rbrace;`?
old_appcore.tsx(1,11120): error TS1382: Unexpected token. Did you mean `{'>'}` or `&gt;`?
old_appcore.tsx(1,11123): error TS1127: Invalid character.
old_appcore.tsx(1,11451): error TS1003: Identifier expected.
old_appcore.tsx(1,11453): error TS1382: Unexpected token. Did you mean `{'>'}` or `&gt;`?
old_appcore.tsx(1,11527): error TS1003: Identifier expected.
old_appcore.tsx(1,11533): error TS1382: Unexpected token. Did you mean `{'>'}` or `&gt;`?
old_appcore.tsx(1,11583): error TS1003: Identifier expected.
old_appcore.tsx(1,11585): error TS1382: Unexpected token. Did you mean `{'>'}` or `&gt;`?
old_appcore.tsx(1,11945): error TS1003: Identifier expected.
old_appcore.tsx(1,11947): error TS1382: Unexpected token. Did you mean `{'>'}` or `&gt;`?
old_appcore.tsx(1,12068): error TS1382: Unexpected token. Did you mean `{'>'}` or `&gt;`?
old_appcore.tsx(1,12359): error TS1003: Identifier expected.
old_appcore.tsx(1,12387): error TS1382: Unexpected token. Did you mean `{'>'}` or `&gt;`?
old_appcore.tsx(1,12450): error TS1003: Identifier expected.
old_appcore.tsx(1,12490): error TS1382: Unexpected token. Did you mean `{'>'}` or `&gt;`?
old_appcore.tsx(1,12558): error TS1003: Identifier expected.
old_appcore.tsx(1,12564): error TS1382: Unexpected token. Did you mean `{'>'}` or `&gt;`?
old_appcore.tsx(1,12640): error TS1003: Identifier expected.
old_appcore.tsx(1,12646): error TS1382: Unexpected token. Did you mean `{'>'}` or `&gt;`?
old_appcore.tsx(1,12777): error TS1003: Identifier expected.
old_appcore.tsx(1,12791): error TS1382: Unexpected token. Did you mean `{'>'}` or `&gt;`?
old_appcore.tsx(1,12871): error TS1003: Identifier expected.
old_appcore.tsx(1,12877): error TS1382: Unexpected token. Did you mean `{'>'}` or `&gt;`?
old_appcore.tsx(1,13407): error TS1003: Identifier expected.
old_appcore.tsx(1,13442): error TS1382: Unexpected token. Did you mean `{'>'}` or `&gt;`?
old_appcore.tsx(1,13692): error TS1003: Identifier expected.
old_appcore.tsx(1,13729): error TS1382: Unexpected token. Did you mean `{'>'}` or `&gt;`?
old_appcore.tsx(1,13775): error TS1005: '}' expected.
old_appcore.tsx(1,13790): error TS1381: Unexpected token. Did you mean `{'}'}` or `&rbrace;`?
old_appcore.tsx(1,13849): error TS1003: Identifier expected.
old_appcore.tsx(1,13855): error TS1382: Unexpected token. Did you mean `{'>'}` or `&gt;`?
old_appcore.tsx(1,13917): error TS1003: Identifier expected.
old_appcore.tsx(1,13923): error TS1382: Unexpected token. Did you mean `{'>'}` or `&gt;`?
old_appcore.tsx(1,13971): error TS1003: Identifier expected.
old_appcore.tsx(1,13977): error TS1382: Unexpected token. Did you mean `{'>'}` or `&gt;`?
old_appcore.tsx(1,14103): error TS1382: Unexpected token. Did you mean `{'>'}` or `&gt;`?
old_appcore.tsx(1,14106): error TS1127: Invalid character.
old_appcore.tsx(1,14153): error TS1382: Unexpected token. Did you mean `{'>'}` or `&gt;`?
old_appcore.tsx(1,14156): error TS1127: Invalid character.
old_appcore.tsx(1,14189): error TS1127: Invalid character.
old_appcore.tsx(1,14313): error TS1381: Unexpected token. Did you mean `{'}'}` or `&rbrace;`?
old_appcore.tsx(1,14320): error TS1381: Unexpected token. Did you mean `{'}'}` or `&rbrace;`?
old_appcore.tsx(1,14370): error TS1127: Invalid character.
old_appcore.tsx(1,14448): error TS1382: Unexpected token. Did you mean `{'>'}` or `&gt;`?
old_appcore.tsx(1,14510): error TS1381: Unexpected token. Did you mean `{'}'}` or `&rbrace;`?
old_appcore.tsx(1,14515): error TS1381: Unexpected token. Did you mean `{'}'}` or `&rbrace;`?
old_appcore.tsx(1,14601): error TS1382: Unexpected token. Did you mean `{'>'}` or `&gt;`?
old_appcore.tsx(1,14770): error TS1382: Unexpected token. Did you mean `{'>'}` or `&gt;`?
old_appcore.tsx(1,14918): error TS1382: Unexpected token. Did you mean `{'>'}` or `&gt;`?
old_appcore.tsx(1,14934): error TS1382: Unexpected token. Did you mean `{'>'}` or `&gt;`?
old_appcore.tsx(1,14937): error TS1127: Invalid character.
old_appcore.tsx(1,14963): error TS1382: Unexpected token. Did you mean `{'>'}` or `&gt;`?
old_appcore.tsx(1,14986): error TS1382: Unexpected token. Did you mean `{'>'}` or `&gt;`?
old_appcore.tsx(1,15046): error TS1005: '}' expected.
old_appcore.tsx(1,15073): error TS1381: Unexpected token. Did you mean `{'}'}` or `&rbrace;`?
old_appcore.tsx(1,15105): error TS1381: Unexpected token. Did you mean `{'}'}` or `&rbrace;`?
old_appcore.tsx(1,15208): error TS1382: Unexpected token. Did you mean `{'>'}` or `&gt;`?
old_appcore.tsx(1,15224): error TS1382: Unexpected token. Did you mean `{'>'}` or `&gt;`?
old_appcore.tsx(1,15227): error TS1127: Invalid character.
old_appcore.tsx(1,15253): error TS1382: Unexpected token. Did you mean `{'>'}` or `&gt;`?
old_appcore.tsx(1,15256): error TS1127: Invalid character.
old_appcore.tsx(1,15294): error TS1382: Unexpected token. Did you mean `{'>'}` or `&gt;`?
old_appcore.tsx(1,15387): error TS1382: Unexpected token. Did you mean `{'>'}` or `&gt;`?
old_appcore.tsx(1,15467): error TS1005: '}' expected.
old_appcore.tsx(1,15494): error TS1381: Unexpected token. Did you mean `{'}'}` or `&rbrace;`?
old_appcore.tsx(1,15532): error TS1381: Unexpected token. Did you mean `{'}'}` or `&rbrace;`?
old_appcore.tsx(1,15541): error TS1381: Unexpected token. Did you mean `{'}'}` or `&rbrace;`?
old_appcore.tsx(1,15593): error TS1382: Unexpected token. Did you mean `{'>'}` or `&gt;`?
old_appcore.tsx(1,15596): error TS1127: Invalid character.
old_appcore.tsx(1,15628): error TS1382: Unexpected token. Did you mean `{'>'}` or `&gt;`?
old_appcore.tsx(1,15631): error TS1127: Invalid character.
old_appcore.tsx(1,15778): error TS1127: Invalid character.
old_appcore.tsx(1,15793): error TS1127: Invalid character.
old_appcore.tsx(1,15895): error TS1382: Unexpected token. Did you mean `{'>'}` or `&gt;`?
old_appcore.tsx(1,15899): error TS1127: Invalid character.
old_appcore.tsx(1,15967): error TS1382: Unexpected token. Did you mean `{'>'}` or `&gt;`?
old_appcore.tsx(1,15971): error TS1127: Invalid character.
old_appcore.tsx(1,16120): error TS1381: Unexpected token. Did you mean `{'}'}` or `&rbrace;`?
old_appcore.tsx(1,16136): error TS1381: Unexpected token. Did you mean `{'}'}` or `&rbrace;`?
old_appcore.tsx(1,16150): error TS1381: Unexpected token. Did you mean `{'}'}` or `&rbrace;`?
old_appcore.tsx(1,16194): error TS1005: '}' expected.
old_appcore.tsx(1,16196): error TS1381: Unexpected token. Did you mean `{'}'}` or `&rbrace;`?
old_appcore.tsx(1,16205): error TS1381: Unexpected token. Did you mean `{'}'}` or `&rbrace;`?
old_appcore.tsx(1,16219): error TS1127: Invalid character.
old_appcore.tsx(1,16318): error TS1003: Identifier expected.
old_appcore.tsx(1,16331): error TS1382: Unexpected token. Did you mean `{'>'}` or `&gt;`?
old_appcore.tsx(1,16370): error TS1382: Unexpected token. Did you mean `{'>'}` or `&gt;`?
old_appcore.tsx(1,16429): error TS1382: Unexpected token. Did you mean `{'>'}` or `&gt;`?
old_appcore.tsx(1,16432): error TS1127: Invalid character.
old_appcore.tsx(1,16509): error TS1127: Invalid character.
old_appcore.tsx(1,16559): error TS1109: Expression expected.
old_appcore.tsx(1,16600): error TS1382: Unexpected token. Did you mean `{'>'}` or `&gt;`?
old_appcore.tsx(1,16629): error TS1381: Unexpected token. Did you mean `{'}'}` or `&rbrace;`?
old_appcore.tsx(1,16644): error TS1381: Unexpected token. Did you mean `{'}'}` or `&rbrace;`?
old_appcore.tsx(1,16652): error TS1127: Invalid character.
old_appcore.tsx(1,16702): error TS1381: Unexpected token. Did you mean `{'}'}` or `&rbrace;`?
old_appcore.tsx(1,16713): error TS1381: Unexpected token. Did you mean `{'}'}` or `&rbrace;`?
old_appcore.tsx(1,16806): error TS1382: Unexpected token. Did you mean `{'>'}` or `&gt;`?
old_appcore.tsx(1,16959): error TS1382: Unexpected token. Did you mean `{'>'}` or `&gt;`?
old_appcore.tsx(1,17048): error TS1381: Unexpected token. Did you mean `{'}'}` or `&rbrace;`?
old_appcore.tsx(1,17061): error TS1127: Invalid character.
old_appcore.tsx(1,17133): error TS1382: Unexpected token. Did you mean `{'>'}` or `&gt;`?
old_appcore.tsx(1,17221): error TS1381: Unexpected token. Did you mean `{'}'}` or `&rbrace;`?
old_appcore.tsx(1,17374): error TS1003: Identifier expected.
old_appcore.tsx(1,17440): error TS1381: Unexpected token. Did you mean `{'}'}` or `&rbrace;`?
old_appcore.tsx(1,17462): error TS1381: Unexpected token. Did you mean `{'}'}` or `&rbrace;`?
old_appcore.tsx(1,17489): error TS1382: Unexpected token. Did you mean `{'>'}` or `&gt;`?
old_appcore.tsx(1,17492): error TS1127: Invalid character.
old_appcore.tsx(1,17555): error TS1127: Invalid character.
old_appcore.tsx(1,17568): error TS1127: Invalid character.
old_appcore.tsx(1,17655): error TS1381: Unexpected token. Did you mean `{'}'}` or `&rbrace;`?
old_appcore.tsx(1,17673): error TS1127: Invalid character.
old_appcore.tsx(1,17740): error TS1127: Invalid character.
old_appcore.tsx(1,17987): error TS1005: '}' expected.
old_appcore.tsx(1,17989): error TS1381: Unexpected token. Did you mean `{'}'}` or `&rbrace;`?
old_appcore.tsx(1,18124): error TS1381: Unexpected token. Did you mean `{'}'}` or `&rbrace;`?
old_appcore.tsx(1,18133): error TS1381: Unexpected token. Did you mean `{'}'}` or `&rbrace;`?
old_appcore.tsx(1,18140): error TS1381: Unexpected token. Did you mean `{'}'}` or `&rbrace;`?
old_appcore.tsx(1,18145): error TS1381: Unexpected token. Did you mean `{'}'}` or `&rbrace;`?
old_appcore.tsx(1,18195): error TS1382: Unexpected token. Did you mean `{'>'}` or `&gt;`?
old_appcore.tsx(1,18198): error TS1127: Invalid character.
old_appcore.tsx(1,18481): error TS1381: Unexpected token. Did you mean `{'}'}` or `&rbrace;`?
old_appcore.tsx(1,18518): error TS1382: Unexpected token. Did you mean `{'>'}` or `&gt;`?
old_appcore.tsx(1,18521): error TS1127: Invalid character.
old_appcore.tsx(1,18613): error TS1381: Unexpected token. Did you mean `{'}'}` or `&rbrace;`?
old_appcore.tsx(1,18671): error TS1382: Unexpected token. Did you mean `{'>'}` or `&gt;`?
old_appcore.tsx(1,18674): error TS1127: Invalid character.
old_appcore.tsx(1,18799): error TS1127: Invalid character.
old_appcore.tsx(1,19069): error TS1381: Unexpected token. Did you mean `{'}'}` or `&rbrace;`?
old_appcore.tsx(1,19095): error TS1382: Unexpected token. Did you mean `{'>'}` or `&gt;`?
old_appcore.tsx(1,19458): error TS1381: Unexpected token. Did you mean `{'}'}` or `&rbrace;`?
old_appcore.tsx(1,19535): error TS1382: Unexpected token. Did you mean `{'>'}` or `&gt;`?
old_appcore.tsx(1,19538): error TS1127: Invalid character.
old_appcore.tsx(1,19976): error TS1382: Unexpected token. Did you mean `{'>'}` or `&gt;`?
old_appcore.tsx(1,20063): error TS1127: Invalid character.
old_appcore.tsx(1,20110): error TS1127: Invalid character.
old_appcore.tsx(1,20234): error TS1382: Unexpected token. Did you mean `{'>'}` or `&gt;`?
old_appcore.tsx(1,20257): error TS1381: Unexpected token. Did you mean `{'}'}` or `&rbrace;`?
old_appcore.tsx(1,20306): error TS1005: '}' expected.
old_appcore.tsx(1,20308): error TS1381: Unexpected token. Did you mean `{'}'}` or `&rbrace;`?
old_appcore.tsx(1,20353): error TS1005: '}' expected.
old_appcore.tsx(1,20355): error TS1381: Unexpected token. Did you mean `{'}'}` or `&rbrace;`?
old_appcore.tsx(1,20362): error TS1381: Unexpected token. Did you mean `{'}'}` or `&rbrace;`?
old_appcore.tsx(1,20367): error TS1381: Unexpected token. Did you mean `{'}'}` or `&rbrace;`?
old_appcore.tsx(1,20424): error TS1382: Unexpected token. Did you mean `{'>'}` or `&gt;`?
old_appcore.tsx(1,20427): error TS1127: Invalid character.
old_appcore.tsx(1,20513): error TS1127: Invalid character.
old_appcore.tsx(1,20632): error TS1381: Unexpected token. Did you mean `{'}'}` or `&rbrace;`?
old_appcore.tsx(1,20730): error TS1382: Unexpected token. Did you mean `{'>'}` or `&gt;`?
old_appcore.tsx(1,20826): error TS1127: Invalid character.
old_appcore.tsx(1,20884): error TS1382: Unexpected token. Did you mean `{'>'}` or `&gt;`?
old_appcore.tsx(1,20890): error TS1127: Invalid character.
old_appcore.tsx(1,21031): error TS1127: Invalid character.
old_appcore.tsx(1,21146): error TS1382: Unexpected token. Did you mean `{'>'}` or `&gt;`?
old_appcore.tsx(1,21149): error TS1127: Invalid character.
old_appcore.tsx(1,21220): error TS1382: Unexpected token. Did you mean `{'>'}` or `&gt;`?
old_appcore.tsx(1,21292): error TS1381: Unexpected token. Did you mean `{'}'}` or `&rbrace;`?
old_appcore.tsx(1,21319): error TS1382: Unexpected token. Did you mean `{'>'}` or `&gt;`?
old_appcore.tsx(1,21359): error TS1381: Unexpected token. Did you mean `{'}'}` or `&rbrace;`?
old_appcore.tsx(1,21368): error TS1381: Unexpected token. Did you mean `{'}'}` or `&rbrace;`?
old_appcore.tsx(1,21376): error TS1127: Invalid character.
old_appcore.tsx(1,21413): error TS1381: Unexpected token. Did you mean `{'}'}` or `&rbrace;`?
old_appcore.tsx(1,21420): error TS1381: Unexpected token. Did you mean `{'}'}` or `&rbrace;`?
old_appcore.tsx(1,21425): error TS1381: Unexpected token. Did you mean `{'}'}` or `&rbrace;`?
old_appcore.tsx(1,21468): error TS1382: Unexpected token. Did you mean `{'>'}` or `&gt;`?
old_appcore.tsx(1,21471): error TS1127: Invalid character.
old_appcore.tsx(1,21706): error TS1005: '}' expected.
old_appcore.tsx(1,21733): error TS1381: Unexpected token. Did you mean `{'}'}` or `&rbrace;`?
old_appcore.tsx(1,21782): error TS1382: Unexpected token. Did you mean `{'>'}` or `&gt;`?
old_appcore.tsx(1,21806): error TS1127: Invalid character.
old_appcore.tsx(1,21938): error TS1382: Unexpected token. Did you mean `{'>'}` or `&gt;`?
old_appcore.tsx(1,21981): error TS1381: Unexpected token. Did you mean `{'}'}` or `&rbrace;`?
old_appcore.tsx(1,22019): error TS1005: '}' expected.
old_appcore.tsx(1,22021): error TS1381: Unexpected token. Did you mean `{'}'}` or `&rbrace;`?
old_appcore.tsx(1,22062): error TS1005: '}' expected.
old_appcore.tsx(1,22064): error TS1381: Unexpected token. Did you mean `{'}'}` or `&rbrace;`?
old_appcore.tsx(1,22069): error TS1381: Unexpected token. Did you mean `{'}'}` or `&rbrace;`?
old_appcore.tsx(1,22105): error TS1382: Unexpected token. Did you mean `{'>'}` or `&gt;`?
old_appcore.tsx(1,22108): error TS1127: Invalid character.
old_appcore.tsx(1,22169): error TS1382: Unexpected token. Did you mean `{'>'}` or `&gt;`?
old_appcore.tsx(1,22173): error TS1127: Invalid character.
old_appcore.tsx(1,22298): error TS1381: Unexpected token. Did you mean `{'}'}` or `&rbrace;`?
old_appcore.tsx(1,22482): error TS1381: Unexpected token. Did you mean `{'}'}` or `&rbrace;`?
old_appcore.tsx(1,22592): error TS1382: Unexpected token. Did you mean `{'>'}` or `&gt;`?
old_appcore.tsx(1,22595): error TS1127: Invalid character.
old_appcore.tsx(1,22973): error TS1005: '}' expected.
old_appcore.tsx(1,23008): error TS1381: Unexpected token. Did you mean `{'}'}` or `&rbrace;`?
old_appcore.tsx(1,23080): error TS1127: Invalid character.
old_appcore.tsx(1,23126): error TS1381: Unexpected token. Did you mean `{'}'}` or `&rbrace;`?
old_appcore.tsx(1,23134): error TS1127: Invalid character.
old_appcore.tsx(1,23186): error TS1382: Unexpected token. Did you mean `{'>'}` or `&gt;`?
old_appcore.tsx(1,23230): error TS1127: Invalid character.
old_appcore.tsx(1,23309): error TS1382: Unexpected token. Did you mean `{'>'}` or `&gt;`?
old_appcore.tsx(1,23458): error TS1381: Unexpected token. Did you mean `{'}'}` or `&rbrace;`?
old_appcore.tsx(1,23465): error TS1381: Unexpected token. Did you mean `{'}'}` or `&rbrace;`?
old_appcore.tsx(1,23612): error TS1127: Invalid character.
old_appcore.tsx(1,23736): error TS1381: Unexpected token. Did you mean `{'}'}` or `&rbrace;`?
old_appcore.tsx(1,23764): error TS1382: Unexpected token. Did you mean `{'>'}` or `&gt;`?
old_appcore.tsx(1,23778): error TS1382: Unexpected token. Did you mean `{'>'}` or `&gt;`?
old_appcore.tsx(1,23802): error TS1127: Invalid character.
old_appcore.tsx(1,23858): error TS1382: Unexpected token. Did you mean `{'>'}` or `&gt;`?
old_appcore.tsx(1,23946): error TS1381: Unexpected token. Did you mean `{'}'}` or `&rbrace;`?
old_appcore.tsx(1,23982): error TS1382: Unexpected token. Did you mean `{'>'}` or `&gt;`?
old_appcore.tsx(1,24007): error TS1127: Invalid character.
old_appcore.tsx(1,24027): error TS1005: '}' expected.
old_appcore.tsx(1,24089): error TS1381: Unexpected token. Did you mean `{'}'}` or `&rbrace;`?
old_appcore.tsx(1,24179): error TS1127: Invalid character.
old_appcore.tsx(1,24222): error TS1382: Unexpected token. Did you mean `{'>'}` or `&gt;`?
old_appcore.tsx(1,24263): error TS1382: Unexpected token. Did you mean `{'>'}` or `&gt;`?
old_appcore.tsx(1,24266): error TS1127: Invalid character.
old_appcore.tsx(1,24303): error TS1382: Unexpected token. Did you mean `{'>'}` or `&gt;`?
old_appcore.tsx(1,24306): error TS1127: Invalid character.
old_appcore.tsx(1,24430): error TS1381: Unexpected token. Did you mean `{'}'}` or `&rbrace;`?
old_appcore.tsx(1,24514): error TS1127: Invalid character.
old_appcore.tsx(1,24627): error TS1382: Unexpected token. Did you mean `{'>'}` or `&gt;`?
old_appcore.tsx(1,24767): error TS1381: Unexpected token. Did you mean `{'}'}` or `&rbrace;`?
old_appcore.tsx(1,24780): error TS1381: Unexpected token. Did you mean `{'}'}` or `&rbrace;`?
old_appcore.tsx(1,24888): error TS1381: Unexpected token. Did you mean `{'}'}` or `&rbrace;`?
old_appcore.tsx(1,25019): error TS1382: Unexpected token. Did you mean `{'>'}` or `&gt;`?
old_appcore.tsx(1,25023): error TS1127: Invalid character.
old_appcore.tsx(1,25075): error TS1003: Identifier expected.
old_appcore.tsx(1,25208): error TS1003: Identifier expected.
old_appcore.tsx(1,25295): error TS1382: Unexpected token. Did you mean `{'>'}` or `&gt;`?
old_appcore.tsx(1,25335): error TS1127: Invalid character.
old_appcore.tsx(1,25519): error TS1005: '}' expected.
old_appcore.tsx(1,25533): error TS1381: Unexpected token. Did you mean `{'}'}` or `&rbrace;`?
old_appcore.tsx(1,25548): error TS1381: Unexpected token. Did you mean `{'}'}` or `&rbrace;`?
old_appcore.tsx(1,25575): error TS1381: Unexpected token. Did you mean `{'}'}` or `&rbrace;`?
old_appcore.tsx(1,25637): error TS1382: Unexpected token. Did you mean `{'>'}` or `&gt;`?
old_appcore.tsx(1,25645): error TS1127: Invalid character.
old_appcore.tsx(1,25714): error TS1127: Invalid character.
old_appcore.tsx(1,25798): error TS1005: '}' expected.
old_appcore.tsx(1,25813): error TS1381: Unexpected token. Did you mean `{'}'}` or `&rbrace;`?
old_appcore.tsx(1,25849): error TS1127: Invalid character.
old_appcore.tsx(1,26102): error TS1381: Unexpected token. Did you mean `{'}'}` or `&rbrace;`?
old_appcore.tsx(1,26115): error TS1381: Unexpected token. Did you mean `{'}'}` or `&rbrace;`?
old_appcore.tsx(1,26129): error TS1382: Unexpected token. Did you mean `{'>'}` or `&gt;`?
old_appcore.tsx(1,26172): error TS1381: Unexpected token. Did you mean `{'}'}` or `&rbrace;`?
old_appcore.tsx(1,26181): error TS1381: Unexpected token. Did you mean `{'}'}` or `&rbrace;`?
old_appcore.tsx(1,26203): error TS1127: Invalid character.
old_appcore.tsx(1,26283): error TS1127: Invalid character.
old_appcore.tsx(1,26311): error TS1382: Unexpected token. Did you mean `{'>'}` or `&gt;`?
old_appcore.tsx(1,26325): error TS1382: Unexpected token. Did you mean `{'>'}` or `&gt;`?
old_appcore.tsx(1,26349): error TS1127: Invalid character.
old_appcore.tsx(1,26411): error TS1382: Unexpected token. Did you mean `{'>'}` or `&gt;`?
old_appcore.tsx(1,26463): error TS1382: Unexpected token. Did you mean `{'>'}` or `&gt;`?
old_appcore.tsx(1,26478): error TS1381: Unexpected token. Did you mean `{'}'}` or `&rbrace;`?
old_appcore.tsx(1,26585): error TS1381: Unexpected token. Did you mean `{'}'}` or `&rbrace;`?
old_appcore.tsx(1,26752): error TS1382: Unexpected token. Did you mean `{'>'}` or `&gt;`?
old_appcore.tsx(1,26756): error TS1127: Invalid character.
old_appcore.tsx(1,26816): error TS1382: Unexpected token. Did you mean `{'>'}` or `&gt;`?
old_appcore.tsx(1,26843): error TS1127: Invalid character.
old_appcore.tsx(1,27002): error TS1381: Unexpected token. Did you mean `{'}'}` or `&rbrace;`?
old_appcore.tsx(1,27013): error TS1381: Unexpected token. Did you mean `{'}'}` or `&rbrace;`?
old_appcore.tsx(1,27023): error TS1381: Unexpected token. Did you mean `{'}'}` or `&rbrace;`?
old_appcore.tsx(1,27034): error TS1127: Invalid character.
old_appcore.tsx(1,27110): error TS1381: Unexpected token. Did you mean `{'}'}` or `&rbrace;`?
old_appcore.tsx(1,27115): error TS1381: Unexpected token. Did you mean `{'}'}` or `&rbrace;`?
old_appcore.tsx(1,27193): error TS1382: Unexpected token. Did you mean `{'>'}` or `&gt;`?
old_appcore.tsx(1,27196): error TS1127: Invalid character.
old_appcore.tsx(1,27299): error TS1127: Invalid character.
old_appcore.tsx(1,27452): error TS1127: Invalid character.
old_appcore.tsx(1,27753): error TS1381: Unexpected token. Did you mean `{'}'}` or `&rbrace;`?
old_appcore.tsx(1,27781): error TS1382: Unexpected token. Did you mean `{'>'}` or `&gt;`?
old_appcore.tsx(1,27879): error TS1381: Unexpected token. Did you mean `{'}'}` or `&rbrace;`?
old_appcore.tsx(1,27887): error TS1127: Invalid character.
old_appcore.tsx(1,27928): error TS1382: Unexpected token. Did you mean `{'>'}` or `&gt;`?
old_appcore.tsx(1,28018): error TS1381: Unexpected token. Did you mean `{'}'}` or `&rbrace;`?
old_appcore.tsx(1,28058): error TS1005: '}' expected.
old_appcore.tsx(1,28140): error TS1381: Unexpected token. Did you mean `{'}'}` or `&rbrace;`?
old_appcore.tsx(1,28166): error TS1382: Unexpected token. Did you mean `{'>'}` or `&gt;`?
old_appcore.tsx(1,28180): error TS1382: Unexpected token. Did you mean `{'>'}` or `&gt;`?
old_appcore.tsx(1,28226): error TS1005: '}' expected.
old_appcore.tsx(1,28294): error TS1381: Unexpected token. Did you mean `{'}'}` or `&rbrace;`?
old_appcore.tsx(1,28336): error TS1382: Unexpected token. Did you mean `{'>'}` or `&gt;`?
old_appcore.tsx(1,28412): error TS1381: Unexpected token. Did you mean `{'}'}` or `&rbrace;`?
old_appcore.tsx(1,28497): error TS1382: Unexpected token. Did you mean `{'>'}` or `&gt;`?
old_appcore.tsx(1,28500): error TS1127: Invalid character.
old_appcore.tsx(1,28577): error TS1127: Invalid character.
old_appcore.tsx(1,28682): error TS1381: Unexpected token. Did you mean `{'}'}` or `&rbrace;`?
old_appcore.tsx(1,29220): error TS1381: Unexpected token. Did you mean `{'}'}` or `&rbrace;`?
old_appcore.tsx(1,29270): error TS1382: Unexpected token. Did you mean `{'>'}` or `&gt;`?
old_appcore.tsx(1,29273): error TS1127: Invalid character.
old_appcore.tsx(1,29360): error TS1382: Unexpected token. Did you mean `{'>'}` or `&gt;`?
old_appcore.tsx(1,29363): error TS1127: Invalid character.
old_appcore.tsx(1,29418): error TS1382: Unexpected token. Did you mean `{'>'}` or `&gt;`?
old_appcore.tsx(1,29673): error TS1127: Invalid character.
old_appcore.tsx(1,29740): error TS1381: Unexpected token. Did you mean `{'}'}` or `&rbrace;`?
old_appcore.tsx(1,29748): error TS1381: Unexpected token. Did you mean `{'}'}` or `&rbrace;`?
old_appcore.tsx(1,29755): error TS1381: Unexpected token. Did you mean `{'}'}` or `&rbrace;`?
old_appcore.tsx(1,29808): error TS1382: Unexpected token. Did you mean `{'>'}` or `&gt;`?
old_appcore.tsx(1,29811): error TS1127: Invalid character.
old_appcore.tsx(1,29850): error TS1127: Invalid character.
old_appcore.tsx(1,29969): error TS1381: Unexpected token. Did you mean `{'}'}` or `&rbrace;`?
old_appcore.tsx(1,29974): error TS1381: Unexpected token. Did you mean `{'}'}` or `&rbrace;`?
old_appcore.tsx(1,30011): error TS1382: Unexpected token. Did you mean `{'>'}` or `&gt;`?
old_appcore.tsx(1,30014): error TS1127: Invalid character.
old_appcore.tsx(1,30112): error TS1127: Invalid character.
old_appcore.tsx(1,30143): error TS1127: Invalid character.
old_appcore.tsx(1,30198): error TS1382: Unexpected token. Did you mean `{'>'}` or `&gt;`?
old_appcore.tsx(1,30201): error TS1127: Invalid character.
old_appcore.tsx(1,30425): error TS1127: Invalid character.
old_appcore.tsx(1,30468): error TS1005: '}' expected.
old_appcore.tsx(1,30492): error TS1381: Unexpected token. Did you mean `{'}'}` or `&rbrace;`?
old_appcore.tsx(1,30506): error TS1381: Unexpected token. Did you mean `{'}'}` or `&rbrace;`?
old_appcore.tsx(1,30544): error TS1381: Unexpected token. Did you mean `{'}'}` or `&rbrace;`?
old_appcore.tsx(1,30555): error TS1381: Unexpected token. Did you mean `{'}'}` or `&rbrace;`?
old_appcore.tsx(1,30652): error TS1381: Unexpected token. Did you mean `{'}'}` or `&rbrace;`?
old_appcore.tsx(1,30720): error TS1127: Invalid character.
old_appcore.tsx(1,30803): error TS1381: Unexpected token. Did you mean `{'}'}` or `&rbrace;`?
old_appcore.tsx(1,30808): error TS1381: Unexpected token. Did you mean `{'}'}` or `&rbrace;`?
old_appcore.tsx(1,30879): error TS1382: Unexpected token. Did you mean `{'>'}` or `&gt;`?
old_appcore.tsx(1,30882): error TS1127: Invalid character.
old_appcore.tsx(1,30988): error TS1005: '}' expected.
old_appcore.tsx(1,31038): error TS1381: Unexpected token. Did you mean `{'}'}` or `&rbrace;`?
old_appcore.tsx(1,31085): error TS1382: Unexpected token. Did you mean `{'>'}` or `&gt;`?
old_appcore.tsx(1,31199): error TS1382: Unexpected token. Did you mean `{'>'}` or `&gt;`?
old_appcore.tsx(1,31496): error TS1382: Unexpected token. Did you mean `{'>'}` or `&gt;`?
old_appcore.tsx(1,31548): error TS1382: Unexpected token. Did you mean `{'>'}` or `&gt;`?
old_appcore.tsx(1,31560): error TS1127: Invalid character.
old_appcore.tsx(1,31637): error TS1005: '}' expected.
old_appcore.tsx(1,31646): error TS1381: Unexpected token. Did you mean `{'}'}` or `&rbrace;`?
old_appcore.tsx(1,31653): error TS1381: Unexpected token. Did you mean `{'}'}` or `&rbrace;`?
old_appcore.tsx(1,32001): error TS1382: Unexpected token. Did you mean `{'>'}` or `&gt;`?
old_appcore.tsx(1,32005): error TS1127: Invalid character.
old_appcore.tsx(1,32061): error TS1382: Unexpected token. Did you mean `{'>'}` or `&gt;`?
old_appcore.tsx(1,32121): error TS1005: '}' expected.
old_appcore.tsx(1,32128): error TS1381: Unexpected token. Did you mean `{'}'}` or `&rbrace;`?
old_appcore.tsx(1,32143): error TS1381: Unexpected token. Did you mean `{'}'}` or `&rbrace;`?
old_appcore.tsx(1,32158): error TS1127: Invalid character.
old_appcore.tsx(1,32293): error TS1382: Unexpected token. Did you mean `{'>'}` or `&gt;`?
old_appcore.tsx(1,32297): error TS1127: Invalid character.
old_appcore.tsx(1,32355): error TS1382: Unexpected token. Did you mean `{'>'}` or `&gt;`?
old_appcore.tsx(1,32401): error TS1005: '}' expected.
old_appcore.tsx(1,32452): error TS1381: Unexpected token. Did you mean `{'}'}` or `&rbrace;`?
old_appcore.tsx(1,32469): error TS1381: Unexpected token. Did you mean `{'}'}` or `&rbrace;`?
old_appcore.tsx(1,32479): error TS1381: Unexpected token. Did you mean `{'}'}` or `&rbrace;`?
old_appcore.tsx(1,32497): error TS1127: Invalid character.
old_appcore.tsx(1,32665): error TS1382: Unexpected token. Did you mean `{'>'}` or `&gt;`?
old_appcore.tsx(1,32669): error TS1127: Invalid character.
old_appcore.tsx(1,32727): error TS1382: Unexpected token. Did you mean `{'>'}` or `&gt;`?
old_appcore.tsx(1,32787): error TS1005: '}' expected.
old_appcore.tsx(1,32795): error TS1381: Unexpected token. Did you mean `{'}'}` or `&rbrace;`?
old_appcore.tsx(1,32812): error TS1381: Unexpected token. Did you mean `{'}'}` or `&rbrace;`?
old_appcore.tsx(1,32822): error TS1381: Unexpected token. Did you mean `{'}'}` or `&rbrace;`?
old_appcore.tsx(1,32827): error TS1381: Unexpected token. Did you mean `{'}'}` or `&rbrace;`?
old_appcore.tsx(1,32905): error TS1382: Unexpected token. Did you mean `{'>'}` or `&gt;`?
old_appcore.tsx(1,32908): error TS1127: Invalid character.
old_appcore.tsx(1,32990): error TS1005: '}' expected.
old_appcore.tsx(1,33073): error TS1381: Unexpected token. Did you mean `{'}'}` or `&rbrace;`?
old_appcore.tsx(1,33096): error TS1127: Invalid character.
old_appcore.tsx(1,33130): error TS1127: Invalid character.
old_appcore.tsx(1,33470): error TS1381: Unexpected token. Did you mean `{'}'}` or `&rbrace;`?
old_appcore.tsx(1,33479): error TS1381: Unexpected token. Did you mean `{'}'}` or `&rbrace;`?
old_appcore.tsx(1,33535): error TS1005: '}' expected.
old_appcore.tsx(1,33537): error TS1381: Unexpected token. Did you mean `{'}'}` or `&rbrace;`?
old_appcore.tsx(1,33542): error TS1381: Unexpected token. Did you mean `{'}'}` or `&rbrace;`?
old_appcore.tsx(1,33584): error TS1127: Invalid character.
old_appcore.tsx(1,33595): error TS1127: Invalid character.
old_appcore.tsx(1,33615): error TS1005: '}' expected.
old_appcore.tsx(1,33646): error TS1381: Unexpected token. Did you mean `{'}'}` or `&rbrace;`?
old_appcore.tsx(1,33724): error TS1003: Identifier expected.
old_appcore.tsx(1,33769): error TS1005: '}' expected.
old_appcore.tsx(1,33779): error TS1381: Unexpected token. Did you mean `{'}'}` or `&rbrace;`?
old_appcore.tsx(1,34083): error TS1005: '}' expected.
old_appcore.tsx(1,34127): error TS1381: Unexpected token. Did you mean `{'}'}` or `&rbrace;`?
old_appcore.tsx(1,34192): error TS1005: '}' expected.
old_appcore.tsx(1,34223): error TS1381: Unexpected token. Did you mean `{'}'}` or `&rbrace;`?
old_appcore.tsx(1,34576): error TS1382: Unexpected token. Did you mean `{'>'}` or `&gt;`?
old_appcore.tsx(1,34585): error TS1005: '}' expected.
old_appcore.tsx(1,34615): error TS1381: Unexpected token. Did you mean `{'}'}` or `&rbrace;`?
old_appcore.tsx(1,34790): error TS1381: Unexpected token. Did you mean `{'}'}` or `&rbrace;`?
old_appcore.tsx(1,34803): error TS1127: Invalid character.
old_appcore.tsx(1,34915): error TS1381: Unexpected token. Did you mean `{'}'}` or `&rbrace;`?
old_appcore.tsx(1,34920): error TS1381: Unexpected token. Did you mean `{'}'}` or `&rbrace;`?
old_appcore.tsx(1,35014): error TS1382: Unexpected token. Did you mean `{'>'}` or `&gt;`?
old_appcore.tsx(1,35017): error TS1127: Invalid character.
old_appcore.tsx(1,35122): error TS1127: Invalid character.
old_appcore.tsx(1,35635): error TS1127: Invalid character.
old_appcore.tsx(1,35732): error TS1381: Unexpected token. Did you mean `{'}'}` or `&rbrace;`?
old_appcore.tsx(1,35762): error TS1127: Invalid character.
old_appcore.tsx(1,35937): error TS1381: Unexpected token. Did you mean `{'}'}` or `&rbrace;`?
old_appcore.tsx(1,35996): error TS1382: Unexpected token. Did you mean `{'>'}` or `&gt;`?
old_appcore.tsx(1,36035): error TS1381: Unexpected token. Did you mean `{'}'}` or `&rbrace;`?
old_appcore.tsx(1,36057): error TS1127: Invalid character.
old_appcore.tsx(1,36165): error TS1381: Unexpected token. Did you mean `{'}'}` or `&rbrace;`?
old_appcore.tsx(1,36170): error TS1381: Unexpected token. Did you mean `{'}'}` or `&rbrace;`?
old_appcore.tsx(1,36212): error TS1127: Invalid character.
old_appcore.tsx(1,36296): error TS1127: Invalid character.
old_appcore.tsx(1,36316): error TS1005: '}' expected.
old_appcore.tsx(1,36337): error TS1381: Unexpected token. Did you mean `{'}'}` or `&rbrace;`?
old_appcore.tsx(1,36415): error TS1003: Identifier expected.
old_appcore.tsx(1,36445): error TS1005: '}' expected.
old_appcore.tsx(1,36455): error TS1381: Unexpected token. Did you mean `{'}'}` or `&rbrace;`?
old_appcore.tsx(1,36684): error TS1127: Invalid character.
old_appcore.tsx(1,36755): error TS1005: '}' expected.
old_appcore.tsx(1,36770): error TS1381: Unexpected token. Did you mean `{'}'}` or `&rbrace;`?
old_appcore.tsx(1,36804): error TS1127: Invalid character.
old_appcore.tsx(1,37019): error TS1381: Unexpected token. Did you mean `{'}'}` or `&rbrace;`?
old_appcore.tsx(1,37030): error TS1381: Unexpected token. Did you mean `{'}'}` or `&rbrace;`?
old_appcore.tsx(1,37134): error TS1005: '}' expected.
old_appcore.tsx(1,37136): error TS1381: Unexpected token. Did you mean `{'}'}` or `&rbrace;`?
old_appcore.tsx(1,37207): error TS1005: '}' expected.
old_appcore.tsx(1,37209): error TS1381: Unexpected token. Did you mean `{'}'}` or `&rbrace;`?
old_appcore.tsx(1,37239): error TS1127: Invalid character.
old_appcore.tsx(1,37297): error TS1382: Unexpected token. Did you mean `{'>'}` or `&gt;`?
old_appcore.tsx(1,37325): error TS1005: '}' expected.
old_appcore.tsx(1,37365): error TS1381: Unexpected token. Did you mean `{'}'}` or `&rbrace;`?
old_appcore.tsx(1,37382): error TS1381: Unexpected token. Did you mean `{'}'}` or `&rbrace;`?
old_appcore.tsx(1,37390): error TS1127: Invalid character.
old_appcore.tsx(1,37432): error TS1381: Unexpected token. Did you mean `{'}'}` or `&rbrace;`?
old_appcore.tsx(1,37439): error TS1381: Unexpected token. Did you mean `{'}'}` or `&rbrace;`?
old_appcore.tsx(1,37478): error TS1005: '}' expected.
old_appcore.tsx(1,37543): error TS1381: Unexpected token. Did you mean `{'}'}` or `&rbrace;`?
old_appcore.tsx(1,37548): error TS1381: Unexpected token. Did you mean `{'}'}` or `&rbrace;`?
old_appcore.tsx(1,37596): error TS1127: Invalid character.
old_appcore.tsx(1,37642): error TS1127: Invalid character.
old_appcore.tsx(1,37693): error TS1127: Invalid character.
old_appcore.tsx(1,37764): error TS1005: '}' expected.
old_appcore.tsx(1,37779): error TS1381: Unexpected token. Did you mean `{'}'}` or `&rbrace;`?
old_appcore.tsx(1,37813): error TS1127: Invalid character.
old_appcore.tsx(1,38068): error TS1381: Unexpected token. Did you mean `{'}'}` or `&rbrace;`?
old_appcore.tsx(1,38079): error TS1381: Unexpected token. Did you mean `{'}'}` or `&rbrace;`?
old_appcore.tsx(1,38183): error TS1005: '}' expected.
old_appcore.tsx(1,38185): error TS1381: Unexpected token. Did you mean `{'}'}` or `&rbrace;`?
old_appcore.tsx(1,38221): error TS1005: '}' expected.
old_appcore.tsx(1,38223): error TS1381: Unexpected token. Did you mean `{'}'}` or `&rbrace;`?
old_appcore.tsx(1,38266): error TS1127: Invalid character.
old_appcore.tsx(1,38327): error TS1382: Unexpected token. Did you mean `{'>'}` or `&gt;`?
old_appcore.tsx(1,38358): error TS1005: '}' expected.
old_appcore.tsx(1,38409): error TS1381: Unexpected token. Did you mean `{'}'}` or `&rbrace;`?
old_appcore.tsx(1,38426): error TS1381: Unexpected token. Did you mean `{'}'}` or `&rbrace;`?
old_appcore.tsx(1,38461): error TS1005: '}' expected.
old_appcore.tsx(1,38463): error TS1381: Unexpected token. Did you mean `{'}'}` or `&rbrace;`?
old_appcore.tsx(1,38470): error TS1381: Unexpected token. Did you mean `{'}'}` or `&rbrace;`?
old_appcore.tsx(1,38506): error TS1005: '}' expected.
old_appcore.tsx(1,38508): error TS1381: Unexpected token. Did you mean `{'}'}` or `&rbrace;`?
old_appcore.tsx(1,38513): error TS1381: Unexpected token. Did you mean `{'}'}` or `&rbrace;`?
old_appcore.tsx(1,38584): error TS1382: Unexpected token. Did you mean `{'>'}` or `&gt;`?
old_appcore.tsx(1,38587): error TS1127: Invalid character.
old_appcore.tsx(1,38657): error TS1382: Unexpected token. Did you mean `{'>'}` or `&gt;`?
old_appcore.tsx(1,38661): error TS1127: Invalid character.
old_appcore.tsx(1,38715): error TS1382: Unexpected token. Did you mean `{'>'}` or `&gt;`?
old_appcore.tsx(1,38754): error TS1005: '}' expected.
old_appcore.tsx(1,38803): error TS1381: Unexpected token. Did you mean `{'}'}` or `&rbrace;`?
old_appcore.tsx(1,38816): error TS1381: Unexpected token. Did you mean `{'}'}` or `&rbrace;`?
old_appcore.tsx(1,38824): error TS1381: Unexpected token. Did you mean `{'}'}` or `&rbrace;`?
old_appcore.tsx(1,38940): error TS1382: Unexpected token. Did you mean `{'>'}` or `&gt;`?
old_appcore.tsx(1,38943): error TS1127: Invalid character.
old_appcore.tsx(1,39079): error TS1382: Unexpected token. Did you mean `{'>'}` or `&gt;`?
old_appcore.tsx(1,39083): error TS1127: Invalid character.
old_appcore.tsx(1,39137): error TS1382: Unexpected token. Did you mean `{'>'}` or `&gt;`?
old_appcore.tsx(1,39190): error TS1381: Unexpected token. Did you mean `{'}'}` or `&rbrace;`?
old_appcore.tsx(1,39205): error TS1127: Invalid character.
old_appcore.tsx(1,39239): error TS1127: Invalid character.
old_appcore.tsx(1,39533): error TS1381: Unexpected token. Did you mean `{'}'}` or `&rbrace;`?
old_appcore.tsx(1,39542): error TS1381: Unexpected token. Did you mean `{'}'}` or `&rbrace;`?
old_appcore.tsx(1,39590): error TS1005: '}' expected.
old_appcore.tsx(1,39592): error TS1381: Unexpected token. Did you mean `{'}'}` or `&rbrace;`?
old_appcore.tsx(1,39597): error TS1381: Unexpected token. Did you mean `{'}'}` or `&rbrace;`?
old_appcore.tsx(1,39698): error TS1382: Unexpected token. Did you mean `{'>'}` or `&gt;`?
old_appcore.tsx(1,39701): error TS1127: Invalid character.
old_appcore.tsx(1,39737): error TS1382: Unexpected token. Did you mean `{'>'}` or `&gt;`?
old_appcore.tsx(1,39741): error TS1127: Invalid character.
old_appcore.tsx(1,39797): error TS1382: Unexpected token. Did you mean `{'>'}` or `&gt;`?
old_appcore.tsx(1,39800): error TS1127: Invalid character.
old_appcore.tsx(1,40203): error TS1005: '}' expected.
old_appcore.tsx(1,40217): error TS1381: Unexpected token. Did you mean `{'}'}` or `&rbrace;`?
old_appcore.tsx(1,40227): error TS1381: Unexpected token. Did you mean `{'}'}` or `&rbrace;`?
old_appcore.tsx(1,40236): error TS1381: Unexpected token. Did you mean `{'}'}` or `&rbrace;`?
old_appcore.tsx(1,40244): error TS1381: Unexpected token. Did you mean `{'}'}` or `&rbrace;`?
old_appcore.tsx(1,40308): error TS1382: Unexpected token. Did you mean `{'>'}` or `&gt;`?
old_appcore.tsx(1,40311): error TS1127: Invalid character.
old_appcore.tsx(1,40347): error TS1382: Unexpected token. Did you mean `{'>'}` or `&gt;`?
old_appcore.tsx(1,40351): error TS1127: Invalid character.
old_appcore.tsx(1,40407): error TS1382: Unexpected token. Did you mean `{'>'}` or `&gt;`?
old_appcore.tsx(1,40455): error TS1005: '}' expected.
old_appcore.tsx(1,40476): error TS1381: Unexpected token. Did you mean `{'}'}` or `&rbrace;`?
old_appcore.tsx(1,40491): error TS1381: Unexpected token. Did you mean `{'}'}` or `&rbrace;`?
old_appcore.tsx(1,40499): error TS1381: Unexpected token. Did you mean `{'}'}` or `&rbrace;`?
old_appcore.tsx(1,40558): error TS1382: Unexpected token. Did you mean `{'>'}` or `&gt;`?
old_appcore.tsx(1,40561): error TS1127: Invalid character.
old_appcore.tsx(1,40600): error TS1382: Unexpected token. Did you mean `{'>'}` or `&gt;`?
old_appcore.tsx(1,40690): error TS1382: Unexpected token. Did you mean `{'>'}` or `&gt;`?
old_appcore.tsx(1,40784): error TS1005: '}' expected.
old_appcore.tsx(1,40861): error TS1381: Unexpected token. Did you mean `{'}'}` or `&rbrace;`?
old_appcore.tsx(1,41047): error TS1381: Unexpected token. Did you mean `{'}'}` or `&rbrace;`?
old_appcore.tsx(1,41099): error TS1382: Unexpected token. Did you mean `{'>'}` or `&gt;`?
old_appcore.tsx(1,41102): error TS1127: Invalid character.
old_appcore.tsx(1,41183): error TS1127: Invalid character.
old_appcore.tsx(1,41228): error TS1127: Invalid character.
old_appcore.tsx(1,41403): error TS1381: Unexpected token. Did you mean `{'}'}` or `&rbrace;`?
old_appcore.tsx(1,41552): error TS1381: Unexpected token. Did you mean `{'}'}` or `&rbrace;`?
old_appcore.tsx(1,41609): error TS1005: '}' expected.
old_appcore.tsx(1,41611): error TS1381: Unexpected token. Did you mean `{'}'}` or `&rbrace;`?
old_appcore.tsx(1,41655): error TS1005: '}' expected.
old_appcore.tsx(1,41657): error TS1381: Unexpected token. Did you mean `{'}'}` or `&rbrace;`?
old_appcore.tsx(1,41662): error TS1381: Unexpected token. Did you mean `{'}'}` or `&rbrace;`?
old_appcore.tsx(1,41739): error TS1382: Unexpected token. Did you mean `{'>'}` or `&gt;`?
old_appcore.tsx(1,41781): error TS1005: '}' expected.
old_appcore.tsx(1,41783): error TS1381: Unexpected token. Did you mean `{'}'}` or `&rbrace;`?
old_appcore.tsx(1,41835): error TS1382: Unexpected token. Did you mean `{'>'}` or `&gt;`?
old_appcore.tsx(1,41867): error TS1005: '}' expected.
old_appcore.tsx(1,41869): error TS1381: Unexpected token. Did you mean `{'}'}` or `&rbrace;`?
old_appcore.tsx(1,41908): error TS1382: Unexpected token. Did you mean `{'>'}` or `&gt;`?
old_appcore.tsx(1,41938): error TS1005: '}' expected.
old_appcore.tsx(1,41940): error TS1381: Unexpected token. Did you mean `{'}'}` or `&rbrace;`?
old_appcore.tsx(1,42003): error TS1382: Unexpected token. Did you mean `{'>'}` or `&gt;`?
old_appcore.tsx(1,42007): error TS1109: Expression expected.
old_appcore.tsx(1,42091): error TS1381: Unexpected token. Did you mean `{'}'}` or `&rbrace;`?
old_appcore.tsx(1,42164): error TS1382: Unexpected token. Did you mean `{'>'}` or `&gt;`?
old_appcore.tsx(1,42167): error TS1127: Invalid character.
old_appcore.tsx(1,42275): error TS1381: Unexpected token. Did you mean `{'}'}` or `&rbrace;`?
old_appcore.tsx(1,42325): error TS1382: Unexpected token. Did you mean `{'>'}` or `&gt;`?
old_appcore.tsx(1,42328): error TS1127: Invalid character.
old_appcore.tsx(1,42512): error TS1382: Unexpected token. Did you mean `{'>'}` or `&gt;`?
old_appcore.tsx(1,42515): error TS1127: Invalid character.
old_appcore.tsx(1,42612): error TS1005: '}' expected.
old_appcore.tsx(1,42620): error TS1005: '}' expected.
old_appcore.tsx(1,42634): error TS1381: Unexpected token. Did you mean `{'}'}` or `&rbrace;`?
old_appcore.tsx(1,42636): error TS1381: Unexpected token. Did you mean `{'}'}` or `&rbrace;`?
old_appcore.tsx(1,42646): error TS1381: Unexpected token. Did you mean `{'}'}` or `&rbrace;`?
old_appcore.tsx(1,42657): error TS1381: Unexpected token. Did you mean `{'}'}` or `&rbrace;`?
old_appcore.tsx(1,42694): error TS1382: Unexpected token. Did you mean `{'>'}` or `&gt;`?
old_appcore.tsx(1,42718): error TS1005: '}' expected.
old_appcore.tsx(1,42748): error TS1381: Unexpected token. Did you mean `{'}'}` or `&rbrace;`?
old_appcore.tsx(1,42785): error TS1382: Unexpected token. Did you mean `{'>'}` or `&gt;`?
old_appcore.tsx(1,42788): error TS1127: Invalid character.
old_appcore.tsx(1,42949): error TS1127: Invalid character.
old_appcore.tsx(1,43044): error TS1382: Unexpected token. Did you mean `{'>'}` or `&gt;`?
old_appcore.tsx(1,43071): error TS1127: Invalid character.
old_appcore.tsx(1,43152): error TS1382: Unexpected token. Did you mean `{'>'}` or `&gt;`?
old_appcore.tsx(1,43195): error TS17002: Expected corresponding JSX closing tag for 'Record'.
old_appcore.tsx(1,43200): error TS1127: Invalid character.
old_appcore.tsx(1,43245): error TS1127: Invalid character.
old_appcore.tsx(1,43320): error TS1382: Unexpected token. Did you mean `{'>'}` or `&gt;`?
old_appcore.tsx(1,43327): error TS17002: Expected corresponding JSX closing tag for 'string'.
old_appcore.tsx(1,43334): error TS1127: Invalid character.
old_appcore.tsx(1,43344): error TS17002: Expected corresponding JSX closing tag for 'string'.
old_appcore.tsx(1,43348): error TS1127: Invalid character.
old_appcore.tsx(1,43360): error TS1381: Unexpected token. Did you mean `{'}'}` or `&rbrace;`?
old_appcore.tsx(1,43389): error TS1127: Invalid character.
old_appcore.tsx(1,43551): error TS1127: Invalid character.
old_appcore.tsx(1,43587): error TS1382: Unexpected token. Did you mean `{'>'}` or `&gt;`?
old_appcore.tsx(1,43615): error TS1127: Invalid character.
old_appcore.tsx(1,43708): error TS1382: Unexpected token. Did you mean `{'>'}` or `&gt;`?
old_appcore.tsx(1,43876): error TS17002: Expected corresponding JSX closing tag for 'hr'.
old_appcore.tsx(1,43880): error TS1127: Invalid character.
old_appcore.tsx(1,43892): error TS1381: Unexpected token. Did you mean `{'}'}` or `&rbrace;`?
old_appcore.tsx(1,43940): error TS1127: Invalid character.
old_appcore.tsx(1,45336): error TS1127: Invalid character.
old_appcore.tsx(1,45550): error TS1381: Unexpected token. Did you mean `{'}'}` or `&rbrace;`?
old_appcore.tsx(1,45551): error TS1381: Unexpected token. Did you mean `{'}'}` or `&rbrace;`?
old_appcore.tsx(1,46008): error TS1382: Unexpected token. Did you mean `{'>'}` or `&gt;`?
old_appcore.tsx(1,46155): error TS1127: Invalid character.
old_appcore.tsx(1,46192): error TS1382: Unexpected token. Did you mean `{'>'}` or `&gt;`?
old_appcore.tsx(1,46218): error TS1127: Invalid character.
old_appcore.tsx(1,46276): error TS1382: Unexpected token. Did you mean `{'>'}` or `&gt;`?
old_appcore.tsx(1,46321): error TS1127: Invalid character.
old_appcore.tsx(1,46389): error TS1382: Unexpected token. Did you mean `{'>'}` or `&gt;`?
old_appcore.tsx(1,46410): error TS17002: Expected corresponding JSX closing tag for 'div'.
old_appcore.tsx(1,46412): error TS1127: Invalid character.
old_appcore.tsx(1,46440): error TS1127: Invalid character.
old_appcore.tsx(1,46513): error TS1382: Unexpected token. Did you mean `{'>'}` or `&gt;`?
old_appcore.tsx(1,46524): error TS17002: Expected corresponding JSX closing tag for 'div'.
old_appcore.tsx(1,46527): error TS1127: Invalid character.
old_appcore.tsx(1,46541): error TS17002: Expected corresponding JSX closing tag for 'p'.
old_appcore.tsx(1,46545): error TS1127: Invalid character.
old_appcore.tsx(1,46572): error TS1127: Invalid character.
old_appcore.tsx(1,46599): error TS1382: Unexpected token. Did you mean `{'>'}` or `&gt;`?
old_appcore.tsx(1,46670): error TS1127: Invalid character.
old_appcore.tsx(1,46813): error TS1382: Unexpected token. Did you mean `{'>'}` or `&gt;`?
old_appcore.tsx(1,46898): error TS17002: Expected corresponding JSX closing tag for 'blockquote'.
old_appcore.tsx(1,46905): error TS1127: Invalid character.
old_appcore.tsx(1,46964): error TS1127: Invalid character.
old_appcore.tsx(1,47175): error TS1382: Unexpected token. Did you mean `{'>'}` or `&gt;`?
old_appcore.tsx(1,47218): error TS17002: Expected corresponding JSX closing tag for 'blockquote'.
old_appcore.tsx(1,47225): error TS1127: Invalid character.
old_appcore.tsx(1,47239): error TS17002: Expected corresponding JSX closing tag for 'li'.
old_appcore.tsx(1,47243): error TS1127: Invalid character.
old_appcore.tsx(1,47243): error TS1005: ',' expected.
old_appcore.tsx(1,47253): error TS1005: ',' expected.
old_appcore.tsx(1,47259): error TS1127: Invalid character.
old_appcore.tsx(1,47269): error TS1005: ',' expected.
old_appcore.tsx(1,47285): error TS1005: ',' expected.
old_appcore.tsx(1,47289): error TS1127: Invalid character.
old_appcore.tsx(1,47306): error TS1005: ',' expected.
old_appcore.tsx(1,47317): error TS1136: Property assignment expected.
old_appcore.tsx(1,47433): error TS1005: ',' expected.
old_appcore.tsx(1,47434): error TS1109: Expression expected.
old_appcore.tsx(1,47435): error TS1127: Invalid character.
old_appcore.tsx(1,47454): error TS1005: ';' expected.
old_appcore.tsx(1,47464): error TS1127: Invalid character.
old_appcore.tsx(1,56880): error TS1002: Unterminated string literal.
old_appcore_utf8.tsx(1,73): error TS1127: Invalid character.
old_appcore_utf8.tsx(1,74): error TS1435: Unknown keyword or identifier. Did you mean 'import'?
old_appcore_utf8.tsx(1,99): error TS1434: Unexpected keyword or identifier.
old_appcore_utf8.tsx(1,111): error TS1127: Invalid character.
old_appcore_utf8.tsx(1,112): error TS1435: Unknown keyword or identifier. Did you mean 'import'?
old_appcore_utf8.tsx(1,135): error TS1434: Unexpected keyword or identifier.
old_appcore_utf8.tsx(1,161): error TS1127: Invalid character.
old_appcore_utf8.tsx(1,162): error TS1435: Unknown keyword or identifier. Did you mean 'import'?
old_appcore_utf8.tsx(1,183): error TS1434: Unexpected keyword or identifier.
old_appcore_utf8.tsx(1,207): error TS1127: Invalid character.
old_appcore_utf8.tsx(1,208): error TS1435: Unknown keyword or identifier. Did you mean 'import'?
old_appcore_utf8.tsx(1,216): error TS1434: Unexpected keyword or identifier.
old_appcore_utf8.tsx(1,231): error TS1434: Unexpected keyword or identifier.
old_appcore_utf8.tsx(1,266): error TS1127: Invalid character.
old_appcore_utf8.tsx(1,267): error TS1435: Unknown keyword or identifier. Did you mean 'import'?
old_appcore_utf8.tsx(1,275): error TS1435: Unknown keyword or identifier. Did you mean 'interface'?
old_appcore_utf8.tsx(1,289): error TS1434: Unexpected keyword or identifier.
old_appcore_utf8.tsx(1,323): error TS1127: Invalid character.
old_appcore_utf8.tsx(1,324): error TS1435: Unknown keyword or identifier. Did you mean 'import'?
old_appcore_utf8.tsx(1,346): error TS1434: Unexpected keyword or identifier.
old_appcore_utf8.tsx(1,376): error TS1127: Invalid character.
old_appcore_utf8.tsx(1,377): error TS1435: Unknown keyword or identifier. Did you mean 'import'?
old_appcore_utf8.tsx(1,397): error TS1434: Unexpected keyword or identifier.
old_appcore_utf8.tsx(1,427): error TS1127: Invalid character.
old_appcore_utf8.tsx(1,428): error TS1435: Unknown keyword or identifier. Did you mean 'import'?
old_appcore_utf8.tsx(1,448): error TS1434: Unexpected keyword or identifier.
old_appcore_utf8.tsx(1,478): error TS1127: Invalid character.
old_appcore_utf8.tsx(1,479): error TS1435: Unknown keyword or identifier. Did you mean 'import'?
old_appcore_utf8.tsx(1,498): error TS1434: Unexpected keyword or identifier.
old_appcore_utf8.tsx(1,527): error TS1127: Invalid character.
old_appcore_utf8.tsx(1,528): error TS1435: Unknown keyword or identifier. Did you mean 'const'?
old_appcore_utf8.tsx(1,565): error TS1127: Invalid character.
old_appcore_utf8.tsx(1,569): error TS1005: ',' expected.
old_appcore_utf8.tsx(1,643): error TS1127: Invalid character.
old_appcore_utf8.tsx(1,647): error TS1127: Invalid character.
old_appcore_utf8.tsx(1,648): error TS1435: Unknown keyword or identifier. Did you mean 'const'?
old_appcore_utf8.tsx(1,683): error TS1127: Invalid character.
old_appcore_utf8.tsx(1,687): error TS1005: ',' expected.
old_appcore_utf8.tsx(1,757): error TS1127: Invalid character.
old_appcore_utf8.tsx(1,761): error TS1127: Invalid character.
old_appcore_utf8.tsx(1,762): error TS1435: Unknown keyword or identifier. Did you mean 'import'?
old_appcore_utf8.tsx(1,859): error TS1434: Unexpected keyword or identifier.
old_appcore_utf8.tsx(1,874): error TS1127: Invalid character.
old_appcore_utf8.tsx(1,875): error TS1435: Unknown keyword or identifier. Did you mean 'import'?
old_appcore_utf8.tsx(1,978): error TS1434: Unexpected keyword or identifier.
old_appcore_utf8.tsx(1,1010): error TS1127: Invalid character.
old_appcore_utf8.tsx(1,1011): error TS1435: Unknown keyword or identifier. Did you mean 'import'?
old_appcore_utf8.tsx(1,1079): error TS1434: Unexpected keyword or identifier.
old_appcore_utf8.tsx(1,1116): error TS1127: Invalid character.
old_appcore_utf8.tsx(1,1117): error TS1435: Unknown keyword or identifier. Did you mean 'import'?
old_appcore_utf8.tsx(1,1148): error TS1434: Unexpected keyword or identifier.
old_appcore_utf8.tsx(1,1186): error TS1127: Invalid character.
old_appcore_utf8.tsx(1,1187): error TS1435: Unknown keyword or identifier. Did you mean 'import'?
old_appcore_utf8.tsx(1,1221): error TS1434: Unexpected keyword or identifier.
old_appcore_utf8.tsx(1,1240): error TS1127: Invalid character.
old_appcore_utf8.tsx(1,1241): error TS1435: Unknown keyword or identifier. Did you mean 'import'?
old_appcore_utf8.tsx(1,1271): error TS1434: Unexpected keyword or identifier.
old_appcore_utf8.tsx(1,1299): error TS1127: Invalid character.
old_appcore_utf8.tsx(1,1300): error TS1435: Unknown keyword or identifier. Did you mean 'import'?
old_appcore_utf8.tsx(1,1325): error TS1434: Unexpected keyword or identifier.
old_appcore_utf8.tsx(1,1356): error TS1127: Invalid character.
old_appcore_utf8.tsx(1,1357): error TS1435: Unknown keyword or identifier. Did you mean 'import'?
old_appcore_utf8.tsx(1,1464): error TS1434: Unexpected keyword or identifier.
old_appcore_utf8.tsx(1,1492): error TS1127: Invalid character.
old_appcore_utf8.tsx(1,1493): error TS1435: Unknown keyword or identifier. Did you mean 'import'?
old_appcore_utf8.tsx(1,1541): error TS1434: Unexpected keyword or identifier.
old_appcore_utf8.tsx(1,1566): error TS1127: Invalid character.
old_appcore_utf8.tsx(1,1567): error TS1435: Unknown keyword or identifier. Did you mean 'import'?
old_appcore_utf8.tsx(1,1591): error TS1434: Unexpected keyword or identifier.
old_appcore_utf8.tsx(1,1619): error TS1127: Invalid character.
old_appcore_utf8.tsx(1,1621): error TS1127: Invalid character.
old_appcore_utf8.tsx(1,1622): error TS1435: Unknown keyword or identifier. Did you mean 'const'?
old_appcore_utf8.tsx(1,1675): error TS1127: Invalid character.
old_appcore_utf8.tsx(1,1676): error TS1435: Unknown keyword or identifier. Did you mean 'const'?
old_appcore_utf8.tsx(1,1712): error TS1127: Invalid character.
old_appcore_utf8.tsx(1,1713): error TS1435: Unknown keyword or identifier. Did you mean 'const'?
old_appcore_utf8.tsx(1,1735): error TS1127: Invalid character.
old_appcore_utf8.tsx(1,1737): error TS1127: Invalid character.
old_appcore_utf8.tsx(1,1738): error TS1435: Unknown keyword or identifier. Did you mean 'interface'?
old_appcore_utf8.tsx(1,1749): error TS1434: Unexpected keyword or identifier.
old_appcore_utf8.tsx(1,1761): error TS1127: Invalid character.
old_appcore_utf8.tsx(1,1762): error TS1434: Unexpected keyword or identifier.
old_appcore_utf8.tsx(1,1811): error TS1127: Invalid character.
old_appcore_utf8.tsx(1,1812): error TS1434: Unexpected keyword or identifier.
old_appcore_utf8.tsx(1,1828): error TS1127: Invalid character.
old_appcore_utf8.tsx(1,1831): error TS1127: Invalid character.
old_appcore_utf8.tsx(1,1833): error TS1127: Invalid character.
old_appcore_utf8.tsx(1,1834): error TS1435: Unknown keyword or identifier. Did you mean 'function'?
old_appcore_utf8.tsx(1,1868): error TS1005: ',' expected.
old_appcore_utf8.tsx(1,1896): error TS1005: ';' expected.
old_appcore_utf8.tsx(1,1898): error TS1434: Unexpected keyword or identifier.
old_appcore_utf8.tsx(1,1906): error TS1127: Invalid character.
old_appcore_utf8.tsx(1,1907): error TS1434: Unexpected keyword or identifier.
old_appcore_utf8.tsx(1,1939): error TS1127: Invalid character.
old_appcore_utf8.tsx(1,1940): error TS1434: Unexpected keyword or identifier.
old_appcore_utf8.tsx(1,1961): error TS1127: Invalid character.
old_appcore_utf8.tsx(1,1977): error TS1127: Invalid character.
old_appcore_utf8.tsx(1,1978): error TS1127: Invalid character.
old_appcore_utf8.tsx(1,1986): error TS1005: ',' expected.
old_appcore_utf8.tsx(1,1988): error TS1127: Invalid character.
old_appcore_utf8.tsx(1,1989): error TS1127: Invalid character.
old_appcore_utf8.tsx(1,1993): error TS1109: Expression expected.
old_appcore_utf8.tsx(1,1994): error TS1003: Identifier expected.
old_appcore_utf8.tsx(1,1995): error TS1109: Expression expected.
old_appcore_utf8.tsx(1,1999): error TS1127: Invalid character.
old_appcore_utf8.tsx(1,2007): error TS1109: Expression expected.
old_appcore_utf8.tsx(1,2008): error TS1109: Expression expected.
old_appcore_utf8.tsx(1,2033): error TS1127: Invalid character.
old_appcore_utf8.tsx(1,2034): error TS1127: Invalid character.
old_appcore_utf8.tsx(1,2038): error TS1109: Expression expected.
old_appcore_utf8.tsx(1,2039): error TS1003: Identifier expected.
old_appcore_utf8.tsx(1,2040): error TS1109: Expression expected.
old_appcore_utf8.tsx(1,2044): error TS1127: Invalid character.
old_appcore_utf8.tsx(1,2052): error TS1109: Expression expected.
old_appcore_utf8.tsx(1,2053): error TS1109: Expression expected.
old_appcore_utf8.tsx(1,2065): error TS1109: Expression expected.
old_appcore_utf8.tsx(1,2075): error TS1109: Expression expected.
old_appcore_utf8.tsx(1,2086): error TS1109: Expression expected.
old_appcore_utf8.tsx(1,2087): error TS1127: Invalid character.
old_appcore_utf8.tsx(1,2088): error TS1127: Invalid character.
old_appcore_utf8.tsx(1,2092): error TS1109: Expression expected.
old_appcore_utf8.tsx(1,2093): error TS1109: Expression expected.
old_appcore_utf8.tsx(1,2095): error TS1127: Invalid character.
old_appcore_utf8.tsx(1,2096): error TS1127: Invalid character.
old_appcore_utf8.tsx(1,2099): error TS1109: Expression expected.
old_appcore_utf8.tsx(1,2101): error TS1127: Invalid character.
old_appcore_utf8.tsx(1,2102): error TS1127: Invalid character.
old_appcore_utf8.tsx(1,2105): error TS1109: Expression expected.
old_appcore_utf8.tsx(1,2106): error TS1137: Expression or comma expected.
old_appcore_utf8.tsx(1,2108): error TS1109: Expression expected.
old_appcore_utf8.tsx(1,2109): error TS1003: Identifier expected.
old_appcore_utf8.tsx(1,2110): error TS1109: Expression expected.
old_appcore_utf8.tsx(1,2114): error TS1127: Invalid character.
old_appcore_utf8.tsx(1,2122): error TS1109: Expression expected.
old_appcore_utf8.tsx(1,2123): error TS1109: Expression expected.
old_appcore_utf8.tsx(1,2129): error TS1127: Invalid character.
old_appcore_utf8.tsx(1,2130): error TS1127: Invalid character.
old_appcore_utf8.tsx(1,2134): error TS1109: Expression expected.
old_appcore_utf8.tsx(1,2135): error TS1109: Expression expected.
old_appcore_utf8.tsx(1,2140): error TS1127: Invalid character.
old_appcore_utf8.tsx(1,2141): error TS1127: Invalid character.
old_appcore_utf8.tsx(1,2144): error TS1109: Expression expected.
old_appcore_utf8.tsx(1,2146): error TS1109: Expression expected.
old_appcore_utf8.tsx(1,2147): error TS1003: Identifier expected.
old_appcore_utf8.tsx(1,2148): error TS1109: Expression expected.
old_appcore_utf8.tsx(1,2152): error TS1127: Invalid character.
old_appcore_utf8.tsx(1,2160): error TS1109: Expression expected.
old_appcore_utf8.tsx(1,2161): error TS1109: Expression expected.
old_appcore_utf8.tsx(1,2169): error TS1127: Invalid character.
old_appcore_utf8.tsx(1,2170): error TS1127: Invalid character.
old_appcore_utf8.tsx(1,2178): error TS1005: ',' expected.
old_appcore_utf8.tsx(1,2180): error TS1127: Invalid character.
old_appcore_utf8.tsx(1,2181): error TS1127: Invalid character.
old_appcore_utf8.tsx(1,2184): error TS1109: Expression expected.
old_appcore_utf8.tsx(1,2186): error TS1109: Expression expected.
old_appcore_utf8.tsx(1,2187): error TS1003: Identifier expected.
old_appcore_utf8.tsx(1,2188): error TS1109: Expression expected.
old_appcore_utf8.tsx(1,2192): error TS1127: Invalid character.
old_appcore_utf8.tsx(1,2200): error TS1109: Expression expected.
old_appcore_utf8.tsx(1,2201): error TS1109: Expression expected.
old_appcore_utf8.tsx(1,2210): error TS1127: Invalid character.
old_appcore_utf8.tsx(1,2211): error TS1127: Invalid character.
old_appcore_utf8.tsx(1,2219): error TS1005: ',' expected.
old_appcore_utf8.tsx(1,2221): error TS1127: Invalid character.
old_appcore_utf8.tsx(1,2222): error TS1127: Invalid character.
old_appcore_utf8.tsx(1,2225): error TS1109: Expression expected.
old_appcore_utf8.tsx(1,2227): error TS1109: Expression expected.
old_appcore_utf8.tsx(1,2228): error TS1003: Identifier expected.
old_appcore_utf8.tsx(1,2229): error TS1109: Expression expected.
old_appcore_utf8.tsx(1,2233): error TS1127: Invalid character.
old_appcore_utf8.tsx(1,2239): error TS1127: Invalid character.
old_appcore_utf8.tsx(1,2240): error TS1434: Unexpected keyword or identifier.
old_appcore_utf8.tsx(1,2276): error TS1127: Invalid character.
old_appcore_utf8.tsx(1,2277): error TS1434: Unexpected keyword or identifier.
old_appcore_utf8.tsx(1,2317): error TS1127: Invalid character.
old_appcore_utf8.tsx(1,2318): error TS1434: Unexpected keyword or identifier.
old_appcore_utf8.tsx(1,2347): error TS1127: Invalid character.
old_appcore_utf8.tsx(1,2348): error TS1434: Unexpected keyword or identifier.
old_appcore_utf8.tsx(1,2412): error TS1127: Invalid character.
old_appcore_utf8.tsx(1,2413): error TS1434: Unexpected keyword or identifier.
old_appcore_utf8.tsx(1,2473): error TS1127: Invalid character.
old_appcore_utf8.tsx(1,2480): error TS1127: Invalid character.
old_appcore_utf8.tsx(1,2485): error TS1127: Invalid character.
old_appcore_utf8.tsx(1,2486): error TS1434: Unexpected keyword or identifier.
old_appcore_utf8.tsx(1,2532): error TS1127: Invalid character.
old_appcore_utf8.tsx(1,2535): error TS1127: Invalid character.
old_appcore_utf8.tsx(1,2537): error TS1127: Invalid character.
old_appcore_utf8.tsx(1,2538): error TS1435: Unknown keyword or identifier. Did you mean 'function'?
old_appcore_utf8.tsx(1,2572): error TS1005: ',' expected.
old_appcore_utf8.tsx(1,2596): error TS1005: ',' expected.
old_appcore_utf8.tsx(1,2613): error TS1005: ';' expected.
old_appcore_utf8.tsx(1,2615): error TS1434: Unexpected keyword or identifier.
old_appcore_utf8.tsx(1,2623): error TS1127: Invalid character.
old_appcore_utf8.tsx(1,2624): error TS1434: Unexpected keyword or identifier.
old_appcore_utf8.tsx(1,2666): error TS1127: Invalid character.
old_appcore_utf8.tsx(1,2667): error TS1434: Unexpected keyword or identifier.
old_appcore_utf8.tsx(1,2683): error TS1127: Invalid character.
old_appcore_utf8.tsx(1,2689): error TS1005: ',' expected.
old_appcore_utf8.tsx(1,2697): error TS1005: ',' expected.
old_appcore_utf8.tsx(1,2698): error TS1127: Invalid character.
old_appcore_utf8.tsx(1,2707): error TS1127: Invalid character.
old_appcore_utf8.tsx(1,2708): error TS1127: Invalid character.
old_appcore_utf8.tsx(1,2710): error TS1127: Invalid character.
old_appcore_utf8.tsx(1,2711): error TS1127: Invalid character.
old_appcore_utf8.tsx(1,2718): error TS1005: ',' expected.
old_appcore_utf8.tsx(1,2720): error TS1127: Invalid character.
old_appcore_utf8.tsx(1,2721): error TS1127: Invalid character.
old_appcore_utf8.tsx(1,2724): error TS1109: Expression expected.
old_appcore_utf8.tsx(1,2725): error TS1137: Expression or comma expected.
old_appcore_utf8.tsx(1,2728): error TS1127: Invalid character.
old_appcore_utf8.tsx(1,2729): error TS1127: Invalid character.
old_appcore_utf8.tsx(1,2732): error TS1109: Expression expected.
old_appcore_utf8.tsx(1,2733): error TS1005: ',' expected.
old_appcore_utf8.tsx(1,2736): error TS1127: Invalid character.
old_appcore_utf8.tsx(1,2737): error TS1127: Invalid character.
old_appcore_utf8.tsx(1,2740): error TS1109: Expression expected.
old_appcore_utf8.tsx(1,2741): error TS1005: ',' expected.
old_appcore_utf8.tsx(1,2744): error TS1127: Invalid character.
old_appcore_utf8.tsx(1,2745): error TS1127: Invalid character.
old_appcore_utf8.tsx(1,2748): error TS1109: Expression expected.
old_appcore_utf8.tsx(1,2749): error TS1005: ',' expected.
old_appcore_utf8.tsx(1,2752): error TS1127: Invalid character.
old_appcore_utf8.tsx(1,2753): error TS1127: Invalid character.
old_appcore_utf8.tsx(1,2756): error TS1109: Expression expected.
old_appcore_utf8.tsx(1,2757): error TS1005: ',' expected.
old_appcore_utf8.tsx(1,2760): error TS1127: Invalid character.
old_appcore_utf8.tsx(1,2761): error TS1127: Invalid character.
old_appcore_utf8.tsx(1,2764): error TS1109: Expression expected.
old_appcore_utf8.tsx(1,2765): error TS1127: Invalid character.
old_appcore_utf8.tsx(1,2766): error TS1127: Invalid character.
old_appcore_utf8.tsx(1,2768): error TS1127: Invalid character.
old_appcore_utf8.tsx(1,2769): error TS1127: Invalid character.
old_appcore_utf8.tsx(1,2774): error TS1127: Invalid character.
old_appcore_utf8.tsx(1,2808): error TS1005: ';' expected.
old_appcore_utf8.tsx(1,2812): error TS1127: Invalid character.
old_appcore_utf8.tsx(1,2813): error TS1434: Unexpected keyword or identifier.
old_appcore_utf8.tsx(1,2848): error TS1127: Invalid character.
old_appcore_utf8.tsx(1,2849): error TS1434: Unexpected keyword or identifier.
old_appcore_utf8.tsx(1,2926): error TS1127: Invalid character.
old_appcore_utf8.tsx(1,2927): error TS1434: Unexpected keyword or identifier.
old_appcore_utf8.tsx(1,3006): error TS1127: Invalid character.
old_appcore_utf8.tsx(1,3007): error TS1434: Unexpected keyword or identifier.
old_appcore_utf8.tsx(1,3090): error TS1127: Invalid character.
old_appcore_utf8.tsx(1,3091): error TS1434: Unexpected keyword or identifier.
old_appcore_utf8.tsx(1,3225): error TS1127: Invalid character.
old_appcore_utf8.tsx(1,3226): error TS1434: Unexpected keyword or identifier.
old_appcore_utf8.tsx(1,4036): error TS1127: Invalid character.
old_appcore_utf8.tsx(1,4045): error TS1127: Invalid character.
old_appcore_utf8.tsx(1,4046): error TS1434: Unexpected keyword or identifier.
old_appcore_utf8.tsx(1,4051): error TS1128: Declaration or statement expected.
old_appcore_utf8.tsx(1,4052): error TS1127: Invalid character.
old_appcore_utf8.tsx(1,4114): error TS1127: Invalid character.
old_appcore_utf8.tsx(1,4160): error TS1127: Invalid character.
old_appcore_utf8.tsx(1,4205): error TS1127: Invalid character.
old_appcore_utf8.tsx(1,4249): error TS1127: Invalid character.
old_appcore_utf8.tsx(1,4292): error TS1127: Invalid character.
old_appcore_utf8.tsx(1,4366): error TS1127: Invalid character.
old_appcore_utf8.tsx(1,4425): error TS1127: Invalid character.
old_appcore_utf8.tsx(1,4470): error TS1127: Invalid character.
old_appcore_utf8.tsx(1,4541): error TS1127: Invalid character.
old_appcore_utf8.tsx(1,4542): error TS1434: Unexpected keyword or identifier.
old_appcore_utf8.tsx(1,4646): error TS1127: Invalid character.
old_appcore_utf8.tsx(1,4647): error TS1434: Unexpected keyword or identifier.
old_appcore_utf8.tsx(1,4715): error TS1127: Invalid character.
old_appcore_utf8.tsx(1,4724): error TS1127: Invalid character.
old_appcore_utf8.tsx(1,4725): error TS1434: Unexpected keyword or identifier.
old_appcore_utf8.tsx(1,4841): error TS1127: Invalid character.
old_appcore_utf8.tsx(1,4849): error TS1127: Invalid character.
old_appcore_utf8.tsx(1,4997): error TS1127: Invalid character.
old_appcore_utf8.tsx(1,5047): error TS1127: Invalid character.
old_appcore_utf8.tsx(1,5096): error TS1127: Invalid character.
old_appcore_utf8.tsx(1,5132): error TS1127: Invalid character.
old_appcore_utf8.tsx(1,5162): error TS1127: Invalid character.
old_appcore_utf8.tsx(1,5198): error TS1127: Invalid character.
old_appcore_utf8.tsx(1,5233): error TS1127: Invalid character.
old_appcore_utf8.tsx(1,5234): error TS1434: Unexpected keyword or identifier.
old_appcore_utf8.tsx(1,5281): error TS1109: Expression expected.
old_appcore_utf8.tsx(1,5282): error TS1109: Expression expected.
old_appcore_utf8.tsx(1,5283): error TS1127: Invalid character.
old_appcore_utf8.tsx(1,5284): error TS1127: Invalid character.
old_appcore_utf8.tsx(1,5302): error TS1127: Invalid character.
old_appcore_utf8.tsx(1,5307): error TS1382: Unexpected token. Did you mean `{'>'}` or `&gt;`?
old_appcore_utf8.tsx(1,5379): error TS1127: Invalid character.
old_appcore_utf8.tsx(1,5392): error TS1382: Unexpected token. Did you mean `{'>'}` or `&gt;`?
old_appcore_utf8.tsx(1,5422): error TS1127: Invalid character.
old_appcore_utf8.tsx(1,5435): error TS1382: Unexpected token. Did you mean `{'>'}` or `&gt;`?
old_appcore_utf8.tsx(1,5451): error TS1382: Unexpected token. Did you mean `{'>'}` or `&gt;`?
old_appcore_utf8.tsx(1,5454): error TS1127: Invalid character.
old_appcore_utf8.tsx(1,5492): error TS1127: Invalid character.
old_appcore_utf8.tsx(1,5506): error TS1382: Unexpected token. Did you mean `{'>'}` or `&gt;`?
old_appcore_utf8.tsx(1,5575): error TS1381: Unexpected token. Did you mean `{'}'}` or `&rbrace;`?
old_appcore_utf8.tsx(1,5611): error TS1127: Invalid character.
old_appcore_utf8.tsx(1,5615): error TS1382: Unexpected token. Did you mean `{'>'}` or `&gt;`?
old_appcore_utf8.tsx(1,5670): error TS1382: Unexpected token. Did you mean `{'>'}` or `&gt;`?
old_appcore_utf8.tsx(1,5751): error TS1381: Unexpected token. Did you mean `{'}'}` or `&rbrace;`?
old_appcore_utf8.tsx(1,5811): error TS1005: '}' expected.
old_appcore_utf8.tsx(1,5863): error TS1381: Unexpected token. Did you mean `{'}'}` or `&rbrace;`?
old_appcore_utf8.tsx(1,5866): error TS1127: Invalid character.
old_appcore_utf8.tsx(1,5916): error TS1382: Unexpected token. Did you mean `{'>'}` or `&gt;`?
old_appcore_utf8.tsx(1,5919): error TS1127: Invalid character.
old_appcore_utf8.tsx(1,6192): error TS1382: Unexpected token. Did you mean `{'>'}` or `&gt;`?
old_appcore_utf8.tsx(1,6201): error TS1381: Unexpected token. Did you mean `{'}'}` or `&rbrace;`?
old_appcore_utf8.tsx(1,6251): error TS1005: '}' expected.
old_appcore_utf8.tsx(1,6284): error TS1381: Unexpected token. Did you mean `{'}'}` or `&rbrace;`?
old_appcore_utf8.tsx(1,6574): error TS1382: Unexpected token. Did you mean `{'>'}` or `&gt;`?
old_appcore_utf8.tsx(1,6578): error TS1109: Expression expected.
old_appcore_utf8.tsx(1,6600): error TS1382: Unexpected token. Did you mean `{'>'}` or `&gt;`?
old_appcore_utf8.tsx(1,6644): error TS1381: Unexpected token. Did you mean `{'}'}` or `&rbrace;`?
old_appcore_utf8.tsx(1,6689): error TS1003: Identifier expected.
old_appcore_utf8.tsx(1,6697): error TS1127: Invalid character.
old_appcore_utf8.tsx(1,6919): error TS1382: Unexpected token. Did you mean `{'>'}` or `&gt;`?
old_appcore_utf8.tsx(1,6931): error TS1127: Invalid character.
old_appcore_utf8.tsx(1,7135): error TS1005: '}' expected.
old_appcore_utf8.tsx(1,7144): error TS1381: Unexpected token. Did you mean `{'}'}` or `&rbrace;`?
old_appcore_utf8.tsx(1,7151): error TS1381: Unexpected token. Did you mean `{'}'}` or `&rbrace;`?
old_appcore_utf8.tsx(1,7177): error TS1382: Unexpected token. Did you mean `{'>'}` or `&gt;`?
old_appcore_utf8.tsx(1,7184): error TS1127: Invalid character.
old_appcore_utf8.tsx(1,7494): error TS1382: Unexpected token. Did you mean `{'>'}` or `&gt;`?
old_appcore_utf8.tsx(1,7498): error TS1109: Expression expected.
old_appcore_utf8.tsx(1,7520): error TS1382: Unexpected token. Did you mean `{'>'}` or `&gt;`?
old_appcore_utf8.tsx(1,7564): error TS1381: Unexpected token. Did you mean `{'}'}` or `&rbrace;`?
old_appcore_utf8.tsx(1,7573): error TS1381: Unexpected token. Did you mean `{'}'}` or `&rbrace;`?
old_appcore_utf8.tsx(1,7578): error TS1381: Unexpected token. Did you mean `{'}'}` or `&rbrace;`?
old_appcore_utf8.tsx(1,7596): error TS1005: '}' expected.
old_appcore_utf8.tsx(1,7642): error TS1381: Unexpected token. Did you mean `{'}'}` or `&rbrace;`?
old_appcore_utf8.tsx(1,7646): error TS1381: Unexpected token. Did you mean `{'}'}` or `&rbrace;`?
old_appcore_utf8.tsx(1,7711): error TS1127: Invalid character.
old_appcore_utf8.tsx(1,7737): error TS1003: Identifier expected.
old_appcore_utf8.tsx(1,7826): error TS1005: '}' expected.
old_appcore_utf8.tsx(1,7943): error TS1381: Unexpected token. Did you mean `{'}'}` or `&rbrace;`?
old_appcore_utf8.tsx(1,7958): error TS1005: '}' expected.
old_appcore_utf8.tsx(1,8037): error TS1381: Unexpected token. Did you mean `{'}'}` or `&rbrace;`?
old_appcore_utf8.tsx(1,8052): error TS1005: '}' expected.
old_appcore_utf8.tsx(1,8154): error TS1381: Unexpected token. Did you mean `{'}'}` or `&rbrace;`?
old_appcore_utf8.tsx(1,8169): error TS1005: '}' expected.
old_appcore_utf8.tsx(1,8278): error TS1381: Unexpected token. Did you mean `{'}'}` or `&rbrace;`?
old_appcore_utf8.tsx(1,8293): error TS1005: '}' expected.
old_appcore_utf8.tsx(1,8381): error TS1381: Unexpected token. Did you mean `{'}'}` or `&rbrace;`?
old_appcore_utf8.tsx(1,8464): error TS1003: Identifier expected.
old_appcore_utf8.tsx(1,8472): error TS1127: Invalid character.
old_appcore_utf8.tsx(1,8556): error TS1127: Invalid character.
old_appcore_utf8.tsx(1,8929): error TS1382: Unexpected token. Did you mean `{'>'}` or `&gt;`?
old_appcore_utf8.tsx(1,8956): error TS1382: Unexpected token. Did you mean `{'>'}` or `&gt;`?
old_appcore_utf8.tsx(1,8962): error TS1127: Invalid character.
old_appcore_utf8.tsx(1,9111): error TS1127: Invalid character.
old_appcore_utf8.tsx(1,9308): error TS1381: Unexpected token. Did you mean `{'}'}` or `&rbrace;`?
old_appcore_utf8.tsx(1,9317): error TS1381: Unexpected token. Did you mean `{'}'}` or `&rbrace;`?
old_appcore_utf8.tsx(1,9324): error TS1381: Unexpected token. Did you mean `{'}'}` or `&rbrace;`?
old_appcore_utf8.tsx(1,9329): error TS1381: Unexpected token. Did you mean `{'}'}` or `&rbrace;`?
old_appcore_utf8.tsx(1,9458): error TS1382: Unexpected token. Did you mean `{'>'}` or `&gt;`?
old_appcore_utf8.tsx(1,9677): error TS1382: Unexpected token. Did you mean `{'>'}` or `&gt;`?
old_appcore_utf8.tsx(1,9721): error TS1381: Unexpected token. Did you mean `{'}'}` or `&rbrace;`?
old_appcore_utf8.tsx(1,9792): error TS1127: Invalid character.
old_appcore_utf8.tsx(1,10059): error TS1127: Invalid character.
old_appcore_utf8.tsx(1,10068): error TS1382: Unexpected token. Did you mean `{'>'}` or `&gt;`?
old_appcore_utf8.tsx(1,10143): error TS1005: '}' expected.
old_appcore_utf8.tsx(1,10212): error TS1381: Unexpected token. Did you mean `{'}'}` or `&rbrace;`?
old_appcore_utf8.tsx(1,10245): error TS1005: '}' expected.
old_appcore_utf8.tsx(1,10288): error TS1381: Unexpected token. Did you mean `{'}'}` or `&rbrace;`?
old_appcore_utf8.tsx(1,10308): error TS1005: '}' expected.
old_appcore_utf8.tsx(1,10347): error TS1381: Unexpected token. Did you mean `{'}'}` or `&rbrace;`?
old_appcore_utf8.tsx(1,10375): error TS1005: '}' expected.
old_appcore_utf8.tsx(1,10383): error TS1381: Unexpected token. Did you mean `{'}'}` or `&rbrace;`?
old_appcore_utf8.tsx(1,10403): error TS1005: '}' expected.
old_appcore_utf8.tsx(1,10410): error TS1381: Unexpected token. Did you mean `{'}'}` or `&rbrace;`?
old_appcore_utf8.tsx(1,10445): error TS1005: '}' expected.
old_appcore_utf8.tsx(1,10534): error TS1381: Unexpected token. Did you mean `{'}'}` or `&rbrace;`?
old_appcore_utf8.tsx(1,10574): error TS1005: '}' expected.
old_appcore_utf8.tsx(1,10632): error TS1381: Unexpected token. Did you mean `{'}'}` or `&rbrace;`?
old_appcore_utf8.tsx(1,10670): error TS1005: '}' expected.
old_appcore_utf8.tsx(1,10698): error TS1381: Unexpected token. Did you mean `{'}'}` or `&rbrace;`?
old_appcore_utf8.tsx(1,10758): error TS1127: Invalid character.
old_appcore_utf8.tsx(1,10834): error TS1382: Unexpected token. Did you mean `{'>'}` or `&gt;`?
old_appcore_utf8.tsx(1,10845): error TS17002: Expected corresponding JSX closing tag for 'body'.
old_appcore_utf8.tsx(1,10848): error TS1127: Invalid character.
old_appcore_utf8.tsx(1,10896): error TS1127: Invalid character.
old_appcore_utf8.tsx(1,10996): error TS1382: Unexpected token. Did you mean `{'>'}` or `&gt;`?
old_appcore_utf8.tsx(1,11047): error TS17002: Expected corresponding JSX closing tag for 'br'.
old_appcore_utf8.tsx(1,11049): error TS1127: Invalid character.
old_appcore_utf8.tsx(1,11057): error TS17002: Expected corresponding JSX closing tag for 'html'.
old_appcore_utf8.tsx(1,11062): error TS1127: Invalid character.
old_appcore_utf8.tsx(1,11070): error TS17002: Expected corresponding JSX closing tag for 'hr'.
old_appcore_utf8.tsx(1,11075): error TS1127: Invalid character.
old_appcore_utf8.tsx(1,11083): error TS1381: Unexpected token. Did you mean `{'}'}` or `&rbrace;`?
old_appcore_utf8.tsx(1,11120): error TS1382: Unexpected token. Did you mean `{'>'}` or `&gt;`?
old_appcore_utf8.tsx(1,11123): error TS1127: Invalid character.
old_appcore_utf8.tsx(1,11451): error TS1003: Identifier expected.
old_appcore_utf8.tsx(1,11453): error TS1382: Unexpected token. Did you mean `{'>'}` or `&gt;`?
old_appcore_utf8.tsx(1,11527): error TS1003: Identifier expected.
old_appcore_utf8.tsx(1,11533): error TS1382: Unexpected token. Did you mean `{'>'}` or `&gt;`?
old_appcore_utf8.tsx(1,11583): error TS1003: Identifier expected.
old_appcore_utf8.tsx(1,11585): error TS1382: Unexpected token. Did you mean `{'>'}` or `&gt;`?
old_appcore_utf8.tsx(1,11945): error TS1003: Identifier expected.
old_appcore_utf8.tsx(1,11947): error TS1382: Unexpected token. Did you mean `{'>'}` or `&gt;`?
old_appcore_utf8.tsx(1,12068): error TS1382: Unexpected token. Did you mean `{'>'}` or `&gt;`?
old_appcore_utf8.tsx(1,12359): error TS1003: Identifier expected.
old_appcore_utf8.tsx(1,12387): error TS1382: Unexpected token. Did you mean `{'>'}` or `&gt;`?
old_appcore_utf8.tsx(1,12450): error TS1003: Identifier expected.
old_appcore_utf8.tsx(1,12490): error TS1382: Unexpected token. Did you mean `{'>'}` or `&gt;`?
old_appcore_utf8.tsx(1,12558): error TS1003: Identifier expected.
old_appcore_utf8.tsx(1,12564): error TS1382: Unexpected token. Did you mean `{'>'}` or `&gt;`?
old_appcore_utf8.tsx(1,12640): error TS1003: Identifier expected.
old_appcore_utf8.tsx(1,12646): error TS1382: Unexpected token. Did you mean `{'>'}` or `&gt;`?
old_appcore_utf8.tsx(1,12777): error TS1003: Identifier expected.
old_appcore_utf8.tsx(1,12791): error TS1382: Unexpected token. Did you mean `{'>'}` or `&gt;`?
old_appcore_utf8.tsx(1,12871): error TS1003: Identifier expected.
old_appcore_utf8.tsx(1,12877): error TS1382: Unexpected token. Did you mean `{'>'}` or `&gt;`?
old_appcore_utf8.tsx(1,13407): error TS1003: Identifier expected.
old_appcore_utf8.tsx(1,13442): error TS1382: Unexpected token. Did you mean `{'>'}` or `&gt;`?
old_appcore_utf8.tsx(1,13692): error TS1003: Identifier expected.
old_appcore_utf8.tsx(1,13729): error TS1382: Unexpected token. Did you mean `{'>'}` or `&gt;`?
old_appcore_utf8.tsx(1,13775): error TS1005: '}' expected.
old_appcore_utf8.tsx(1,13790): error TS1381: Unexpected token. Did you mean `{'}'}` or `&rbrace;`?
old_appcore_utf8.tsx(1,13849): error TS1003: Identifier expected.
old_appcore_utf8.tsx(1,13855): error TS1382: Unexpected token. Did you mean `{'>'}` or `&gt;`?
old_appcore_utf8.tsx(1,13917): error TS1003: Identifier expected.
old_appcore_utf8.tsx(1,13923): error TS1382: Unexpected token. Did you mean `{'>'}` or `&gt;`?
old_appcore_utf8.tsx(1,13971): error TS1003: Identifier expected.
old_appcore_utf8.tsx(1,13977): error TS1382: Unexpected token. Did you mean `{'>'}` or `&gt;`?
old_appcore_utf8.tsx(1,14103): error TS1382: Unexpected token. Did you mean `{'>'}` or `&gt;`?
old_appcore_utf8.tsx(1,14106): error TS1127: Invalid character.
old_appcore_utf8.tsx(1,14153): error TS1382: Unexpected token. Did you mean `{'>'}` or `&gt;`?
old_appcore_utf8.tsx(1,14156): error TS1127: Invalid character.
old_appcore_utf8.tsx(1,14189): error TS1127: Invalid character.
old_appcore_utf8.tsx(1,14313): error TS1381: Unexpected token. Did you mean `{'}'}` or `&rbrace;`?
old_appcore_utf8.tsx(1,14320): error TS1381: Unexpected token. Did you mean `{'}'}` or `&rbrace;`?
old_appcore_utf8.tsx(1,14370): error TS1127: Invalid character.
old_appcore_utf8.tsx(1,14448): error TS1382: Unexpected token. Did you mean `{'>'}` or `&gt;`?
old_appcore_utf8.tsx(1,14510): error TS1381: Unexpected token. Did you mean `{'}'}` or `&rbrace;`?
old_appcore_utf8.tsx(1,14515): error TS1381: Unexpected token. Did you mean `{'}'}` or `&rbrace;`?
old_appcore_utf8.tsx(1,14601): error TS1382: Unexpected token. Did you mean `{'>'}` or `&gt;`?
old_appcore_utf8.tsx(1,14770): error TS1382: Unexpected token. Did you mean `{'>'}` or `&gt;`?
old_appcore_utf8.tsx(1,14918): error TS1382: Unexpected token. Did you mean `{'>'}` or `&gt;`?
old_appcore_utf8.tsx(1,14934): error TS1382: Unexpected token. Did you mean `{'>'}` or `&gt;`?
old_appcore_utf8.tsx(1,14937): error TS1127: Invalid character.
old_appcore_utf8.tsx(1,14963): error TS1382: Unexpected token. Did you mean `{'>'}` or `&gt;`?
old_appcore_utf8.tsx(1,14986): error TS1382: Unexpected token. Did you mean `{'>'}` or `&gt;`?
old_appcore_utf8.tsx(1,15046): error TS1005: '}' expected.
old_appcore_utf8.tsx(1,15073): error TS1381: Unexpected token. Did you mean `{'}'}` or `&rbrace;`?
old_appcore_utf8.tsx(1,15105): error TS1381: Unexpected token. Did you mean `{'}'}` or `&rbrace;`?
old_appcore_utf8.tsx(1,15208): error TS1382: Unexpected token. Did you mean `{'>'}` or `&gt;`?
old_appcore_utf8.tsx(1,15224): error TS1382: Unexpected token. Did you mean `{'>'}` or `&gt;`?
old_appcore_utf8.tsx(1,15227): error TS1127: Invalid character.
old_appcore_utf8.tsx(1,15253): error TS1382: Unexpected token. Did you mean `{'>'}` or `&gt;`?
old_appcore_utf8.tsx(1,15256): error TS1127: Invalid character.
old_appcore_utf8.tsx(1,15294): error TS1382: Unexpected token. Did you mean `{'>'}` or `&gt;`?
old_appcore_utf8.tsx(1,15387): error TS1382: Unexpected token. Did you mean `{'>'}` or `&gt;`?
old_appcore_utf8.tsx(1,15467): error TS1005: '}' expected.
old_appcore_utf8.tsx(1,15494): error TS1381: Unexpected token. Did you mean `{'}'}` or `&rbrace;`?
old_appcore_utf8.tsx(1,15532): error TS1381: Unexpected token. Did you mean `{'}'}` or `&rbrace;`?
old_appcore_utf8.tsx(1,15541): error TS1381: Unexpected token. Did you mean `{'}'}` or `&rbrace;`?
old_appcore_utf8.tsx(1,15593): error TS1382: Unexpected token. Did you mean `{'>'}` or `&gt;`?
old_appcore_utf8.tsx(1,15596): error TS1127: Invalid character.
old_appcore_utf8.tsx(1,15628): error TS1382: Unexpected token. Did you mean `{'>'}` or `&gt;`?
old_appcore_utf8.tsx(1,15631): error TS1127: Invalid character.
old_appcore_utf8.tsx(1,15778): error TS1127: Invalid character.
old_appcore_utf8.tsx(1,15793): error TS1127: Invalid character.
old_appcore_utf8.tsx(1,15895): error TS1382: Unexpected token. Did you mean `{'>'}` or `&gt;`?
old_appcore_utf8.tsx(1,15899): error TS1127: Invalid character.
old_appcore_utf8.tsx(1,15967): error TS1382: Unexpected token. Did you mean `{'>'}` or `&gt;`?
old_appcore_utf8.tsx(1,15971): error TS1127: Invalid character.
old_appcore_utf8.tsx(1,16120): error TS1381: Unexpected token. Did you mean `{'}'}` or `&rbrace;`?
old_appcore_utf8.tsx(1,16136): error TS1381: Unexpected token. Did you mean `{'}'}` or `&rbrace;`?
old_appcore_utf8.tsx(1,16150): error TS1381: Unexpected token. Did you mean `{'}'}` or `&rbrace;`?
old_appcore_utf8.tsx(1,16194): error TS1005: '}' expected.
old_appcore_utf8.tsx(1,16196): error TS1381: Unexpected token. Did you mean `{'}'}` or `&rbrace;`?
old_appcore_utf8.tsx(1,16205): error TS1381: Unexpected token. Did you mean `{'}'}` or `&rbrace;`?
old_appcore_utf8.tsx(1,16219): error TS1127: Invalid character.
old_appcore_utf8.tsx(1,16318): error TS1003: Identifier expected.
old_appcore_utf8.tsx(1,16331): error TS1382: Unexpected token. Did you mean `{'>'}` or `&gt;`?
old_appcore_utf8.tsx(1,16370): error TS1382: Unexpected token. Did you mean `{'>'}` or `&gt;`?
old_appcore_utf8.tsx(1,16429): error TS1382: Unexpected token. Did you mean `{'>'}` or `&gt;`?
old_appcore_utf8.tsx(1,16432): error TS1127: Invalid character.
old_appcore_utf8.tsx(1,16509): error TS1127: Invalid character.
old_appcore_utf8.tsx(1,16559): error TS1109: Expression expected.
old_appcore_utf8.tsx(1,16600): error TS1382: Unexpected token. Did you mean `{'>'}` or `&gt;`?
old_appcore_utf8.tsx(1,16629): error TS1381: Unexpected token. Did you mean `{'}'}` or `&rbrace;`?
old_appcore_utf8.tsx(1,16644): error TS1381: Unexpected token. Did you mean `{'}'}` or `&rbrace;`?
old_appcore_utf8.tsx(1,16652): error TS1127: Invalid character.
old_appcore_utf8.tsx(1,16702): error TS1381: Unexpected token. Did you mean `{'}'}` or `&rbrace;`?
old_appcore_utf8.tsx(1,16713): error TS1381: Unexpected token. Did you mean `{'}'}` or `&rbrace;`?
old_appcore_utf8.tsx(1,16806): error TS1382: Unexpected token. Did you mean `{'>'}` or `&gt;`?
old_appcore_utf8.tsx(1,16959): error TS1382: Unexpected token. Did you mean `{'>'}` or `&gt;`?
old_appcore_utf8.tsx(1,17048): error TS1381: Unexpected token. Did you mean `{'}'}` or `&rbrace;`?
old_appcore_utf8.tsx(1,17061): error TS1127: Invalid character.
old_appcore_utf8.tsx(1,17133): error TS1382: Unexpected token. Did you mean `{'>'}` or `&gt;`?
old_appcore_utf8.tsx(1,17221): error TS1381: Unexpected token. Did you mean `{'}'}` or `&rbrace;`?
old_appcore_utf8.tsx(1,17374): error TS1003: Identifier expected.
old_appcore_utf8.tsx(1,17440): error TS1381: Unexpected token. Did you mean `{'}'}` or `&rbrace;`?
old_appcore_utf8.tsx(1,17462): error TS1381: Unexpected token. Did you mean `{'}'}` or `&rbrace;`?
old_appcore_utf8.tsx(1,17489): error TS1382: Unexpected token. Did you mean `{'>'}` or `&gt;`?
old_appcore_utf8.tsx(1,17492): error TS1127: Invalid character.
old_appcore_utf8.tsx(1,17555): error TS1127: Invalid character.
old_appcore_utf8.tsx(1,17568): error TS1127: Invalid character.
old_appcore_utf8.tsx(1,17655): error TS1381: Unexpected token. Did you mean `{'}'}` or `&rbrace;`?
old_appcore_utf8.tsx(1,17673): error TS1127: Invalid character.
old_appcore_utf8.tsx(1,17740): error TS1127: Invalid character.
old_appcore_utf8.tsx(1,17987): error TS1005: '}' expected.
old_appcore_utf8.tsx(1,17989): error TS1381: Unexpected token. Did you mean `{'}'}` or `&rbrace;`?
old_appcore_utf8.tsx(1,18124): error TS1381: Unexpected token. Did you mean `{'}'}` or `&rbrace;`?
old_appcore_utf8.tsx(1,18133): error TS1381: Unexpected token. Did you mean `{'}'}` or `&rbrace;`?
old_appcore_utf8.tsx(1,18140): error TS1381: Unexpected token. Did you mean `{'}'}` or `&rbrace;`?
old_appcore_utf8.tsx(1,18145): error TS1381: Unexpected token. Did you mean `{'}'}` or `&rbrace;`?
old_appcore_utf8.tsx(1,18195): error TS1382: Unexpected token. Did you mean `{'>'}` or `&gt;`?
old_appcore_utf8.tsx(1,18198): error TS1127: Invalid character.
old_appcore_utf8.tsx(1,18481): error TS1381: Unexpected token. Did you mean `{'}'}` or `&rbrace;`?
old_appcore_utf8.tsx(1,18518): error TS1382: Unexpected token. Did you mean `{'>'}` or `&gt;`?
old_appcore_utf8.tsx(1,18521): error TS1127: Invalid character.
old_appcore_utf8.tsx(1,18613): error TS1381: Unexpected token. Did you mean `{'}'}` or `&rbrace;`?
old_appcore_utf8.tsx(1,18671): error TS1382: Unexpected token. Did you mean `{'>'}` or `&gt;`?
old_appcore_utf8.tsx(1,18674): error TS1127: Invalid character.
old_appcore_utf8.tsx(1,18799): error TS1127: Invalid character.
old_appcore_utf8.tsx(1,19069): error TS1381: Unexpected token. Did you mean `{'}'}` or `&rbrace;`?
old_appcore_utf8.tsx(1,19095): error TS1382: Unexpected token. Did you mean `{'>'}` or `&gt;`?
old_appcore_utf8.tsx(1,19458): error TS1381: Unexpected token. Did you mean `{'}'}` or `&rbrace;`?
old_appcore_utf8.tsx(1,19535): error TS1382: Unexpected token. Did you mean `{'>'}` or `&gt;`?
old_appcore_utf8.tsx(1,19538): error TS1127: Invalid character.
old_appcore_utf8.tsx(1,19976): error TS1382: Unexpected token. Did you mean `{'>'}` or `&gt;`?
old_appcore_utf8.tsx(1,20063): error TS1127: Invalid character.
old_appcore_utf8.tsx(1,20110): error TS1127: Invalid character.
old_appcore_utf8.tsx(1,20234): error TS1382: Unexpected token. Did you mean `{'>'}` or `&gt;`?
old_appcore_utf8.tsx(1,20257): error TS1381: Unexpected token. Did you mean `{'}'}` or `&rbrace;`?
old_appcore_utf8.tsx(1,20306): error TS1005: '}' expected.
old_appcore_utf8.tsx(1,20308): error TS1381: Unexpected token. Did you mean `{'}'}` or `&rbrace;`?
old_appcore_utf8.tsx(1,20353): error TS1005: '}' expected.
old_appcore_utf8.tsx(1,20355): error TS1381: Unexpected token. Did you mean `{'}'}` or `&rbrace;`?
old_appcore_utf8.tsx(1,20362): error TS1381: Unexpected token. Did you mean `{'}'}` or `&rbrace;`?
old_appcore_utf8.tsx(1,20367): error TS1381: Unexpected token. Did you mean `{'}'}` or `&rbrace;`?
old_appcore_utf8.tsx(1,20424): error TS1382: Unexpected token. Did you mean `{'>'}` or `&gt;`?
old_appcore_utf8.tsx(1,20427): error TS1127: Invalid character.
old_appcore_utf8.tsx(1,20513): error TS1127: Invalid character.
old_appcore_utf8.tsx(1,20632): error TS1381: Unexpected token. Did you mean `{'}'}` or `&rbrace;`?
old_appcore_utf8.tsx(1,20730): error TS1382: Unexpected token. Did you mean `{'>'}` or `&gt;`?
old_appcore_utf8.tsx(1,20826): error TS1127: Invalid character.
old_appcore_utf8.tsx(1,20884): error TS1382: Unexpected token. Did you mean `{'>'}` or `&gt;`?
old_appcore_utf8.tsx(1,20890): error TS1127: Invalid character.
old_appcore_utf8.tsx(1,21031): error TS1127: Invalid character.
old_appcore_utf8.tsx(1,21146): error TS1382: Unexpected token. Did you mean `{'>'}` or `&gt;`?
old_appcore_utf8.tsx(1,21149): error TS1127: Invalid character.
old_appcore_utf8.tsx(1,21220): error TS1382: Unexpected token. Did you mean `{'>'}` or `&gt;`?
old_appcore_utf8.tsx(1,21292): error TS1381: Unexpected token. Did you mean `{'}'}` or `&rbrace;`?
old_appcore_utf8.tsx(1,21319): error TS1382: Unexpected token. Did you mean `{'>'}` or `&gt;`?
old_appcore_utf8.tsx(1,21359): error TS1381: Unexpected token. Did you mean `{'}'}` or `&rbrace;`?
old_appcore_utf8.tsx(1,21368): error TS1381: Unexpected token. Did you mean `{'}'}` or `&rbrace;`?
old_appcore_utf8.tsx(1,21376): error TS1127: Invalid character.
old_appcore_utf8.tsx(1,21413): error TS1381: Unexpected token. Did you mean `{'}'}` or `&rbrace;`?
old_appcore_utf8.tsx(1,21420): error TS1381: Unexpected token. Did you mean `{'}'}` or `&rbrace;`?
old_appcore_utf8.tsx(1,21425): error TS1381: Unexpected token. Did you mean `{'}'}` or `&rbrace;`?
old_appcore_utf8.tsx(1,21468): error TS1382: Unexpected token. Did you mean `{'>'}` or `&gt;`?
old_appcore_utf8.tsx(1,21471): error TS1127: Invalid character.
old_appcore_utf8.tsx(1,21706): error TS1005: '}' expected.
old_appcore_utf8.tsx(1,21733): error TS1381: Unexpected token. Did you mean `{'}'}` or `&rbrace;`?
old_appcore_utf8.tsx(1,21782): error TS1382: Unexpected token. Did you mean `{'>'}` or `&gt;`?
old_appcore_utf8.tsx(1,21806): error TS1127: Invalid character.
old_appcore_utf8.tsx(1,21938): error TS1382: Unexpected token. Did you mean `{'>'}` or `&gt;`?
old_appcore_utf8.tsx(1,21981): error TS1381: Unexpected token. Did you mean `{'}'}` or `&rbrace;`?
old_appcore_utf8.tsx(1,22019): error TS1005: '}' expected.
old_appcore_utf8.tsx(1,22021): error TS1381: Unexpected token. Did you mean `{'}'}` or `&rbrace;`?
old_appcore_utf8.tsx(1,22062): error TS1005: '}' expected.
old_appcore_utf8.tsx(1,22064): error TS1381: Unexpected token. Did you mean `{'}'}` or `&rbrace;`?
old_appcore_utf8.tsx(1,22069): error TS1381: Unexpected token. Did you mean `{'}'}` or `&rbrace;`?
old_appcore_utf8.tsx(1,22105): error TS1382: Unexpected token. Did you mean `{'>'}` or `&gt;`?
old_appcore_utf8.tsx(1,22108): error TS1127: Invalid character.
old_appcore_utf8.tsx(1,22169): error TS1382: Unexpected token. Did you mean `{'>'}` or `&gt;`?
old_appcore_utf8.tsx(1,22173): error TS1127: Invalid character.
old_appcore_utf8.tsx(1,22298): error TS1381: Unexpected token. Did you mean `{'}'}` or `&rbrace;`?
old_appcore_utf8.tsx(1,22482): error TS1381: Unexpected token. Did you mean `{'}'}` or `&rbrace;`?
old_appcore_utf8.tsx(1,22592): error TS1382: Unexpected token. Did you mean `{'>'}` or `&gt;`?
old_appcore_utf8.tsx(1,22595): error TS1127: Invalid character.
old_appcore_utf8.tsx(1,22973): error TS1005: '}' expected.
old_appcore_utf8.tsx(1,23008): error TS1381: Unexpected token. Did you mean `{'}'}` or `&rbrace;`?
old_appcore_utf8.tsx(1,23080): error TS1127: Invalid character.
old_appcore_utf8.tsx(1,23126): error TS1381: Unexpected token. Did you mean `{'}'}` or `&rbrace;`?
old_appcore_utf8.tsx(1,23134): error TS1127: Invalid character.
old_appcore_utf8.tsx(1,23186): error TS1382: Unexpected token. Did you mean `{'>'}` or `&gt;`?
old_appcore_utf8.tsx(1,23230): error TS1127: Invalid character.
old_appcore_utf8.tsx(1,23309): error TS1382: Unexpected token. Did you mean `{'>'}` or `&gt;`?
old_appcore_utf8.tsx(1,23458): error TS1381: Unexpected token. Did you mean `{'}'}` or `&rbrace;`?
old_appcore_utf8.tsx(1,23465): error TS1381: Unexpected token. Did you mean `{'}'}` or `&rbrace;`?
old_appcore_utf8.tsx(1,23612): error TS1127: Invalid character.
old_appcore_utf8.tsx(1,23736): error TS1381: Unexpected token. Did you mean `{'}'}` or `&rbrace;`?
old_appcore_utf8.tsx(1,23764): error TS1382: Unexpected token. Did you mean `{'>'}` or `&gt;`?
old_appcore_utf8.tsx(1,23778): error TS1382: Unexpected token. Did you mean `{'>'}` or `&gt;`?
old_appcore_utf8.tsx(1,23802): error TS1127: Invalid character.
old_appcore_utf8.tsx(1,23858): error TS1382: Unexpected token. Did you mean `{'>'}` or `&gt;`?
old_appcore_utf8.tsx(1,23946): error TS1381: Unexpected token. Did you mean `{'}'}` or `&rbrace;`?
old_appcore_utf8.tsx(1,23982): error TS1382: Unexpected token. Did you mean `{'>'}` or `&gt;`?
old_appcore_utf8.tsx(1,24007): error TS1127: Invalid character.
old_appcore_utf8.tsx(1,24027): error TS1005: '}' expected.
old_appcore_utf8.tsx(1,24089): error TS1381: Unexpected token. Did you mean `{'}'}` or `&rbrace;`?
old_appcore_utf8.tsx(1,24179): error TS1127: Invalid character.
old_appcore_utf8.tsx(1,24222): error TS1382: Unexpected token. Did you mean `{'>'}` or `&gt;`?
old_appcore_utf8.tsx(1,24263): error TS1382: Unexpected token. Did you mean `{'>'}` or `&gt;`?
old_appcore_utf8.tsx(1,24266): error TS1127: Invalid character.
old_appcore_utf8.tsx(1,24303): error TS1382: Unexpected token. Did you mean `{'>'}` or `&gt;`?
old_appcore_utf8.tsx(1,24306): error TS1127: Invalid character.
old_appcore_utf8.tsx(1,24430): error TS1381: Unexpected token. Did you mean `{'}'}` or `&rbrace;`?
old_appcore_utf8.tsx(1,24514): error TS1127: Invalid character.
old_appcore_utf8.tsx(1,24627): error TS1382: Unexpected token. Did you mean `{'>'}` or `&gt;`?
old_appcore_utf8.tsx(1,24767): error TS1381: Unexpected token. Did you mean `{'}'}` or `&rbrace;`?
old_appcore_utf8.tsx(1,24780): error TS1381: Unexpected token. Did you mean `{'}'}` or `&rbrace;`?
old_appcore_utf8.tsx(1,24888): error TS1381: Unexpected token. Did you mean `{'}'}` or `&rbrace;`?
old_appcore_utf8.tsx(1,25019): error TS1382: Unexpected token. Did you mean `{'>'}` or `&gt;`?
old_appcore_utf8.tsx(1,25023): error TS1127: Invalid character.
old_appcore_utf8.tsx(1,25075): error TS1003: Identifier expected.
old_appcore_utf8.tsx(1,25208): error TS1003: Identifier expected.
old_appcore_utf8.tsx(1,25295): error TS1382: Unexpected token. Did you mean `{'>'}` or `&gt;`?
old_appcore_utf8.tsx(1,25335): error TS1127: Invalid character.
old_appcore_utf8.tsx(1,25519): error TS1005: '}' expected.
old_appcore_utf8.tsx(1,25533): error TS1381: Unexpected token. Did you mean `{'}'}` or `&rbrace;`?
old_appcore_utf8.tsx(1,25548): error TS1381: Unexpected token. Did you mean `{'}'}` or `&rbrace;`?
old_appcore_utf8.tsx(1,25575): error TS1381: Unexpected token. Did you mean `{'}'}` or `&rbrace;`?
old_appcore_utf8.tsx(1,25637): error TS1382: Unexpected token. Did you mean `{'>'}` or `&gt;`?
old_appcore_utf8.tsx(1,25645): error TS1127: Invalid character.
old_appcore_utf8.tsx(1,25714): error TS1127: Invalid character.
old_appcore_utf8.tsx(1,25798): error TS1005: '}' expected.
old_appcore_utf8.tsx(1,25813): error TS1381: Unexpected token. Did you mean `{'}'}` or `&rbrace;`?
old_appcore_utf8.tsx(1,25849): error TS1127: Invalid character.
old_appcore_utf8.tsx(1,26102): error TS1381: Unexpected token. Did you mean `{'}'}` or `&rbrace;`?
old_appcore_utf8.tsx(1,26115): error TS1381: Unexpected token. Did you mean `{'}'}` or `&rbrace;`?
old_appcore_utf8.tsx(1,26129): error TS1382: Unexpected token. Did you mean `{'>'}` or `&gt;`?
old_appcore_utf8.tsx(1,26172): error TS1381: Unexpected token. Did you mean `{'}'}` or `&rbrace;`?
old_appcore_utf8.tsx(1,26181): error TS1381: Unexpected token. Did you mean `{'}'}` or `&rbrace;`?
old_appcore_utf8.tsx(1,26203): error TS1127: Invalid character.
old_appcore_utf8.tsx(1,26283): error TS1127: Invalid character.
old_appcore_utf8.tsx(1,26311): error TS1382: Unexpected token. Did you mean `{'>'}` or `&gt;`?
old_appcore_utf8.tsx(1,26325): error TS1382: Unexpected token. Did you mean `{'>'}` or `&gt;`?
old_appcore_utf8.tsx(1,26349): error TS1127: Invalid character.
old_appcore_utf8.tsx(1,26411): error TS1382: Unexpected token. Did you mean `{'>'}` or `&gt;`?
old_appcore_utf8.tsx(1,26463): error TS1382: Unexpected token. Did you mean `{'>'}` or `&gt;`?
old_appcore_utf8.tsx(1,26478): error TS1381: Unexpected token. Did you mean `{'}'}` or `&rbrace;`?
old_appcore_utf8.tsx(1,26585): error TS1381: Unexpected token. Did you mean `{'}'}` or `&rbrace;`?
old_appcore_utf8.tsx(1,26752): error TS1382: Unexpected token. Did you mean `{'>'}` or `&gt;`?
old_appcore_utf8.tsx(1,26756): error TS1127: Invalid character.
old_appcore_utf8.tsx(1,26816): error TS1382: Unexpected token. Did you mean `{'>'}` or `&gt;`?
old_appcore_utf8.tsx(1,26843): error TS1127: Invalid character.
old_appcore_utf8.tsx(1,27002): error TS1381: Unexpected token. Did you mean `{'}'}` or `&rbrace;`?
old_appcore_utf8.tsx(1,27013): error TS1381: Unexpected token. Did you mean `{'}'}` or `&rbrace;`?
old_appcore_utf8.tsx(1,27023): error TS1381: Unexpected token. Did you mean `{'}'}` or `&rbrace;`?
old_appcore_utf8.tsx(1,27034): error TS1127: Invalid character.
old_appcore_utf8.tsx(1,27110): error TS1381: Unexpected token. Did you mean `{'}'}` or `&rbrace;`?
old_appcore_utf8.tsx(1,27115): error TS1381: Unexpected token. Did you mean `{'}'}` or `&rbrace;`?
old_appcore_utf8.tsx(1,27193): error TS1382: Unexpected token. Did you mean `{'>'}` or `&gt;`?
old_appcore_utf8.tsx(1,27196): error TS1127: Invalid character.
old_appcore_utf8.tsx(1,27299): error TS1127: Invalid character.
old_appcore_utf8.tsx(1,27452): error TS1127: Invalid character.
old_appcore_utf8.tsx(1,27753): error TS1381: Unexpected token. Did you mean `{'}'}` or `&rbrace;`?
old_appcore_utf8.tsx(1,27781): error TS1382: Unexpected token. Did you mean `{'>'}` or `&gt;`?
old_appcore_utf8.tsx(1,27879): error TS1381: Unexpected token. Did you mean `{'}'}` or `&rbrace;`?
old_appcore_utf8.tsx(1,27887): error TS1127: Invalid character.
old_appcore_utf8.tsx(1,27928): error TS1382: Unexpected token. Did you mean `{'>'}` or `&gt;`?
old_appcore_utf8.tsx(1,28018): error TS1381: Unexpected token. Did you mean `{'}'}` or `&rbrace;`?
old_appcore_utf8.tsx(1,28058): error TS1005: '}' expected.
old_appcore_utf8.tsx(1,28140): error TS1381: Unexpected token. Did you mean `{'}'}` or `&rbrace;`?
old_appcore_utf8.tsx(1,28166): error TS1382: Unexpected token. Did you mean `{'>'}` or `&gt;`?
old_appcore_utf8.tsx(1,28180): error TS1382: Unexpected token. Did you mean `{'>'}` or `&gt;`?
old_appcore_utf8.tsx(1,28226): error TS1005: '}' expected.
old_appcore_utf8.tsx(1,28294): error TS1381: Unexpected token. Did you mean `{'}'}` or `&rbrace;`?
old_appcore_utf8.tsx(1,28336): error TS1382: Unexpected token. Did you mean `{'>'}` or `&gt;`?
old_appcore_utf8.tsx(1,28412): error TS1381: Unexpected token. Did you mean `{'}'}` or `&rbrace;`?
old_appcore_utf8.tsx(1,28497): error TS1382: Unexpected token. Did you mean `{'>'}` or `&gt;`?
old_appcore_utf8.tsx(1,28500): error TS1127: Invalid character.
old_appcore_utf8.tsx(1,28577): error TS1127: Invalid character.
old_appcore_utf8.tsx(1,28682): error TS1381: Unexpected token. Did you mean `{'}'}` or `&rbrace;`?
old_appcore_utf8.tsx(1,29220): error TS1381: Unexpected token. Did you mean `{'}'}` or `&rbrace;`?
old_appcore_utf8.tsx(1,29270): error TS1382: Unexpected token. Did you mean `{'>'}` or `&gt;`?
old_appcore_utf8.tsx(1,29273): error TS1127: Invalid character.
old_appcore_utf8.tsx(1,29360): error TS1382: Unexpected token. Did you mean `{'>'}` or `&gt;`?
old_appcore_utf8.tsx(1,29363): error TS1127: Invalid character.
old_appcore_utf8.tsx(1,29418): error TS1382: Unexpected token. Did you mean `{'>'}` or `&gt;`?
old_appcore_utf8.tsx(1,29673): error TS1127: Invalid character.
old_appcore_utf8.tsx(1,29740): error TS1381: Unexpected token. Did you mean `{'}'}` or `&rbrace;`?
old_appcore_utf8.tsx(1,29748): error TS1381: Unexpected token. Did you mean `{'}'}` or `&rbrace;`?
old_appcore_utf8.tsx(1,29755): error TS1381: Unexpected token. Did you mean `{'}'}` or `&rbrace;`?
old_appcore_utf8.tsx(1,29808): error TS1382: Unexpected token. Did you mean `{'>'}` or `&gt;`?
old_appcore_utf8.tsx(1,29811): error TS1127: Invalid character.
old_appcore_utf8.tsx(1,29850): error TS1127: Invalid character.
old_appcore_utf8.tsx(1,29969): error TS1381: Unexpected token. Did you mean `{'}'}` or `&rbrace;`?
old_appcore_utf8.tsx(1,29974): error TS1381: Unexpected token. Did you mean `{'}'}` or `&rbrace;`?
old_appcore_utf8.tsx(1,30011): error TS1382: Unexpected token. Did you mean `{'>'}` or `&gt;`?
old_appcore_utf8.tsx(1,30014): error TS1127: Invalid character.
old_appcore_utf8.tsx(1,30112): error TS1127: Invalid character.
old_appcore_utf8.tsx(1,30143): error TS1127: Invalid character.
old_appcore_utf8.tsx(1,30198): error TS1382: Unexpected token. Did you mean `{'>'}` or `&gt;`?
old_appcore_utf8.tsx(1,30201): error TS1127: Invalid character.
old_appcore_utf8.tsx(1,30425): error TS1127: Invalid character.
old_appcore_utf8.tsx(1,30468): error TS1005: '}' expected.
old_appcore_utf8.tsx(1,30492): error TS1381: Unexpected token. Did you mean `{'}'}` or `&rbrace;`?
old_appcore_utf8.tsx(1,30506): error TS1381: Unexpected token. Did you mean `{'}'}` or `&rbrace;`?
old_appcore_utf8.tsx(1,30544): error TS1381: Unexpected token. Did you mean `{'}'}` or `&rbrace;`?
old_appcore_utf8.tsx(1,30555): error TS1381: Unexpected token. Did you mean `{'}'}` or `&rbrace;`?
old_appcore_utf8.tsx(1,30652): error TS1381: Unexpected token. Did you mean `{'}'}` or `&rbrace;`?
old_appcore_utf8.tsx(1,30720): error TS1127: Invalid character.
old_appcore_utf8.tsx(1,30803): error TS1381: Unexpected token. Did you mean `{'}'}` or `&rbrace;`?
old_appcore_utf8.tsx(1,30808): error TS1381: Unexpected token. Did you mean `{'}'}` or `&rbrace;`?
old_appcore_utf8.tsx(1,30879): error TS1382: Unexpected token. Did you mean `{'>'}` or `&gt;`?
old_appcore_utf8.tsx(1,30882): error TS1127: Invalid character.
old_appcore_utf8.tsx(1,30988): error TS1005: '}' expected.
old_appcore_utf8.tsx(1,31038): error TS1381: Unexpected token. Did you mean `{'}'}` or `&rbrace;`?
old_appcore_utf8.tsx(1,31085): error TS1382: Unexpected token. Did you mean `{'>'}` or `&gt;`?
old_appcore_utf8.tsx(1,31199): error TS1382: Unexpected token. Did you mean `{'>'}` or `&gt;`?
old_appcore_utf8.tsx(1,31496): error TS1382: Unexpected token. Did you mean `{'>'}` or `&gt;`?
old_appcore_utf8.tsx(1,31548): error TS1382: Unexpected token. Did you mean `{'>'}` or `&gt;`?
old_appcore_utf8.tsx(1,31560): error TS1127: Invalid character.
old_appcore_utf8.tsx(1,31637): error TS1005: '}' expected.
old_appcore_utf8.tsx(1,31646): error TS1381: Unexpected token. Did you mean `{'}'}` or `&rbrace;`?
old_appcore_utf8.tsx(1,31653): error TS1381: Unexpected token. Did you mean `{'}'}` or `&rbrace;`?
old_appcore_utf8.tsx(1,32001): error TS1382: Unexpected token. Did you mean `{'>'}` or `&gt;`?
old_appcore_utf8.tsx(1,32005): error TS1127: Invalid character.
old_appcore_utf8.tsx(1,32061): error TS1382: Unexpected token. Did you mean `{'>'}` or `&gt;`?
old_appcore_utf8.tsx(1,32121): error TS1005: '}' expected.
old_appcore_utf8.tsx(1,32128): error TS1381: Unexpected token. Did you mean `{'}'}` or `&rbrace;`?
old_appcore_utf8.tsx(1,32143): error TS1381: Unexpected token. Did you mean `{'}'}` or `&rbrace;`?
old_appcore_utf8.tsx(1,32158): error TS1127: Invalid character.
old_appcore_utf8.tsx(1,32293): error TS1382: Unexpected token. Did you mean `{'>'}` or `&gt;`?
old_appcore_utf8.tsx(1,32297): error TS1127: Invalid character.
old_appcore_utf8.tsx(1,32355): error TS1382: Unexpected token. Did you mean `{'>'}` or `&gt;`?
old_appcore_utf8.tsx(1,32401): error TS1005: '}' expected.
old_appcore_utf8.tsx(1,32452): error TS1381: Unexpected token. Did you mean `{'}'}` or `&rbrace;`?
old_appcore_utf8.tsx(1,32469): error TS1381: Unexpected token. Did you mean `{'}'}` or `&rbrace;`?
old_appcore_utf8.tsx(1,32479): error TS1381: Unexpected token. Did you mean `{'}'}` or `&rbrace;`?
old_appcore_utf8.tsx(1,32497): error TS1127: Invalid character.
old_appcore_utf8.tsx(1,32665): error TS1382: Unexpected token. Did you mean `{'>'}` or `&gt;`?
old_appcore_utf8.tsx(1,32669): error TS1127: Invalid character.
old_appcore_utf8.tsx(1,32727): error TS1382: Unexpected token. Did you mean `{'>'}` or `&gt;`?
old_appcore_utf8.tsx(1,32787): error TS1005: '}' expected.
old_appcore_utf8.tsx(1,32795): error TS1381: Unexpected token. Did you mean `{'}'}` or `&rbrace;`?
old_appcore_utf8.tsx(1,32812): error TS1381: Unexpected token. Did you mean `{'}'}` or `&rbrace;`?
old_appcore_utf8.tsx(1,32822): error TS1381: Unexpected token. Did you mean `{'}'}` or `&rbrace;`?
old_appcore_utf8.tsx(1,32827): error TS1381: Unexpected token. Did you mean `{'}'}` or `&rbrace;`?
old_appcore_utf8.tsx(1,32905): error TS1382: Unexpected token. Did you mean `{'>'}` or `&gt;`?
old_appcore_utf8.tsx(1,32908): error TS1127: Invalid character.
old_appcore_utf8.tsx(1,32990): error TS1005: '}' expected.
old_appcore_utf8.tsx(1,33073): error TS1381: Unexpected token. Did you mean `{'}'}` or `&rbrace;`?
old_appcore_utf8.tsx(1,33096): error TS1127: Invalid character.
old_appcore_utf8.tsx(1,33130): error TS1127: Invalid character.
old_appcore_utf8.tsx(1,33470): error TS1381: Unexpected token. Did you mean `{'}'}` or `&rbrace;`?
old_appcore_utf8.tsx(1,33479): error TS1381: Unexpected token. Did you mean `{'}'}` or `&rbrace;`?
old_appcore_utf8.tsx(1,33535): error TS1005: '}' expected.
old_appcore_utf8.tsx(1,33537): error TS1381: Unexpected token. Did you mean `{'}'}` or `&rbrace;`?
old_appcore_utf8.tsx(1,33542): error TS1381: Unexpected token. Did you mean `{'}'}` or `&rbrace;`?
old_appcore_utf8.tsx(1,33584): error TS1127: Invalid character.
old_appcore_utf8.tsx(1,33595): error TS1127: Invalid character.
old_appcore_utf8.tsx(1,33615): error TS1005: '}' expected.
old_appcore_utf8.tsx(1,33646): error TS1381: Unexpected token. Did you mean `{'}'}` or `&rbrace;`?
old_appcore_utf8.tsx(1,33724): error TS1003: Identifier expected.
old_appcore_utf8.tsx(1,33769): error TS1005: '}' expected.
old_appcore_utf8.tsx(1,33779): error TS1381: Unexpected token. Did you mean `{'}'}` or `&rbrace;`?
old_appcore_utf8.tsx(1,34083): error TS1005: '}' expected.
old_appcore_utf8.tsx(1,34127): error TS1381: Unexpected token. Did you mean `{'}'}` or `&rbrace;`?
old_appcore_utf8.tsx(1,34192): error TS1005: '}' expected.
old_appcore_utf8.tsx(1,34223): error TS1381: Unexpected token. Did you mean `{'}'}` or `&rbrace;`?
old_appcore_utf8.tsx(1,34576): error TS1382: Unexpected token. Did you mean `{'>'}` or `&gt;`?
old_appcore_utf8.tsx(1,34585): error TS1005: '}' expected.
old_appcore_utf8.tsx(1,34615): error TS1381: Unexpected token. Did you mean `{'}'}` or `&rbrace;`?
old_appcore_utf8.tsx(1,34790): error TS1381: Unexpected token. Did you mean `{'}'}` or `&rbrace;`?
old_appcore_utf8.tsx(1,34803): error TS1127: Invalid character.
old_appcore_utf8.tsx(1,34915): error TS1381: Unexpected token. Did you mean `{'}'}` or `&rbrace;`?
old_appcore_utf8.tsx(1,34920): error TS1381: Unexpected token. Did you mean `{'}'}` or `&rbrace;`?
old_appcore_utf8.tsx(1,35014): error TS1382: Unexpected token. Did you mean `{'>'}` or `&gt;`?
old_appcore_utf8.tsx(1,35017): error TS1127: Invalid character.
old_appcore_utf8.tsx(1,35122): error TS1127: Invalid character.
old_appcore_utf8.tsx(1,35635): error TS1127: Invalid character.
old_appcore_utf8.tsx(1,35732): error TS1381: Unexpected token. Did you mean `{'}'}` or `&rbrace;`?
old_appcore_utf8.tsx(1,35762): error TS1127: Invalid character.
old_appcore_utf8.tsx(1,35937): error TS1381: Unexpected token. Did you mean `{'}'}` or `&rbrace;`?
old_appcore_utf8.tsx(1,35996): error TS1382: Unexpected token. Did you mean `{'>'}` or `&gt;`?
old_appcore_utf8.tsx(1,36035): error TS1381: Unexpected token. Did you mean `{'}'}` or `&rbrace;`?
old_appcore_utf8.tsx(1,36057): error TS1127: Invalid character.
old_appcore_utf8.tsx(1,36165): error TS1381: Unexpected token. Did you mean `{'}'}` or `&rbrace;`?
old_appcore_utf8.tsx(1,36170): error TS1381: Unexpected token. Did you mean `{'}'}` or `&rbrace;`?
old_appcore_utf8.tsx(1,36212): error TS1127: Invalid character.
old_appcore_utf8.tsx(1,36296): error TS1127: Invalid character.
old_appcore_utf8.tsx(1,36316): error TS1005: '}' expected.
old_appcore_utf8.tsx(1,36337): error TS1381: Unexpected token. Did you mean `{'}'}` or `&rbrace;`?
old_appcore_utf8.tsx(1,36415): error TS1003: Identifier expected.
old_appcore_utf8.tsx(1,36445): error TS1005: '}' expected.
old_appcore_utf8.tsx(1,36455): error TS1381: Unexpected token. Did you mean `{'}'}` or `&rbrace;`?
old_appcore_utf8.tsx(1,36684): error TS1127: Invalid character.
old_appcore_utf8.tsx(1,36755): error TS1005: '}' expected.
old_appcore_utf8.tsx(1,36770): error TS1381: Unexpected token. Did you mean `{'}'}` or `&rbrace;`?
old_appcore_utf8.tsx(1,36804): error TS1127: Invalid character.
old_appcore_utf8.tsx(1,37019): error TS1381: Unexpected token. Did you mean `{'}'}` or `&rbrace;`?
old_appcore_utf8.tsx(1,37030): error TS1381: Unexpected token. Did you mean `{'}'}` or `&rbrace;`?
old_appcore_utf8.tsx(1,37134): error TS1005: '}' expected.
old_appcore_utf8.tsx(1,37136): error TS1381: Unexpected token. Did you mean `{'}'}` or `&rbrace;`?
old_appcore_utf8.tsx(1,37207): error TS1005: '}' expected.
old_appcore_utf8.tsx(1,37209): error TS1381: Unexpected token. Did you mean `{'}'}` or `&rbrace;`?
old_appcore_utf8.tsx(1,37239): error TS1127: Invalid character.
old_appcore_utf8.tsx(1,37297): error TS1382: Unexpected token. Did you mean `{'>'}` or `&gt;`?
old_appcore_utf8.tsx(1,37325): error TS1005: '}' expected.
old_appcore_utf8.tsx(1,37365): error TS1381: Unexpected token. Did you mean `{'}'}` or `&rbrace;`?
old_appcore_utf8.tsx(1,37382): error TS1381: Unexpected token. Did you mean `{'}'}` or `&rbrace;`?
old_appcore_utf8.tsx(1,37390): error TS1127: Invalid character.
old_appcore_utf8.tsx(1,37432): error TS1381: Unexpected token. Did you mean `{'}'}` or `&rbrace;`?
old_appcore_utf8.tsx(1,37439): error TS1381: Unexpected token. Did you mean `{'}'}` or `&rbrace;`?
old_appcore_utf8.tsx(1,37478): error TS1005: '}' expected.
old_appcore_utf8.tsx(1,37543): error TS1381: Unexpected token. Did you mean `{'}'}` or `&rbrace;`?
old_appcore_utf8.tsx(1,37548): error TS1381: Unexpected token. Did you mean `{'}'}` or `&rbrace;`?
old_appcore_utf8.tsx(1,37596): error TS1127: Invalid character.
old_appcore_utf8.tsx(1,37642): error TS1127: Invalid character.
old_appcore_utf8.tsx(1,37693): error TS1127: Invalid character.
old_appcore_utf8.tsx(1,37764): error TS1005: '}' expected.
old_appcore_utf8.tsx(1,37779): error TS1381: Unexpected token. Did you mean `{'}'}` or `&rbrace;`?
old_appcore_utf8.tsx(1,37813): error TS1127: Invalid character.
old_appcore_utf8.tsx(1,38068): error TS1381: Unexpected token. Did you mean `{'}'}` or `&rbrace;`?
old_appcore_utf8.tsx(1,38079): error TS1381: Unexpected token. Did you mean `{'}'}` or `&rbrace;`?
old_appcore_utf8.tsx(1,38183): error TS1005: '}' expected.
old_appcore_utf8.tsx(1,38185): error TS1381: Unexpected token. Did you mean `{'}'}` or `&rbrace;`?
old_appcore_utf8.tsx(1,38221): error TS1005: '}' expected.
old_appcore_utf8.tsx(1,38223): error TS1381: Unexpected token. Did you mean `{'}'}` or `&rbrace;`?
old_appcore_utf8.tsx(1,38266): error TS1127: Invalid character.
old_appcore_utf8.tsx(1,38327): error TS1382: Unexpected token. Did you mean `{'>'}` or `&gt;`?
old_appcore_utf8.tsx(1,38358): error TS1005: '}' expected.
old_appcore_utf8.tsx(1,38409): error TS1381: Unexpected token. Did you mean `{'}'}` or `&rbrace;`?
old_appcore_utf8.tsx(1,38426): error TS1381: Unexpected token. Did you mean `{'}'}` or `&rbrace;`?
old_appcore_utf8.tsx(1,38461): error TS1005: '}' expected.
old_appcore_utf8.tsx(1,38463): error TS1381: Unexpected token. Did you mean `{'}'}` or `&rbrace;`?
old_appcore_utf8.tsx(1,38470): error TS1381: Unexpected token. Did you mean `{'}'}` or `&rbrace;`?
old_appcore_utf8.tsx(1,38506): error TS1005: '}' expected.
old_appcore_utf8.tsx(1,38508): error TS1381: Unexpected token. Did you mean `{'}'}` or `&rbrace;`?
old_appcore_utf8.tsx(1,38513): error TS1381: Unexpected token. Did you mean `{'}'}` or `&rbrace;`?
old_appcore_utf8.tsx(1,38584): error TS1382: Unexpected token. Did you mean `{'>'}` or `&gt;`?
old_appcore_utf8.tsx(1,38587): error TS1127: Invalid character.
old_appcore_utf8.tsx(1,38657): error TS1382: Unexpected token. Did you mean `{'>'}` or `&gt;`?
old_appcore_utf8.tsx(1,38661): error TS1127: Invalid character.
old_appcore_utf8.tsx(1,38715): error TS1382: Unexpected token. Did you mean `{'>'}` or `&gt;`?
old_appcore_utf8.tsx(1,38754): error TS1005: '}' expected.
old_appcore_utf8.tsx(1,38803): error TS1381: Unexpected token. Did you mean `{'}'}` or `&rbrace;`?
old_appcore_utf8.tsx(1,38816): error TS1381: Unexpected token. Did you mean `{'}'}` or `&rbrace;`?
old_appcore_utf8.tsx(1,38824): error TS1381: Unexpected token. Did you mean `{'}'}` or `&rbrace;`?
old_appcore_utf8.tsx(1,38940): error TS1382: Unexpected token. Did you mean `{'>'}` or `&gt;`?
old_appcore_utf8.tsx(1,38943): error TS1127: Invalid character.
old_appcore_utf8.tsx(1,39079): error TS1382: Unexpected token. Did you mean `{'>'}` or `&gt;`?
old_appcore_utf8.tsx(1,39083): error TS1127: Invalid character.
old_appcore_utf8.tsx(1,39137): error TS1382: Unexpected token. Did you mean `{'>'}` or `&gt;`?
old_appcore_utf8.tsx(1,39190): error TS1381: Unexpected token. Did you mean `{'}'}` or `&rbrace;`?
old_appcore_utf8.tsx(1,39205): error TS1127: Invalid character.
old_appcore_utf8.tsx(1,39239): error TS1127: Invalid character.
old_appcore_utf8.tsx(1,39533): error TS1381: Unexpected token. Did you mean `{'}'}` or `&rbrace;`?
old_appcore_utf8.tsx(1,39542): error TS1381: Unexpected token. Did you mean `{'}'}` or `&rbrace;`?
old_appcore_utf8.tsx(1,39590): error TS1005: '}' expected.
old_appcore_utf8.tsx(1,39592): error TS1381: Unexpected token. Did you mean `{'}'}` or `&rbrace;`?
old_appcore_utf8.tsx(1,39597): error TS1381: Unexpected token. Did you mean `{'}'}` or `&rbrace;`?
old_appcore_utf8.tsx(1,39698): error TS1382: Unexpected token. Did you mean `{'>'}` or `&gt;`?
old_appcore_utf8.tsx(1,39701): error TS1127: Invalid character.
old_appcore_utf8.tsx(1,39737): error TS1382: Unexpected token. Did you mean `{'>'}` or `&gt;`?
old_appcore_utf8.tsx(1,39741): error TS1127: Invalid character.
old_appcore_utf8.tsx(1,39797): error TS1382: Unexpected token. Did you mean `{'>'}` or `&gt;`?
old_appcore_utf8.tsx(1,39800): error TS1127: Invalid character.
old_appcore_utf8.tsx(1,40203): error TS1005: '}' expected.
old_appcore_utf8.tsx(1,40217): error TS1381: Unexpected token. Did you mean `{'}'}` or `&rbrace;`?
old_appcore_utf8.tsx(1,40227): error TS1381: Unexpected token. Did you mean `{'}'}` or `&rbrace;`?
old_appcore_utf8.tsx(1,40236): error TS1381: Unexpected token. Did you mean `{'}'}` or `&rbrace;`?
old_appcore_utf8.tsx(1,40244): error TS1381: Unexpected token. Did you mean `{'}'}` or `&rbrace;`?
old_appcore_utf8.tsx(1,40308): error TS1382: Unexpected token. Did you mean `{'>'}` or `&gt;`?
old_appcore_utf8.tsx(1,40311): error TS1127: Invalid character.
old_appcore_utf8.tsx(1,40347): error TS1382: Unexpected token. Did you mean `{'>'}` or `&gt;`?
old_appcore_utf8.tsx(1,40351): error TS1127: Invalid character.
old_appcore_utf8.tsx(1,40407): error TS1382: Unexpected token. Did you mean `{'>'}` or `&gt;`?
old_appcore_utf8.tsx(1,40455): error TS1005: '}' expected.
old_appcore_utf8.tsx(1,40476): error TS1381: Unexpected token. Did you mean `{'}'}` or `&rbrace;`?
old_appcore_utf8.tsx(1,40491): error TS1381: Unexpected token. Did you mean `{'}'}` or `&rbrace;`?
old_appcore_utf8.tsx(1,40499): error TS1381: Unexpected token. Did you mean `{'}'}` or `&rbrace;`?
old_appcore_utf8.tsx(1,40558): error TS1382: Unexpected token. Did you mean `{'>'}` or `&gt;`?
old_appcore_utf8.tsx(1,40561): error TS1127: Invalid character.
old_appcore_utf8.tsx(1,40600): error TS1382: Unexpected token. Did you mean `{'>'}` or `&gt;`?
old_appcore_utf8.tsx(1,40690): error TS1382: Unexpected token. Did you mean `{'>'}` or `&gt;`?
old_appcore_utf8.tsx(1,40784): error TS1005: '}' expected.
old_appcore_utf8.tsx(1,40861): error TS1381: Unexpected token. Did you mean `{'}'}` or `&rbrace;`?
old_appcore_utf8.tsx(1,41047): error TS1381: Unexpected token. Did you mean `{'}'}` or `&rbrace;`?
old_appcore_utf8.tsx(1,41099): error TS1382: Unexpected token. Did you mean `{'>'}` or `&gt;`?
old_appcore_utf8.tsx(1,41102): error TS1127: Invalid character.
old_appcore_utf8.tsx(1,41183): error TS1127: Invalid character.
old_appcore_utf8.tsx(1,41228): error TS1127: Invalid character.
old_appcore_utf8.tsx(1,41403): error TS1381: Unexpected token. Did you mean `{'}'}` or `&rbrace;`?
old_appcore_utf8.tsx(1,41552): error TS1381: Unexpected token. Did you mean `{'}'}` or `&rbrace;`?
old_appcore_utf8.tsx(1,41609): error TS1005: '}' expected.
old_appcore_utf8.tsx(1,41611): error TS1381: Unexpected token. Did you mean `{'}'}` or `&rbrace;`?
old_appcore_utf8.tsx(1,41655): error TS1005: '}' expected.
old_appcore_utf8.tsx(1,41657): error TS1381: Unexpected token. Did you mean `{'}'}` or `&rbrace;`?
old_appcore_utf8.tsx(1,41662): error TS1381: Unexpected token. Did you mean `{'}'}` or `&rbrace;`?
old_appcore_utf8.tsx(1,41739): error TS1382: Unexpected token. Did you mean `{'>'}` or `&gt;`?
old_appcore_utf8.tsx(1,41781): error TS1005: '}' expected.
old_appcore_utf8.tsx(1,41783): error TS1381: Unexpected token. Did you mean `{'}'}` or `&rbrace;`?
old_appcore_utf8.tsx(1,41835): error TS1382: Unexpected token. Did you mean `{'>'}` or `&gt;`?
old_appcore_utf8.tsx(1,41867): error TS1005: '}' expected.
old_appcore_utf8.tsx(1,41869): error TS1381: Unexpected token. Did you mean `{'}'}` or `&rbrace;`?
old_appcore_utf8.tsx(1,41908): error TS1382: Unexpected token. Did you mean `{'>'}` or `&gt;`?
old_appcore_utf8.tsx(1,41938): error TS1005: '}' expected.
old_appcore_utf8.tsx(1,41940): error TS1381: Unexpected token. Did you mean `{'}'}` or `&rbrace;`?
old_appcore_utf8.tsx(1,42003): error TS1382: Unexpected token. Did you mean `{'>'}` or `&gt;`?
old_appcore_utf8.tsx(1,42007): error TS1109: Expression expected.
old_appcore_utf8.tsx(1,42091): error TS1381: Unexpected token. Did you mean `{'}'}` or `&rbrace;`?
old_appcore_utf8.tsx(1,42164): error TS1382: Unexpected token. Did you mean `{'>'}` or `&gt;`?
old_appcore_utf8.tsx(1,42167): error TS1127: Invalid character.
old_appcore_utf8.tsx(1,42275): error TS1381: Unexpected token. Did you mean `{'}'}` or `&rbrace;`?
old_appcore_utf8.tsx(1,42325): error TS1382: Unexpected token. Did you mean `{'>'}` or `&gt;`?
old_appcore_utf8.tsx(1,42328): error TS1127: Invalid character.
old_appcore_utf8.tsx(1,42512): error TS1382: Unexpected token. Did you mean `{'>'}` or `&gt;`?
old_appcore_utf8.tsx(1,42515): error TS1127: Invalid character.
old_appcore_utf8.tsx(1,42612): error TS1005: '}' expected.
old_appcore_utf8.tsx(1,42620): error TS1005: '}' expected.
old_appcore_utf8.tsx(1,42634): error TS1381: Unexpected token. Did you mean `{'}'}` or `&rbrace;`?
old_appcore_utf8.tsx(1,42636): error TS1381: Unexpected token. Did you mean `{'}'}` or `&rbrace;`?
old_appcore_utf8.tsx(1,42646): error TS1381: Unexpected token. Did you mean `{'}'}` or `&rbrace;`?
old_appcore_utf8.tsx(1,42657): error TS1381: Unexpected token. Did you mean `{'}'}` or `&rbrace;`?
old_appcore_utf8.tsx(1,42694): error TS1382: Unexpected token. Did you mean `{'>'}` or `&gt;`?
old_appcore_utf8.tsx(1,42718): error TS1005: '}' expected.
old_appcore_utf8.tsx(1,42748): error TS1381: Unexpected token. Did you mean `{'}'}` or `&rbrace;`?
old_appcore_utf8.tsx(1,42785): error TS1382: Unexpected token. Did you mean `{'>'}` or `&gt;`?
old_appcore_utf8.tsx(1,42788): error TS1127: Invalid character.
old_appcore_utf8.tsx(1,42949): error TS1127: Invalid character.
old_appcore_utf8.tsx(1,43044): error TS1382: Unexpected token. Did you mean `{'>'}` or `&gt;`?
old_appcore_utf8.tsx(1,43071): error TS1127: Invalid character.
old_appcore_utf8.tsx(1,43152): error TS1382: Unexpected token. Did you mean `{'>'}` or `&gt;`?
old_appcore_utf8.tsx(1,43195): error TS17002: Expected corresponding JSX closing tag for 'Record'.
old_appcore_utf8.tsx(1,43200): error TS1127: Invalid character.
old_appcore_utf8.tsx(1,43245): error TS1127: Invalid character.
old_appcore_utf8.tsx(1,43320): error TS1382: Unexpected token. Did you mean `{'>'}` or `&gt;`?
old_appcore_utf8.tsx(1,43327): error TS17002: Expected corresponding JSX closing tag for 'string'.
old_appcore_utf8.tsx(1,43334): error TS1127: Invalid character.
old_appcore_utf8.tsx(1,43344): error TS17002: Expected corresponding JSX closing tag for 'string'.
old_appcore_utf8.tsx(1,43348): error TS1127: Invalid character.
old_appcore_utf8.tsx(1,43360): error TS1381: Unexpected token. Did you mean `{'}'}` or `&rbrace;`?
old_appcore_utf8.tsx(1,43389): error TS1127: Invalid character.
old_appcore_utf8.tsx(1,43551): error TS1127: Invalid character.
old_appcore_utf8.tsx(1,43587): error TS1382: Unexpected token. Did you mean `{'>'}` or `&gt;`?
old_appcore_utf8.tsx(1,43615): error TS1127: Invalid character.
old_appcore_utf8.tsx(1,43708): error TS1382: Unexpected token. Did you mean `{'>'}` or `&gt;`?
old_appcore_utf8.tsx(1,43876): error TS17002: Expected corresponding JSX closing tag for 'hr'.
old_appcore_utf8.tsx(1,43880): error TS1127: Invalid character.
old_appcore_utf8.tsx(1,43892): error TS1381: Unexpected token. Did you mean `{'}'}` or `&rbrace;`?
old_appcore_utf8.tsx(1,43940): error TS1127: Invalid character.
old_appcore_utf8.tsx(1,45336): error TS1127: Invalid character.
old_appcore_utf8.tsx(1,45550): error TS1381: Unexpected token. Did you mean `{'}'}` or `&rbrace;`?
old_appcore_utf8.tsx(1,45551): error TS1381: Unexpected token. Did you mean `{'}'}` or `&rbrace;`?
old_appcore_utf8.tsx(1,46008): error TS1382: Unexpected token. Did you mean `{'>'}` or `&gt;`?
old_appcore_utf8.tsx(1,46155): error TS1127: Invalid character.
old_appcore_utf8.tsx(1,46192): error TS1382: Unexpected token. Did you mean `{'>'}` or `&gt;`?
old_appcore_utf8.tsx(1,46218): error TS1127: Invalid character.
old_appcore_utf8.tsx(1,46276): error TS1382: Unexpected token. Did you mean `{'>'}` or `&gt;`?
old_appcore_utf8.tsx(1,46321): error TS1127: Invalid character.
old_appcore_utf8.tsx(1,46389): error TS1382: Unexpected token. Did you mean `{'>'}` or `&gt;`?
old_appcore_utf8.tsx(1,46410): error TS17002: Expected corresponding JSX closing tag for 'div'.
old_appcore_utf8.tsx(1,46412): error TS1127: Invalid character.
old_appcore_utf8.tsx(1,46440): error TS1127: Invalid character.
old_appcore_utf8.tsx(1,46513): error TS1382: Unexpected token. Did you mean `{'>'}` or `&gt;`?
old_appcore_utf8.tsx(1,46524): error TS17002: Expected corresponding JSX closing tag for 'div'.
old_appcore_utf8.tsx(1,46527): error TS1127: Invalid character.
old_appcore_utf8.tsx(1,46541): error TS17002: Expected corresponding JSX closing tag for 'p'.
old_appcore_utf8.tsx(1,46545): error TS1127: Invalid character.
old_appcore_utf8.tsx(1,46572): error TS1127: Invalid character.
old_appcore_utf8.tsx(1,46599): error TS1382: Unexpected token. Did you mean `{'>'}` or `&gt;`?
old_appcore_utf8.tsx(1,46670): error TS1127: Invalid character.
old_appcore_utf8.tsx(1,46813): error TS1382: Unexpected token. Did you mean `{'>'}` or `&gt;`?
old_appcore_utf8.tsx(1,46898): error TS17002: Expected corresponding JSX closing tag for 'blockquote'.
old_appcore_utf8.tsx(1,46905): error TS1127: Invalid character.
old_appcore_utf8.tsx(1,46964): error TS1127: Invalid character.
old_appcore_utf8.tsx(1,47175): error TS1382: Unexpected token. Did you mean `{'>'}` or `&gt;`?
old_appcore_utf8.tsx(1,47218): error TS17002: Expected corresponding JSX closing tag for 'blockquote'.
old_appcore_utf8.tsx(1,47225): error TS1127: Invalid character.
old_appcore_utf8.tsx(1,47239): error TS17002: Expected corresponding JSX closing tag for 'li'.
old_appcore_utf8.tsx(1,47243): error TS1127: Invalid character.
old_appcore_utf8.tsx(1,47243): error TS1005: ',' expected.
old_appcore_utf8.tsx(1,47253): error TS1005: ',' expected.
old_appcore_utf8.tsx(1,47259): error TS1127: Invalid character.
old_appcore_utf8.tsx(1,47269): error TS1005: ',' expected.
old_appcore_utf8.tsx(1,47285): error TS1005: ',' expected.
old_appcore_utf8.tsx(1,47289): error TS1127: Invalid character.
old_appcore_utf8.tsx(1,47306): error TS1005: ',' expected.
old_appcore_utf8.tsx(1,47317): error TS1136: Property assignment expected.
old_appcore_utf8.tsx(1,47433): error TS1005: ',' expected.
old_appcore_utf8.tsx(1,47434): error TS1109: Expression expected.
old_appcore_utf8.tsx(1,47435): error TS1127: Invalid character.
old_appcore_utf8.tsx(1,47454): error TS1005: ';' expected.
old_appcore_utf8.tsx(1,47464): error TS1127: Invalid character.
old_appcore_utf8.tsx(1,56880): error TS1002: Unterminated string literal.
prompts/megaPrompts.ts(28,42): error TS1005: ',' expected.
prompts/megaPrompts.ts(28,48): error TS1005: ',' expected.
prompts/megaPrompts.ts(28,50): error TS1127: Invalid character.
prompts/megaPrompts.ts(28,51): error TS1127: Invalid character.
prompts/megaPrompts.ts(28,52): error TS1134: Variable declaration expected.
prompts/megaPrompts.ts(29,96): error TS1109: Expression expected.
prompts/megaPrompts.ts(29,97): error TS1003: Identifier expected.
prompts/megaPrompts.ts(29,98): error TS1109: Expression expected.
prompts/megaPrompts.ts(29,99): error TS1127: Invalid character.
prompts/megaPrompts.ts(29,100): error TS1127: Invalid character.
prompts/megaPrompts.ts(29,138): error TS1109: Expression expected.
prompts/megaPrompts.ts(29,149): error TS1005: ';' expected.
prompts/megaPrompts.ts(29,162): error TS1005: ';' expected.
prompts/megaPrompts.ts(29,168): error TS1127: Invalid character.
prompts/megaPrompts.ts(29,169): error TS1127: Invalid character.
prompts/megaPrompts.ts(45,4): error TS1127: Invalid character.
prompts/megaPrompts.ts(45,5): error TS1127: Invalid character.
prompts/megaPrompts.ts(45,10): error TS1005: ';' expected.
prompts/megaPrompts.ts(46,1): error TS1434: Unexpected keyword or identifier.
prompts/megaPrompts.ts(47,6): error TS1109: Expression expected.
prompts/megaPrompts.ts(47,16): error TS1005: ';' expected.
prompts/megaPrompts.ts(47,19): error TS1434: Unexpected keyword or identifier.
prompts/megaPrompts.ts(47,25): error TS1434: Unexpected keyword or identifier.
prompts/megaPrompts.ts(48,5): error TS1435: Unknown keyword or identifier. Did you mean 'class Def'?
prompts/megaPrompts.ts(48,14): error TS1434: Unexpected keyword or identifier.
prompts/megaPrompts.ts(48,30): error TS1127: Invalid character.
prompts/megaPrompts.ts(48,31): error TS1005: ';' expected.
prompts/megaPrompts.ts(48,35): error TS1005: ';' expected.
prompts/megaPrompts.ts(48,35): error TS1351: An identifier or keyword cannot immediately follow a numeric literal.
prompts/megaPrompts.ts(48,44): error TS1005: ';' expected.
prompts/megaPrompts.ts(48,62): error TS1005: ';' expected.
prompts/megaPrompts.ts(48,64): error TS1351: An identifier or keyword cannot immediately follow a numeric literal.
prompts/megaPrompts.ts(48,72): error TS1005: ';' expected.
prompts/megaPrompts.ts(49,5): error TS1435: Unknown keyword or identifier. Did you mean 'class Def'?
prompts/megaPrompts.ts(49,14): error TS1434: Unexpected keyword or identifier.
prompts/megaPrompts.ts(49,40): error TS1005: ';' expected.
prompts/megaPrompts.ts(49,58): error TS1005: ';' expected.
prompts/megaPrompts.ts(49,60): error TS1351: An identifier or keyword cannot immediately follow a numeric literal.
prompts/megaPrompts.ts(49,68): error TS1005: ';' expected.
prompts/megaPrompts.ts(50,5): error TS1435: Unknown keyword or identifier. Did you mean 'class Def'?
prompts/megaPrompts.ts(50,14): error TS1434: Unexpected keyword or identifier.
prompts/megaPrompts.ts(50,29): error TS1127: Invalid character.
prompts/megaPrompts.ts(50,30): error TS1489: Decimals with leading zeros are not allowed.
prompts/megaPrompts.ts(50,43): error TS1005: ';' expected.
prompts/megaPrompts.ts(50,61): error TS1005: ';' expected.
prompts/megaPrompts.ts(50,63): error TS1351: An identifier or keyword cannot immediately follow a numeric literal.
prompts/megaPrompts.ts(50,71): error TS1005: ';' expected.
prompts/megaPrompts.ts(51,5): error TS1435: Unknown keyword or identifier. Did you mean 'class Def'?
prompts/megaPrompts.ts(51,14): error TS1434: Unexpected keyword or identifier.
prompts/megaPrompts.ts(51,40): error TS1005: ';' expected.
prompts/megaPrompts.ts(51,58): error TS1005: ';' expected.
prompts/megaPrompts.ts(51,60): error TS1351: An identifier or keyword cannot immediately follow a numeric literal.
prompts/megaPrompts.ts(51,68): error TS1005: ';' expected.
prompts/megaPrompts.ts(53,5): error TS1109: Expression expected.
prompts/megaPrompts.ts(53,6): error TS1109: Expression expected.
prompts/megaPrompts.ts(53,18): error TS1005: ';' expected.
prompts/megaPrompts.ts(53,21): error TS1434: Unexpected keyword or identifier.
prompts/megaPrompts.ts(53,27): error TS1434: Unexpected keyword or identifier.
prompts/megaPrompts.ts(53,34): error TS1434: Unexpected keyword or identifier.
prompts/megaPrompts.ts(53,40): error TS1434: Unexpected keyword or identifier.
prompts/megaPrompts.ts(53,47): error TS1434: Unexpected keyword or identifier.
prompts/megaPrompts.ts(54,26): error TS1005: ']' expected.
prompts/megaPrompts.ts(54,36): error TS1128: Declaration or statement expected.
prompts/megaPrompts.ts(54,37): error TS1128: Declaration or statement expected.
prompts/megaPrompts.ts(54,38): error TS1128: Declaration or statement expected.
prompts/megaPrompts.ts(54,39): error TS1128: Declaration or statement expected.
prompts/megaPrompts.ts(56,5): error TS1434: Unexpected keyword or identifier.
prompts/megaPrompts.ts(56,14): error TS1434: Unexpected keyword or identifier.
prompts/megaPrompts.ts(56,16): error TS1434: Unexpected keyword or identifier.
prompts/megaPrompts.ts(56,22): error TS1434: Unexpected keyword or identifier.
prompts/megaPrompts.ts(56,24): error TS1434: Unexpected keyword or identifier.
prompts/megaPrompts.ts(57,23): error TS1005: ']' expected.
prompts/megaPrompts.ts(57,44): error TS1005: ';' expected.
prompts/megaPrompts.ts(57,51): error TS1128: Declaration or statement expected.
prompts/megaPrompts.ts(57,52): error TS1128: Declaration or statement expected.
prompts/megaPrompts.ts(57,53): error TS1128: Declaration or statement expected.
prompts/megaPrompts.ts(57,54): error TS1128: Declaration or statement expected.
prompts/megaPrompts.ts(58,23): error TS1005: ']' expected.
prompts/megaPrompts.ts(58,50): error TS1005: ';' expected.
prompts/megaPrompts.ts(58,53): error TS1434: Unexpected keyword or identifier.
prompts/megaPrompts.ts(58,60): error TS1128: Declaration or statement expected.
prompts/megaPrompts.ts(58,61): error TS1128: Declaration or statement expected.
prompts/megaPrompts.ts(58,62): error TS1128: Declaration or statement expected.
prompts/megaPrompts.ts(58,63): error TS1128: Declaration or statement expected.
prompts/megaPrompts.ts(61,5): error TS1434: Unexpected keyword or identifier.
prompts/megaPrompts.ts(61,14): error TS1434: Unexpected keyword or identifier.
prompts/megaPrompts.ts(61,24): error TS1434: Unexpected keyword or identifier.
prompts/megaPrompts.ts(62,18): error TS1005: ']' expected.
prompts/megaPrompts.ts(62,24): error TS1434: Unexpected keyword or identifier.
prompts/megaPrompts.ts(62,32): error TS1434: Unexpected keyword or identifier.
prompts/megaPrompts.ts(62,35): error TS1434: Unexpected keyword or identifier.
prompts/megaPrompts.ts(62,45): error TS1128: Declaration or statement expected.
prompts/megaPrompts.ts(62,46): error TS1128: Declaration or statement expected.
prompts/megaPrompts.ts(62,47): error TS1128: Declaration or statement expected.
prompts/megaPrompts.ts(62,48): error TS1128: Declaration or statement expected.
prompts/megaPrompts.ts(63,20): error TS1005: ']' expected.
prompts/megaPrompts.ts(63,43): error TS1005: ';' expected.
prompts/megaPrompts.ts(63,52): error TS1128: Declaration or statement expected.
prompts/megaPrompts.ts(63,53): error TS1128: Declaration or statement expected.
prompts/megaPrompts.ts(63,54): error TS1128: Declaration or statement expected.
prompts/megaPrompts.ts(63,55): error TS1128: Declaration or statement expected.
prompts/megaPrompts.ts(66,5): error TS1434: Unexpected keyword or identifier.
prompts/megaPrompts.ts(66,14): error TS1434: Unexpected keyword or identifier.
prompts/megaPrompts.ts(66,25): error TS1434: Unexpected keyword or identifier.
prompts/megaPrompts.ts(67,20): error TS1005: ']' expected.
prompts/megaPrompts.ts(67,41): error TS1005: ';' expected.
prompts/megaPrompts.ts(67,46): error TS1128: Declaration or statement expected.
prompts/megaPrompts.ts(67,47): error TS1128: Declaration or statement expected.
prompts/megaPrompts.ts(67,48): error TS1128: Declaration or statement expected.
prompts/megaPrompts.ts(67,49): error TS1128: Declaration or statement expected.
prompts/megaPrompts.ts(68,18): error TS1005: ']' expected.
prompts/megaPrompts.ts(68,24): error TS1434: Unexpected keyword or identifier.
prompts/megaPrompts.ts(68,44): error TS1005: ';' expected.
prompts/megaPrompts.ts(68,45): error TS1128: Declaration or statement expected.
prompts/megaPrompts.ts(68,46): error TS1128: Declaration or statement expected.
prompts/megaPrompts.ts(68,47): error TS1128: Declaration or statement expected.
prompts/megaPrompts.ts(71,6): error TS1109: Expression expected.
prompts/megaPrompts.ts(71,17): error TS1005: ';' expected.
prompts/megaPrompts.ts(71,39): error TS1005: ',' expected.
prompts/megaPrompts.ts(71,41): error TS1005: ',' expected.
prompts/megaPrompts.ts(71,50): error TS1005: ',' expected.
prompts/megaPrompts.ts(71,64): error TS1005: ',' expected.
prompts/megaPrompts.ts(71,66): error TS1005: ',' expected.
prompts/megaPrompts.ts(72,10): error TS1109: Expression expected.
prompts/megaPrompts.ts(72,11): error TS1003: Identifier expected.
prompts/megaPrompts.ts(72,12): error TS1109: Expression expected.
prompts/megaPrompts.ts(72,13): error TS1109: Expression expected.
prompts/megaPrompts.ts(72,26): error TS1005: ';' expected.
prompts/megaPrompts.ts(72,33): error TS1434: Unexpected keyword or identifier.
prompts/megaPrompts.ts(73,10): error TS1109: Expression expected.
prompts/megaPrompts.ts(73,11): error TS1003: Identifier expected.
prompts/megaPrompts.ts(73,12): error TS1109: Expression expected.
prompts/megaPrompts.ts(73,13): error TS1109: Expression expected.
prompts/megaPrompts.ts(73,20): error TS1005: ';' expected.
prompts/megaPrompts.ts(73,23): error TS1434: Unexpected keyword or identifier.
prompts/megaPrompts.ts(73,39): error TS1005: ';' expected.
prompts/megaPrompts.ts(75,10): error TS1109: Expression expected.
prompts/megaPrompts.ts(75,11): error TS1003: Identifier expected.
prompts/megaPrompts.ts(75,12): error TS1109: Expression expected.
prompts/megaPrompts.ts(75,13): error TS1109: Expression expected.
prompts/megaPrompts.ts(75,20): error TS1005: ';' expected.
prompts/megaPrompts.ts(75,34): error TS1005: ';' expected.
prompts/megaPrompts.ts(76,11): error TS1109: Expression expected.
prompts/megaPrompts.ts(76,12): error TS1109: Expression expected.
prompts/megaPrompts.ts(76,20): error TS1005: ';' expected.
prompts/megaPrompts.ts(78,11): error TS1109: Expression expected.
prompts/megaPrompts.ts(78,12): error TS1109: Expression expected.
prompts/megaPrompts.ts(78,23): error TS1005: ';' expected.
prompts/megaPrompts.ts(79,10): error TS1109: Expression expected.
prompts/megaPrompts.ts(79,11): error TS1003: Identifier expected.
prompts/megaPrompts.ts(79,12): error TS1109: Expression expected.
prompts/megaPrompts.ts(79,13): error TS1109: Expression expected.
prompts/megaPrompts.ts(79,22): error TS1005: ';' expected.
prompts/megaPrompts.ts(79,26): error TS1434: Unexpected keyword or identifier.
prompts/megaPrompts.ts(80,10): error TS1109: Expression expected.
prompts/megaPrompts.ts(80,11): error TS1003: Identifier expected.
prompts/megaPrompts.ts(80,12): error TS1109: Expression expected.
prompts/megaPrompts.ts(80,13): error TS1109: Expression expected.
prompts/megaPrompts.ts(80,20): error TS1005: ';' expected.
prompts/megaPrompts.ts(80,23): error TS1434: Unexpected keyword or identifier.
prompts/megaPrompts.ts(82,6): error TS1109: Expression expected.
prompts/megaPrompts.ts(82,11): error TS1005: ';' expected.
prompts/megaPrompts.ts(82,14): error TS1434: Unexpected keyword or identifier.
prompts/megaPrompts.ts(83,19): error TS1005: ']' expected.
prompts/megaPrompts.ts(83,27): error TS1434: Unexpected keyword or identifier.
prompts/megaPrompts.ts(83,37): error TS1434: Unexpected keyword or identifier.
prompts/megaPrompts.ts(83,45): error TS1434: Unexpected keyword or identifier.
prompts/megaPrompts.ts(83,47): error TS1434: Unexpected keyword or identifier.
prompts/megaPrompts.ts(83,52): error TS1128: Declaration or statement expected.
prompts/megaPrompts.ts(83,53): error TS1128: Declaration or statement expected.
prompts/megaPrompts.ts(83,54): error TS1128: Declaration or statement expected.
prompts/megaPrompts.ts(83,55): error TS1128: Declaration or statement expected.
prompts/megaPrompts.ts(84,12): error TS1109: Expression expected.
prompts/megaPrompts.ts(84,13): error TS1003: Identifier expected.
prompts/megaPrompts.ts(84,14): error TS1109: Expression expected.
prompts/megaPrompts.ts(84,15): error TS1109: Expression expected.
prompts/megaPrompts.ts(84,25): error TS1005: ';' expected.
prompts/megaPrompts.ts(85,1): error TS1127: Invalid character.
prompts/megaPrompts.ts(85,2): error TS1127: Invalid character.
prompts/megaPrompts.ts(85,7): error TS1127: Invalid character.
prompts/megaPrompts.ts(85,8): error TS1127: Invalid character.
prompts/megaPrompts.ts(147,42): error TS1005: ',' expected.
prompts/megaPrompts.ts(147,48): error TS1005: ',' expected.
prompts/megaPrompts.ts(147,50): error TS1127: Invalid character.
prompts/megaPrompts.ts(147,51): error TS1127: Invalid character.
prompts/megaPrompts.ts(147,52): error TS1134: Variable declaration expected.
prompts/megaPrompts.ts(148,96): error TS1109: Expression expected.
prompts/megaPrompts.ts(148,97): error TS1003: Identifier expected.
prompts/megaPrompts.ts(148,98): error TS1109: Expression expected.
prompts/megaPrompts.ts(148,99): error TS1127: Invalid character.
prompts/megaPrompts.ts(148,100): error TS1127: Invalid character.
prompts/megaPrompts.ts(148,138): error TS1109: Expression expected.
prompts/megaPrompts.ts(148,149): error TS1005: ';' expected.
prompts/megaPrompts.ts(148,162): error TS1005: ';' expected.
prompts/megaPrompts.ts(148,168): error TS1127: Invalid character.
prompts/megaPrompts.ts(148,169): error TS1127: Invalid character.
prompts/megaPrompts.ts(164,4): error TS1127: Invalid character.
prompts/megaPrompts.ts(164,5): error TS1127: Invalid character.
prompts/megaPrompts.ts(164,10): error TS1005: ';' expected.
prompts/megaPrompts.ts(165,1): error TS1434: Unexpected keyword or identifier.
prompts/megaPrompts.ts(166,6): error TS1109: Expression expected.
prompts/megaPrompts.ts(166,16): error TS1005: ';' expected.
prompts/megaPrompts.ts(166,19): error TS1434: Unexpected keyword or identifier.
prompts/megaPrompts.ts(166,25): error TS1434: Unexpected keyword or identifier.
prompts/megaPrompts.ts(167,5): error TS1435: Unknown keyword or identifier. Did you mean 'class Def'?
prompts/megaPrompts.ts(167,14): error TS1434: Unexpected keyword or identifier.
prompts/megaPrompts.ts(167,24): error TS1127: Invalid character.
prompts/megaPrompts.ts(167,25): error TS1005: ';' expected.
prompts/megaPrompts.ts(167,29): error TS1005: ';' expected.
prompts/megaPrompts.ts(167,29): error TS1351: An identifier or keyword cannot immediately follow a numeric literal.
prompts/megaPrompts.ts(167,38): error TS1005: ';' expected.
prompts/megaPrompts.ts(167,56): error TS1005: ';' expected.
prompts/megaPrompts.ts(167,58): error TS1351: An identifier or keyword cannot immediately follow a numeric literal.
prompts/megaPrompts.ts(167,66): error TS1005: ';' expected.
prompts/megaPrompts.ts(168,5): error TS1435: Unknown keyword or identifier. Did you mean 'class Def'?
prompts/megaPrompts.ts(168,14): error TS1434: Unexpected keyword or identifier.
prompts/megaPrompts.ts(168,29): error TS1127: Invalid character.
prompts/megaPrompts.ts(168,30): error TS1489: Decimals with leading zeros are not allowed.
prompts/megaPrompts.ts(168,43): error TS1005: ';' expected.
prompts/megaPrompts.ts(168,61): error TS1005: ';' expected.
prompts/megaPrompts.ts(168,63): error TS1351: An identifier or keyword cannot immediately follow a numeric literal.
prompts/megaPrompts.ts(168,71): error TS1005: ';' expected.
prompts/megaPrompts.ts(169,5): error TS1435: Unknown keyword or identifier. Did you mean 'class Def'?
prompts/megaPrompts.ts(169,14): error TS1434: Unexpected keyword or identifier.
prompts/megaPrompts.ts(169,40): error TS1005: ';' expected.
prompts/megaPrompts.ts(169,58): error TS1005: ';' expected.
prompts/megaPrompts.ts(169,60): error TS1351: An identifier or keyword cannot immediately follow a numeric literal.
prompts/megaPrompts.ts(169,68): error TS1005: ';' expected.
prompts/megaPrompts.ts(171,5): error TS1109: Expression expected.
prompts/megaPrompts.ts(171,6): error TS1109: Expression expected.
prompts/megaPrompts.ts(171,18): error TS1005: ';' expected.
prompts/megaPrompts.ts(171,21): error TS1434: Unexpected keyword or identifier.
prompts/megaPrompts.ts(171,27): error TS1434: Unexpected keyword or identifier.
prompts/megaPrompts.ts(171,34): error TS1434: Unexpected keyword or identifier.
prompts/megaPrompts.ts(171,40): error TS1434: Unexpected keyword or identifier.
prompts/megaPrompts.ts(171,49): error TS1434: Unexpected keyword or identifier.
prompts/megaPrompts.ts(171,55): error TS1434: Unexpected keyword or identifier.
prompts/megaPrompts.ts(171,67): error TS1434: Unexpected keyword or identifier.
prompts/megaPrompts.ts(172,14): error TS1005: ']' expected.
prompts/megaPrompts.ts(172,20): error TS1434: Unexpected keyword or identifier.
prompts/megaPrompts.ts(172,28): error TS1434: Unexpected keyword or identifier.
prompts/megaPrompts.ts(172,36): error TS1434: Unexpected keyword or identifier.
prompts/megaPrompts.ts(172,46): error TS1128: Declaration or statement expected.
prompts/megaPrompts.ts(172,47): error TS1128: Declaration or statement expected.
prompts/megaPrompts.ts(172,48): error TS1128: Declaration or statement expected.
prompts/megaPrompts.ts(172,49): error TS1128: Declaration or statement expected.
prompts/megaPrompts.ts(174,5): error TS1434: Unexpected keyword or identifier.
prompts/megaPrompts.ts(174,14): error TS1434: Unexpected keyword or identifier.
prompts/megaPrompts.ts(174,19): error TS1434: Unexpected keyword or identifier.
prompts/megaPrompts.ts(174,22): error TS1434: Unexpected keyword or identifier.
prompts/megaPrompts.ts(174,25): error TS1434: Unexpected keyword or identifier.
prompts/megaPrompts.ts(175,25): error TS1005: ']' expected.
prompts/megaPrompts.ts(175,43): error TS1005: ';' expected.
prompts/megaPrompts.ts(175,44): error TS1128: Declaration or statement expected.
prompts/megaPrompts.ts(175,45): error TS1128: Declaration or statement expected.
prompts/megaPrompts.ts(175,46): error TS1128: Declaration or statement expected.
prompts/megaPrompts.ts(176,25): error TS1005: ']' expected.
prompts/megaPrompts.ts(176,50): error TS1005: ';' expected.
prompts/megaPrompts.ts(176,51): error TS1128: Declaration or statement expected.
prompts/megaPrompts.ts(176,52): error TS1128: Declaration or statement expected.
prompts/megaPrompts.ts(176,53): error TS1128: Declaration or statement expected.
prompts/megaPrompts.ts(177,18): error TS1005: ']' expected.
prompts/megaPrompts.ts(177,32): error TS1005: ';' expected.
prompts/megaPrompts.ts(177,33): error TS1128: Declaration or statement expected.
prompts/megaPrompts.ts(177,34): error TS1128: Declaration or statement expected.
prompts/megaPrompts.ts(177,35): error TS1128: Declaration or statement expected.
prompts/megaPrompts.ts(180,5): error TS1434: Unexpected keyword or identifier.
prompts/megaPrompts.ts(180,14): error TS1434: Unexpected keyword or identifier.
prompts/megaPrompts.ts(180,19): error TS1434: Unexpected keyword or identifier.
prompts/megaPrompts.ts(180,24): error TS1434: Unexpected keyword or identifier.
prompts/megaPrompts.ts(181,18): error TS1005: ']' expected.
prompts/megaPrompts.ts(181,39): error TS1005: ';' expected.
prompts/megaPrompts.ts(181,40): error TS1128: Declaration or statement expected.
prompts/megaPrompts.ts(181,41): error TS1128: Declaration or statement expected.
prompts/megaPrompts.ts(181,42): error TS1128: Declaration or statement expected.
prompts/megaPrompts.ts(182,22): error TS1005: ']' expected.
prompts/megaPrompts.ts(182,44): error TS1005: ';' expected.
prompts/megaPrompts.ts(182,45): error TS1128: Declaration or statement expected.
prompts/megaPrompts.ts(182,46): error TS1128: Declaration or statement expected.
prompts/megaPrompts.ts(182,47): error TS1128: Declaration or statement expected.
prompts/megaPrompts.ts(185,6): error TS1109: Expression expected.
prompts/megaPrompts.ts(185,17): error TS1005: ';' expected.
prompts/megaPrompts.ts(185,39): error TS1005: ',' expected.
prompts/megaPrompts.ts(185,41): error TS1005: ',' expected.
prompts/megaPrompts.ts(185,50): error TS1005: ',' expected.
prompts/megaPrompts.ts(185,57): error TS1005: ',' expected.
prompts/megaPrompts.ts(185,60): error TS1005: ',' expected.
prompts/megaPrompts.ts(185,65): error TS1005: ',' expected.
prompts/megaPrompts.ts(186,10): error TS1109: Expression expected.
prompts/megaPrompts.ts(186,11): error TS1003: Identifier expected.
prompts/megaPrompts.ts(186,12): error TS1109: Expression expected.
prompts/megaPrompts.ts(186,13): error TS1109: Expression expected.
prompts/megaPrompts.ts(186,23): error TS1005: ';' expected.
prompts/megaPrompts.ts(187,10): error TS1109: Expression expected.
prompts/megaPrompts.ts(187,11): error TS1003: Identifier expected.
prompts/megaPrompts.ts(187,12): error TS1109: Expression expected.
prompts/megaPrompts.ts(187,13): error TS1109: Expression expected.
prompts/megaPrompts.ts(187,34): error TS1005: ';' expected.
prompts/megaPrompts.ts(188,10): error TS1109: Expression expected.
prompts/megaPrompts.ts(188,11): error TS1003: Identifier expected.
prompts/megaPrompts.ts(188,12): error TS1109: Expression expected.
prompts/megaPrompts.ts(188,13): error TS1109: Expression expected.
prompts/megaPrompts.ts(188,25): error TS1005: ';' expected.
prompts/megaPrompts.ts(190,10): error TS1109: Expression expected.
prompts/megaPrompts.ts(190,11): error TS1003: Identifier expected.
prompts/megaPrompts.ts(190,12): error TS1109: Expression expected.
prompts/megaPrompts.ts(190,13): error TS1109: Expression expected.
prompts/megaPrompts.ts(190,20): error TS1005: ';' expected.
prompts/megaPrompts.ts(191,10): error TS1109: Expression expected.
prompts/megaPrompts.ts(191,11): error TS1003: Identifier expected.
prompts/megaPrompts.ts(191,12): error TS1109: Expression expected.
prompts/megaPrompts.ts(191,13): error TS1109: Expression expected.
prompts/megaPrompts.ts(191,26): error TS1005: ';' expected.
prompts/megaPrompts.ts(193,6): error TS1109: Expression expected.
prompts/megaPrompts.ts(193,11): error TS1005: ';' expected.
prompts/megaPrompts.ts(193,14): error TS1434: Unexpected keyword or identifier.
prompts/megaPrompts.ts(194,18): error TS1005: ']' expected.
prompts/megaPrompts.ts(194,22): error TS1434: Unexpected keyword or identifier.
prompts/megaPrompts.ts(194,28): error TS1434: Unexpected keyword or identifier.
prompts/megaPrompts.ts(194,37): error TS1434: Unexpected keyword or identifier.
prompts/megaPrompts.ts(194,39): error TS1434: Unexpected keyword or identifier.
prompts/megaPrompts.ts(194,49): error TS1434: Unexpected keyword or identifier.
prompts/megaPrompts.ts(194,52): error TS1434: Unexpected keyword or identifier.
prompts/megaPrompts.ts(194,62): error TS1128: Declaration or statement expected.
prompts/megaPrompts.ts(194,63): error TS1128: Declaration or statement expected.
prompts/megaPrompts.ts(194,64): error TS1128: Declaration or statement expected.
prompts/megaPrompts.ts(194,65): error TS1128: Declaration or statement expected.
prompts/megaPrompts.ts(195,12): error TS1109: Expression expected.
prompts/megaPrompts.ts(195,13): error TS1003: Identifier expected.
prompts/megaPrompts.ts(195,14): error TS1109: Expression expected.
prompts/megaPrompts.ts(195,15): error TS1109: Expression expected.
prompts/megaPrompts.ts(195,25): error TS1005: ';' expected.
prompts/megaPrompts.ts(196,1): error TS1127: Invalid character.
prompts/megaPrompts.ts(196,2): error TS1127: Invalid character.
prompts/megaPrompts.ts(196,7): error TS1127: Invalid character.
prompts/megaPrompts.ts(196,8): error TS1127: Invalid character.
prompts/megaPrompts.ts(356,4): error TS1127: Invalid character.
prompts/megaPrompts.ts(356,5): error TS1127: Invalid character.
prompts/megaPrompts.ts(356,6): error TS1134: Variable declaration expected.
prompts/megaPrompts.ts(356,10): error TS1005: ';' expected.
prompts/megaPrompts.ts(357,1): error TS1434: Unexpected keyword or identifier.
prompts/megaPrompts.ts(358,6): error TS1109: Expression expected.
prompts/megaPrompts.ts(358,12): error TS1005: ';' expected.
prompts/megaPrompts.ts(358,19): error TS1434: Unexpected keyword or identifier.
prompts/megaPrompts.ts(358,25): error TS1434: Unexpected keyword or identifier.
prompts/megaPrompts.ts(358,33): error TS1434: Unexpected keyword or identifier.
prompts/megaPrompts.ts(358,40): error TS1434: Unexpected keyword or identifier.
prompts/megaPrompts.ts(358,61): error TS1005: ';' expected.
prompts/megaPrompts.ts(358,69): error TS1434: Unexpected keyword or identifier.
prompts/megaPrompts.ts(358,72): error TS1434: Unexpected keyword or identifier.
prompts/megaPrompts.ts(358,78): error TS1434: Unexpected keyword or identifier.
prompts/megaPrompts.ts(360,5): error TS1003: Identifier expected.
prompts/megaPrompts.ts(360,6): error TS1109: Expression expected.
prompts/megaPrompts.ts(360,14): error TS1005: ';' expected.
prompts/megaPrompts.ts(360,15): error TS1005: ';' expected.
prompts/megaPrompts.ts(360,17): error TS1434: Unexpected keyword or identifier.
prompts/megaPrompts.ts(361,21): error TS1005: ']' expected.
prompts/megaPrompts.ts(361,23): error TS1434: Unexpected keyword or identifier.
prompts/megaPrompts.ts(361,29): error TS1005: ';' expected.
prompts/megaPrompts.ts(362,21): error TS1005: ']' expected.
prompts/megaPrompts.ts(362,23): error TS1434: Unexpected keyword or identifier.
prompts/megaPrompts.ts(362,29): error TS1005: ';' expected.
prompts/megaPrompts.ts(364,5): error TS1109: Expression expected.
prompts/megaPrompts.ts(364,6): error TS1109: Expression expected.
prompts/megaPrompts.ts(364,14): error TS1005: ';' expected.
prompts/megaPrompts.ts(364,15): error TS1005: ';' expected.
prompts/megaPrompts.ts(364,17): error TS1434: Unexpected keyword or identifier.
prompts/megaPrompts.ts(364,26): error TS1434: Unexpected keyword or identifier.
prompts/megaPrompts.ts(364,28): error TS1434: Unexpected keyword or identifier.
prompts/megaPrompts.ts(365,16): error TS1005: ']' expected.
prompts/megaPrompts.ts(365,19): error TS1434: Unexpected keyword or identifier.
prompts/megaPrompts.ts(365,27): error TS1128: Declaration or statement expected.
prompts/megaPrompts.ts(366,13): error TS1005: ']' expected.
prompts/megaPrompts.ts(366,15): error TS1434: Unexpected keyword or identifier.
prompts/megaPrompts.ts(366,20): error TS1434: Unexpected keyword or identifier.
prompts/megaPrompts.ts(366,23): error TS1434: Unexpected keyword or identifier.
prompts/megaPrompts.ts(366,28): error TS1128: Declaration or statement expected.
prompts/megaPrompts.ts(368,5): error TS1109: Expression expected.
prompts/megaPrompts.ts(368,6): error TS1109: Expression expected.
prompts/megaPrompts.ts(368,14): error TS1005: ';' expected.
prompts/megaPrompts.ts(368,15): error TS1005: ';' expected.
prompts/megaPrompts.ts(368,17): error TS1434: Unexpected keyword or identifier.
prompts/megaPrompts.ts(368,26): error TS1434: Unexpected keyword or identifier.
prompts/megaPrompts.ts(368,36): error TS1434: Unexpected keyword or identifier.
prompts/megaPrompts.ts(369,16): error TS1005: ']' expected.
prompts/megaPrompts.ts(369,36): error TS1005: ';' expected.
prompts/megaPrompts.ts(370,16): error TS1005: ']' expected.
prompts/megaPrompts.ts(370,33): error TS1005: ';' expected.
prompts/megaPrompts.ts(372,5): error TS1109: Expression expected.
prompts/megaPrompts.ts(372,6): error TS1109: Expression expected.
prompts/megaPrompts.ts(372,14): error TS1005: ';' expected.
prompts/megaPrompts.ts(372,15): error TS1005: ';' expected.
prompts/megaPrompts.ts(372,17): error TS1434: Unexpected keyword or identifier.
prompts/megaPrompts.ts(373,5): error TS1005: 'while' expected.
prompts/megaPrompts.ts(373,14): error TS1005: ']' expected.
prompts/megaPrompts.ts(373,31): error TS1005: ';' expected.
prompts/megaPrompts.ts(373,32): error TS1005: ';' expected.
prompts/megaPrompts.ts(374,14): error TS1005: ']' expected.
prompts/megaPrompts.ts(374,31): error TS1005: ';' expected.
prompts/megaPrompts.ts(374,32): error TS1005: ';' expected.
prompts/megaPrompts.ts(375,14): error TS1005: ']' expected.
prompts/megaPrompts.ts(375,36): error TS1005: ';' expected.
prompts/megaPrompts.ts(377,11): error TS1109: Expression expected.
prompts/megaPrompts.ts(378,11): error TS1109: Expression expected.
prompts/megaPrompts.ts(379,11): error TS1109: Expression expected.
prompts/megaPrompts.ts(379,18): error TS1005: ';' expected.
prompts/megaPrompts.ts(381,11): error TS1109: Expression expected.
prompts/megaPrompts.ts(381,17): error TS1005: ';' expected.
prompts/megaPrompts.ts(382,11): error TS1109: Expression expected.
prompts/megaPrompts.ts(382,17): error TS1005: ';' expected.
prompts/megaPrompts.ts(382,27): error TS1005: ';' expected.
prompts/megaPrompts.ts(384,10): error TS1109: Expression expected.
prompts/megaPrompts.ts(384,19): error TS1005: ';' expected.
prompts/megaPrompts.ts(385,10): error TS1109: Expression expected.
prompts/megaPrompts.ts(385,19): error TS1005: ';' expected.
prompts/megaPrompts.ts(386,10): error TS1109: Expression expected.
prompts/megaPrompts.ts(386,19): error TS1005: ';' expected.
prompts/megaPrompts.ts(388,5): error TS1435: Unknown keyword or identifier. Did you mean 'class Def'?
prompts/megaPrompts.ts(388,14): error TS1434: Unexpected keyword or identifier.
prompts/megaPrompts.ts(388,26): error TS1127: Invalid character.
prompts/megaPrompts.ts(388,27): error TS1489: Decimals with leading zeros are not allowed.
prompts/megaPrompts.ts(388,40): error TS1005: ';' expected.
prompts/megaPrompts.ts(388,41): error TS1127: Invalid character.
prompts/megaPrompts.ts(388,42): error TS1489: Decimals with leading zeros are not allowed.
prompts/megaPrompts.ts(388,61): error TS1005: ';' expected.
prompts/megaPrompts.ts(388,63): error TS1351: An identifier or keyword cannot immediately follow a numeric literal.
prompts/megaPrompts.ts(388,71): error TS1005: ';' expected.
prompts/megaPrompts.ts(389,5): error TS1435: Unknown keyword or identifier. Did you mean 'class Def'?
prompts/megaPrompts.ts(389,14): error TS1434: Unexpected keyword or identifier.
prompts/megaPrompts.ts(389,26): error TS1127: Invalid character.
prompts/megaPrompts.ts(389,27): error TS1005: ';' expected.
prompts/megaPrompts.ts(389,32): error TS1005: ';' expected.
prompts/megaPrompts.ts(389,32): error TS1351: An identifier or keyword cannot immediately follow a numeric literal.
prompts/megaPrompts.ts(389,40): error TS1005: ';' expected.
prompts/megaPrompts.ts(389,41): error TS1127: Invalid character.
prompts/megaPrompts.ts(389,42): error TS1005: ';' expected.
prompts/megaPrompts.ts(389,43): error TS1005: ';' expected.
prompts/megaPrompts.ts(389,43): error TS1351: An identifier or keyword cannot immediately follow a numeric literal.
prompts/megaPrompts.ts(389,61): error TS1005: ';' expected.
prompts/megaPrompts.ts(389,63): error TS1351: An identifier or keyword cannot immediately follow a numeric literal.
prompts/megaPrompts.ts(389,71): error TS1005: ';' expected.
prompts/megaPrompts.ts(390,5): error TS1435: Unknown keyword or identifier. Did you mean 'class Def'?
prompts/megaPrompts.ts(390,14): error TS1434: Unexpected keyword or identifier.
prompts/megaPrompts.ts(390,41): error TS1005: ';' expected.
prompts/megaPrompts.ts(390,62): error TS1005: ';' expected.
prompts/megaPrompts.ts(390,64): error TS1351: An identifier or keyword cannot immediately follow a numeric literal.
prompts/megaPrompts.ts(390,72): error TS1005: ';' expected.
prompts/megaPrompts.ts(391,5): error TS1435: Unknown keyword or identifier. Did you mean 'class Def'?
prompts/megaPrompts.ts(391,14): error TS1434: Unexpected keyword or identifier.
prompts/megaPrompts.ts(391,28): error TS1127: Invalid character.
prompts/megaPrompts.ts(391,29): error TS1005: ';' expected.
prompts/megaPrompts.ts(391,33): error TS1005: ';' expected.
prompts/megaPrompts.ts(391,33): error TS1351: An identifier or keyword cannot immediately follow a numeric literal.
prompts/megaPrompts.ts(391,42): error TS1005: ';' expected.
prompts/megaPrompts.ts(391,43): error TS1127: Invalid character.
prompts/megaPrompts.ts(391,44): error TS1005: ';' expected.
prompts/megaPrompts.ts(391,47): error TS1005: ';' expected.
prompts/megaPrompts.ts(391,47): error TS1351: An identifier or keyword cannot immediately follow a numeric literal.
prompts/megaPrompts.ts(391,63): error TS1005: ';' expected.
prompts/megaPrompts.ts(391,65): error TS1351: An identifier or keyword cannot immediately follow a numeric literal.
prompts/megaPrompts.ts(391,73): error TS1005: ';' expected.
prompts/megaPrompts.ts(393,13): error TS1005: '{' expected.
prompts/megaPrompts.ts(394,13): error TS1005: '{' expected.
prompts/megaPrompts.ts(394,14): error TS1434: Unexpected keyword or identifier.
prompts/megaPrompts.ts(395,13): error TS1005: '{' expected.
prompts/megaPrompts.ts(395,23): error TS1005: ';' expected.
prompts/megaPrompts.ts(396,13): error TS1005: '{' expected.
prompts/megaPrompts.ts(396,14): error TS1434: Unexpected keyword or identifier.
prompts/megaPrompts.ts(397,1): error TS1127: Invalid character.
prompts/megaPrompts.ts(397,2): error TS1127: Invalid character.
prompts/megaPrompts.ts(397,7): error TS1127: Invalid character.
prompts/megaPrompts.ts(397,8): error TS1127: Invalid character.
src/prompts/megaPrompts.ts(1,1): error TS1128: Declaration or statement expected.
src/prompts/megaPrompts.ts(1,2): error TS1128: Declaration or statement expected.
